2026-01-19T01:59:12.559+02:00  WARN 22544 --- [HikariPool-1 housekeeper] com.zaxxer.hikari.pool.HikariPool        : HikariPool-1 - Thread starvation or clock leap detected (housekeeper delta=7h1m35s855ms535µs400ns).
2026-01-19T03:22:18.936+02:00  WARN 22544 --- [HikariPool-1 housekeeper] com.zaxxer.hikari.pool.HikariPool        : HikariPool-1 - Thread starvation or clock leap detected (housekeeper delta=28m32s836ms934µs300ns).
2026-01-19T04:24:07.421+02:00  WARN 22544 --- [HikariPool-1 housekeeper] com.zaxxer.hikari.pool.HikariPool        : HikariPool-1 - Thread starvation or clock leap detected (housekeeper delta=58m48s338ms897µs100ns).
2026-01-19T04:32:34.244+02:00  WARN 22544 --- [HikariPool-1 housekeeper] com.zaxxer.hikari.pool.HikariPool        : HikariPool-1 - Thread starvation or clock leap detected (housekeeper delta=5m26s764ms37µs600ns).
2026-01-19T05:02:00.995+02:00  WARN 22544 --- [HikariPool-1 housekeeper] com.zaxxer.hikari.pool.HikariPool        : HikariPool-1 - Thread starvation or clock leap detected (housekeeper delta=26m56s710ms34µs).
2026-01-19T05:26:27.576+02:00  WARN 22544 --- [HikariPool-1 housekeeper] com.zaxxer.hikari.pool.HikariPool        : HikariPool-1 - Thread starvation or clock leap detected (housekeeper delta=21m26s530ms761µs800ns).
2026-01-19T05:56:35.609+02:00  WARN 22544 --- [HikariPool-1 housekeeper] com.zaxxer.hikari.pool.HikariPool        : HikariPool-1 - Thread starvation or clock leap detected (housekeeper delta=27m7s998ms507µs500ns).
2026-01-19T06:06:56.472+02:00  WARN 22544 --- [HikariPool-1 housekeeper] com.zaxxer.hikari.pool.HikariPool        : HikariPool-1 - Thread starvation or clock leap detected (housekeeper delta=3m50s740ms928µs200ns).
2026-01-19T06:30:46.315+02:00  WARN 22544 --- [HikariPool-1 housekeeper] com.zaxxer.hikari.pool.HikariPool        : HikariPool-1 - Thread starvation or clock leap detected (housekeeper delta=19m19s759ms960µs600ns).
2026-01-19T10:44:32.672+02:00  WARN 22544 --- [HikariPool-1 housekeeper] com.zaxxer.hikari.pool.HikariPool        : HikariPool-1 - Thread starvation or clock leap detected (housekeeper delta=3h49m15s913ms397µs100ns).
2026-01-19T11:21:43.665+02:00  WARN 22544 --- [HikariPool-1 housekeeper] com.zaxxer.hikari.pool.HikariPool        : HikariPool-1 - Thread starvation or clock leap detected (housekeeper delta=22m10s329ms675µs500ns).
2026-01-19T11:33:38.620+02:00  WARN 22544 --- [HikariPool-1 housekeeper] com.zaxxer.hikari.pool.HikariPool        : HikariPool-1 - Thread starvation or clock leap detected (housekeeper delta=8m54s752ms186µs600ns).
2026-01-19T11:40:50.856+02:00  WARN 22544 --- [HikariPool-1 housekeeper] com.zaxxer.hikari.pool.HikariPool        : HikariPool-1 - Thread starvation or clock leap detected (housekeeper delta=2m12s161ms498µs200ns).
2026-01-19T11:54:40.790+02:00  WARN 22544 --- [HikariPool-1 housekeeper] com.zaxxer.hikari.pool.HikariPool        : HikariPool-1 - Thread starvation or clock leap detected (housekeeper delta=2m19s667ms311µs900ns).
2026-01-19T12:06:06.702+02:00  WARN 22544 --- [HikariPool-1 housekeeper] com.zaxxer.hikari.pool.HikariPool        : HikariPool-1 - Thread starvation or clock leap detected (housekeeper delta=2m25s753ms872µs800ns).
2026-01-19T12:18:53.975+02:00  WARN 22544 --- [HikariPool-1 housekeeper] com.zaxxer.hikari.pool.HikariPool        : HikariPool-1 - Thread starvation or clock leap detected (housekeeper delta=7m17s202ms869µs600ns).
2026-01-19T12:25:20.876+02:00  WARN 22544 --- [HikariPool-1 housekeeper] com.zaxxer.hikari.pool.HikariPool        : HikariPool-1 - Thread starvation or clock leap detected (housekeeper delta=3m56s852ms774µs800ns).
2026-01-19T13:38:34.213+02:00  WARN 22544 --- [HikariPool-1 housekeeper] com.zaxxer.hikari.pool.HikariPool        : HikariPool-1 - Thread starvation or clock leap detected (housekeeper delta=1h10m13s266ms44µs400ns).
2026-01-19T13:50:45.688+02:00  WARN 22544 --- [HikariPool-1 housekeeper] com.zaxxer.hikari.pool.HikariPool        : HikariPool-1 - Thread starvation or clock leap detected (housekeeper delta=2m11s327ms467µs200ns).
2026-01-19T14:32:22.927+02:00  WARN 22544 --- [HikariPool-1 housekeeper] com.zaxxer.hikari.pool.HikariPool        : HikariPool-1 - Thread starvation or clock leap detected (housekeeper delta=26m36s656ms56µs400ns).
2026-01-19T16:38:36.616+02:00  WARN 22544 --- [HikariPool-1 housekeeper] com.zaxxer.hikari.pool.HikariPool        : HikariPool-1 - Thread starvation or clock leap detected (housekeeper delta=1h59m43s239ms35µs300ns).
2026-01-19T16:46:21.722+02:00  WARN 22544 --- [HikariPool-1 housekeeper] com.zaxxer.hikari.pool.HikariPool        : HikariPool-1 - Thread starvation or clock leap detected (housekeeper delta=1m14s996ms273µs).
2026-01-19T16:46:31.191+02:00 DEBUG 22544 --- [http-nio-710-exec-6] org.hibernate.SQL                        : SELECT id FROM tenants WHERE code = ?
2026-01-19T16:46:31.617+02:00 DEBUG 22544 --- [http-nio-710-exec-6] c.o.a.s.tenant.TenantFilterAspect        : 🛡️ [TenantFilterAspect] Enforced Filter for TenantID: 4
2026-01-19T16:46:32.458+02:00 DEBUG 22544 --- [http-nio-710-exec-6] org.hibernate.SQL                        : select u1_0.id,u1_0.email,u1_0.enabled,u1_0.first_name,u1_0.last_login_time,u1_0.last_name,u1_0.password,u1_0.photos,u1_0.tenant_id,u1_0.user_bio from `'user'` u1_0 where u1_0.email=?
2026-01-19T16:46:32.617+02:00 DEBUG 22544 --- [http-nio-710-exec-6] org.hibernate.SQL                        : select r1_0.user_id,r1_1.id,r1_1.all_parent_ids,r1_1.descrption,r1_1.name,r1_1.parent_id from user_roles r1_0 join role r1_1 on r1_1.id=r1_0.role_id where r1_0.user_id=?
2026-01-19T16:46:33.042+02:00 DEBUG 22544 --- [http-nio-710-exec-6] org.hibernate.SQL                        : select u1_0.id,u1_0.email,u1_0.enabled,u1_0.first_name,u1_0.last_login_time,u1_0.last_name,u1_0.password,u1_0.photos,r1_0.user_id,r1_1.id,r1_1.all_parent_ids,r1_1.descrption,r1_1.name,r1_1.parent_id,u1_0.tenant_id,u1_0.user_bio from `'user'` u1_0 left join (user_roles r1_0 join role r1_1 on r1_1.id=r1_0.role_id) on u1_0.id=r1_0.user_id where u1_0.id=?
2026-01-19T16:46:33.229+02:00 DEBUG 22544 --- [http-nio-710-exec-6] org.hibernate.SQL                        : update `'user'` set email=?,enabled=?,first_name=?,last_login_time=?,last_name=?,password=?,photos=?,user_bio=? where id=?
2026-01-19T16:46:36.900+02:00 DEBUG 22544 --- [http-nio-710-exec-9] org.hibernate.SQL                        : SELECT id FROM tenants WHERE code = ?
2026-01-19T16:46:36.901+02:00 DEBUG 22544 --- [http-nio-710-exec-10] org.hibernate.SQL                        : SELECT id FROM tenants WHERE code = ?
2026-01-19T16:46:36.918+02:00 DEBUG 22544 --- [http-nio-710-exec-1] org.hibernate.SQL                        : SELECT id FROM tenants WHERE code = ?
2026-01-19T16:46:38.358+02:00 DEBUG 22544 --- [http-nio-710-exec-3] org.hibernate.SQL                        : SELECT id FROM tenants WHERE code = ?
2026-01-19T16:46:38.387+02:00 DEBUG 22544 --- [http-nio-710-exec-2] org.hibernate.SQL                        : SELECT id FROM tenants WHERE code = ?
2026-01-19T16:46:38.535+02:00 DEBUG 22544 --- [http-nio-710-exec-4] org.hibernate.SQL                        : SELECT id FROM tenants WHERE code = ?
2026-01-19T16:46:38.972+02:00 DEBUG 22544 --- [http-nio-710-exec-5] org.hibernate.SQL                        : SELECT id FROM tenants WHERE code = ?
2026-01-19T16:46:39.013+02:00 DEBUG 22544 --- [http-nio-710-exec-7] org.hibernate.SQL                        : SELECT id FROM tenants WHERE code = ?
2026-01-19T16:46:39.096+02:00 DEBUG 22544 --- [http-nio-710-exec-6] org.hibernate.SQL                        : SELECT id FROM tenants WHERE code = ?
2026-01-19T16:46:39.103+02:00 DEBUG 22544 --- [http-nio-710-exec-8] org.hibernate.SQL                        : SELECT id FROM tenants WHERE code = ?
2026-01-19T16:46:39.103+02:00 DEBUG 22544 --- [http-nio-710-exec-1] org.hibernate.SQL                        : SELECT id FROM tenants WHERE code = ?
2026-01-19T16:46:39.264+02:00 DEBUG 22544 --- [http-nio-710-exec-6] org.hibernate.SQL                        : SELECT id FROM tenants WHERE code = ?
2026-01-19T16:46:39.435+02:00 DEBUG 22544 --- [http-nio-710-exec-5] c.o.a.s.tenant.TenantFilterAspect        : 🛡️ [TenantFilterAspect] Enforced Filter for TenantID: 4
2026-01-19T16:46:39.603+02:00 DEBUG 22544 --- [http-nio-710-exec-9] org.hibernate.SQL                        : SELECT id FROM tenants WHERE code = ?
2026-01-19T16:46:40.210+02:00 DEBUG 22544 --- [http-nio-710-exec-5] org.hibernate.SQL                        : select s1_0.id,s1_0.category,s1_0.`key`,s1_0.tenant_id,s1_0.value from settings s1_0 where (s1_0.tenant_id = ? or s1_0.tenant_id = 0 or s1_0.tenant_id is null) and s1_0.tenant_id = ? and s1_0.category=?
2026-01-19T16:46:40.366+02:00 DEBUG 22544 --- [http-nio-710-exec-10] org.hibernate.SQL                        : SELECT id FROM tenants WHERE code = ?
2026-01-19T16:46:51.855+02:00 DEBUG 22544 --- [http-nio-710-exec-6] org.hibernate.SQL                        : SELECT id FROM tenants WHERE code = ?
2026-01-19T16:47:32.399+02:00  INFO 30520 --- [main] c.o.admin.WebBackEndApplication          : Starting WebBackEndApplication using Java 19.0.1 with PID 30520 (E:\onlineStore_Active\webParent\WebBackEnd\target\classes started by enoam in E:\onlineStore_Active\webParent\WebBackEnd)
2026-01-19T16:47:32.402+02:00  INFO 30520 --- [main] c.o.admin.WebBackEndApplication          : No active profile set, falling back to 1 default profile: "default"
2026-01-19T16:47:43.358+02:00  INFO 30520 --- [main] .s.d.r.c.RepositoryConfigurationDelegate : Bootstrapping Spring Data JPA repositories in DEFAULT mode.
2026-01-19T16:47:43.571+02:00  INFO 30520 --- [main] .s.d.r.c.RepositoryConfigurationDelegate : Finished Spring Data repository scanning in 199 ms. Found 24 JPA repository interfaces.
2026-01-19T16:47:45.535+02:00  INFO 30520 --- [main] o.s.b.w.embedded.tomcat.TomcatWebServer  : Tomcat initialized with port(s): 710 (http)
2026-01-19T16:47:45.551+02:00  INFO 30520 --- [main] o.apache.catalina.core.StandardService   : Starting service [Tomcat]
2026-01-19T16:47:45.551+02:00  INFO 30520 --- [main] o.apache.catalina.core.StandardEngine    : Starting Servlet engine: [Apache Tomcat/10.1.13]
2026-01-19T16:47:45.746+02:00  INFO 30520 --- [main] o.a.c.c.C.[Tomcat].[localhost].[/]       : Initializing Spring embedded WebApplicationContext
2026-01-19T16:47:45.747+02:00  INFO 30520 --- [main] w.s.c.ServletWebServerApplicationContext : Root WebApplicationContext: initialization completed in 13267 ms
2026-01-19T16:47:45.982+02:00  INFO 30520 --- [main] o.hibernate.jpa.internal.util.LogHelper  : HHH000204: Processing PersistenceUnitInfo [name: default]
2026-01-19T16:47:46.104+02:00  INFO 30520 --- [main] org.hibernate.Version                    : HHH000412: Hibernate ORM core version 6.2.9.Final
2026-01-19T16:47:46.109+02:00  INFO 30520 --- [main] org.hibernate.cfg.Environment            : HHH000406: Using bytecode reflection optimizer
2026-01-19T16:47:46.465+02:00  INFO 30520 --- [main] o.h.b.i.BytecodeProviderInitiator        : HHH000021: Bytecode provider name : bytebuddy
2026-01-19T16:47:46.916+02:00  INFO 30520 --- [main] o.s.o.j.p.SpringPersistenceUnitInfo      : No LoadTimeWeaver setup: ignoring JPA class transformer
2026-01-19T16:47:46.952+02:00  INFO 30520 --- [main] com.zaxxer.hikari.HikariDataSource       : HikariPool-1 - Starting...
2026-01-19T16:47:47.609+02:00  INFO 30520 --- [main] com.zaxxer.hikari.pool.HikariPool        : HikariPool-1 - Added connection com.mysql.cj.jdbc.ConnectionImpl@54ca9420
2026-01-19T16:47:47.612+02:00  INFO 30520 --- [main] com.zaxxer.hikari.HikariDataSource       : HikariPool-1 - Start completed.
2026-01-19T16:47:48.507+02:00  INFO 30520 --- [main] o.h.b.i.BytecodeProviderInitiator        : HHH000021: Bytecode provider name : bytebuddy
2026-01-19T16:47:51.116+02:00  INFO 30520 --- [main] o.h.e.t.j.p.i.JtaPlatformInitiator       : HHH000490: Using JtaPlatform implementation: [org.hibernate.engine.transaction.jta.platform.internal.NoJtaPlatform]
2026-01-19T16:47:52.228+02:00  INFO 30520 --- [main] j.LocalContainerEntityManagerFactoryBean : Initialized JPA EntityManagerFactory for persistence unit 'default'
2026-01-19T16:47:52.487+02:00  INFO 30520 --- [main] o.s.boot.web.servlet.RegistrationBean    : Filter tenantFilterRegistration was not registered (disabled)
2026-01-19T16:47:52.487+02:00  INFO 30520 --- [main] o.s.boot.web.servlet.RegistrationBean    : Filter tenantContextFilterRegistration was not registered (disabled)
2026-01-19T16:47:53.135+02:00  INFO 30520 --- [main] o.s.d.j.r.query.QueryEnhancerFactory     : Hibernate is in classpath; If applicable, HQL parser will be used.
2026-01-19T16:47:56.139+02:00 DEBUG 22544 --- [http-nio-710-exec-5] org.hibernate.SQL                        : SELECT id FROM tenants WHERE code = ?
2026-01-19T16:47:57.046+02:00 DEBUG 22544 --- [http-nio-710-exec-7] org.hibernate.SQL                        : SELECT id FROM tenants WHERE code = ?
2026-01-19T16:47:57.046+02:00 DEBUG 22544 --- [http-nio-710-exec-8] org.hibernate.SQL                        : SELECT id FROM tenants WHERE code = ?
2026-01-19T16:47:57.047+02:00 DEBUG 22544 --- [http-nio-710-exec-3] org.hibernate.SQL                        : SELECT id FROM tenants WHERE code = ?
2026-01-19T16:47:57.059+02:00 DEBUG 22544 --- [http-nio-710-exec-4] org.hibernate.SQL                        : SELECT id FROM tenants WHERE code = ?
2026-01-19T16:47:57.075+02:00 DEBUG 22544 --- [http-nio-710-exec-10] org.hibernate.SQL                        : SELECT id FROM tenants WHERE code = ?
2026-01-19T16:47:57.078+02:00 DEBUG 22544 --- [http-nio-710-exec-1] org.hibernate.SQL                        : SELECT id FROM tenants WHERE code = ?
2026-01-19T16:47:57.145+02:00 DEBUG 22544 --- [http-nio-710-exec-10] org.hibernate.SQL                        : SELECT id FROM tenants WHERE code = ?
2026-01-19T16:47:57.153+02:00 DEBUG 22544 --- [http-nio-710-exec-7] org.hibernate.SQL                        : SELECT id FROM tenants WHERE code = ?
2026-01-19T16:47:57.190+02:00 DEBUG 22544 --- [http-nio-710-exec-10] c.o.a.s.tenant.TenantFilterAspect        : 🛡️ [TenantFilterAspect] Enforced Filter for TenantID: 4
2026-01-19T16:47:57.197+02:00 DEBUG 22544 --- [http-nio-710-exec-3] org.hibernate.SQL                        : SELECT id FROM tenants WHERE code = ?
2026-01-19T16:47:57.204+02:00 DEBUG 22544 --- [http-nio-710-exec-10] org.hibernate.SQL                        : select s1_0.id,s1_0.category,s1_0.`key`,s1_0.tenant_id,s1_0.value from settings s1_0 where (s1_0.tenant_id = ? or s1_0.tenant_id = 0 or s1_0.tenant_id is null) and s1_0.tenant_id = ? and s1_0.category=?
2026-01-19T16:47:57.242+02:00 DEBUG 22544 --- [http-nio-710-exec-1] org.hibernate.SQL                        : SELECT id FROM tenants WHERE code = ?
2026-01-19T16:47:57.245+02:00 DEBUG 22544 --- [http-nio-710-exec-10] org.hibernate.SQL                        : SELECT id FROM tenants WHERE code = ?
2026-01-19T16:47:58.181+02:00 DEBUG 22544 --- [http-nio-710-exec-6] org.hibernate.SQL                        : SELECT id FROM tenants WHERE code = ?
2026-01-19T16:47:58.186+02:00 DEBUG 22544 --- [http-nio-710-exec-2] org.hibernate.SQL                        : SELECT id FROM tenants WHERE code = ?
2026-01-19T16:47:58.233+02:00 DEBUG 22544 --- [http-nio-710-exec-9] org.hibernate.SQL                        : SELECT id FROM tenants WHERE code = ?
2026-01-19T16:47:58.475+02:00  INFO 30520 --- [main] c.o.a.g.watchdog.FileSystemMonitor       : Watchdog: Registered monitor for tenants
2026-01-19T16:47:58.477+02:00  INFO 30520 --- [main] c.o.a.g.watchdog.FileSystemMonitor       : Watchdog: Registered monitor for .
2026-01-19T16:47:58.479+02:00  INFO 30520 --- [Architecture-Watchdog-Thread] c.o.a.g.watchdog.FileSystemMonitor       : Watchdog: FileSystemMonitor thread started.
2026-01-19T16:47:58.831+02:00 DEBUG 22544 --- [http-nio-710-exec-5] org.hibernate.SQL                        : SELECT id FROM tenants WHERE code = ?
2026-01-19T16:47:59.239+02:00 DEBUG 22544 --- [http-nio-710-exec-5] c.o.a.s.tenant.TenantFilterAspect        : 🛡️ [TenantFilterAspect] Enforced Filter for TenantID: 4
2026-01-19T16:47:59.401+02:00 DEBUG 22544 --- [http-nio-710-exec-5] org.hibernate.SQL                        : select u1_0.id,u1_0.email,u1_0.enabled,u1_0.first_name,u1_0.last_login_time,u1_0.last_name,u1_0.password,u1_0.photos,u1_0.tenant_id,u1_0.user_bio from `'user'` u1_0 where u1_0.tenant_id = ? and u1_0.tenant_id = ? and concat(u1_0.id,' ',u1_0.email,' ',u1_0.first_name,' ',u1_0.last_name) like ? escape '' order by u1_0.id limit ?,?
2026-01-19T16:47:59.409+02:00 DEBUG 22544 --- [http-nio-710-exec-5] org.hibernate.SQL                        : select r1_0.user_id,r1_1.id,r1_1.all_parent_ids,r1_1.descrption,r1_1.name,r1_1.parent_id from user_roles r1_0 join role r1_1 on r1_1.id=r1_0.role_id where r1_0.user_id=?
2026-01-19T16:48:00.067+02:00 DEBUG 22544 --- [http-nio-710-exec-3] org.hibernate.SQL                        : SELECT id FROM tenants WHERE code = ?
2026-01-19T16:48:00.139+02:00  WARN 22544 --- [http-nio-710-exec-5] o.h.c.spi.AbstractPersistentCollection   : HHH000506: Detaching an uninitialized collection with enabled filters from a session: [com.onlineStoreCom.entity.users.Role.children#1]
2026-01-19T16:48:03.409+02:00  WARN 30520 --- [main] JpaBaseConfiguration$JpaWebConfiguration : spring.jpa.open-in-view is enabled by default. Therefore, database queries may be performed during view rendering. Explicitly configure spring.jpa.open-in-view to disable this warning
2026-01-19T16:48:06.373+02:00  INFO 30520 --- [main] o.s.b.a.e.web.EndpointLinksResolver      : Exposing 5 endpoint(s) beneath base path '/actuator'
2026-01-19T16:48:06.601+02:00  INFO 30520 --- [main] o.s.s.web.DefaultSecurityFilterChain     : Will secure any request with [org.springframework.security.web.session.DisableEncodeUrlFilter@388f2bca, org.springframework.security.web.context.request.async.WebAsyncManagerIntegrationFilter@4f21e216, org.springframework.security.web.context.SecurityContextHolderFilter@3a3bd68c, org.springframework.security.web.header.HeaderWriterFilter@2eff4e88, org.springframework.security.web.csrf.CsrfFilter@6b629dff, org.springframework.security.web.authentication.logout.LogoutFilter@32fd55a6, org.springframework.security.web.authentication.UsernamePasswordAuthenticationFilter@4d6757ca, com.onlineStoreCom.security.tenant.TenantContextFilter@4540aade, org.springframework.security.web.savedrequest.RequestCacheAwareFilter@329181d1, org.springframework.security.web.servletapi.SecurityContextHolderAwareRequestFilter@69d18bf0, org.springframework.security.web.authentication.rememberme.RememberMeAuthenticationFilter@2e2d04d7, org.springframework.security.web.authentication.AnonymousAuthenticationFilter@5b83e954, org.springframework.security.web.access.ExceptionTranslationFilter@218e188e, org.springframework.security.web.access.intercept.AuthorizationFilter@27463e56]
2026-01-19T16:48:08.003+02:00  WARN 30520 --- [main] ConfigServletWebServerApplicationContext : Exception encountered during context initialization - cancelling refresh attempt: org.springframework.context.ApplicationContextException: Failed to start bean 'webServerStartStop'
2026-01-19T16:48:08.035+02:00  INFO 30520 --- [main] j.LocalContainerEntityManagerFactoryBean : Closing JPA EntityManagerFactory for persistence unit 'default'
2026-01-19T16:48:08.040+02:00  INFO 30520 --- [main] com.zaxxer.hikari.HikariDataSource       : HikariPool-1 - Shutdown initiated...
2026-01-19T16:48:08.052+02:00  INFO 30520 --- [main] com.zaxxer.hikari.HikariDataSource       : HikariPool-1 - Shutdown completed.
2026-01-19T16:48:08.054+02:00  INFO 30520 --- [main] o.apache.catalina.core.StandardService   : Stopping service [Tomcat]
2026-01-19T16:48:08.089+02:00  INFO 30520 --- [main] .s.b.a.l.ConditionEvaluationReportLogger : 

Error starting ApplicationContext. To display the condition evaluation report re-run your application with 'debug' enabled.
2026-01-19T16:48:08.142+02:00 ERROR 30520 --- [main] o.s.b.d.LoggingFailureAnalysisReporter   : 

***************************
APPLICATION FAILED TO START
***************************

Description:

Web server failed to start. Port 710 was already in use.

Action:

Identify and stop the process that's listening on port 710 or configure this application to listen on another port.

2026-01-19T16:48:12.110+02:00 DEBUG 22544 --- [http-nio-710-exec-1] c.o.a.s.tenant.TenantFilterAspect        : ⚠️ [TenantFilterAspect] Service execution without TenantID
2026-01-19T16:48:12.114+02:00 DEBUG 22544 --- [http-nio-710-exec-1] org.hibernate.SQL                        : select u1_0.id,u1_0.email,u1_0.enabled,u1_0.first_name,u1_0.last_login_time,u1_0.last_name,u1_0.password,u1_0.photos,u1_0.tenant_id,u1_0.user_bio from `'user'` u1_0 where u1_0.email=?
2026-01-19T16:48:12.123+02:00 DEBUG 22544 --- [http-nio-710-exec-1] org.hibernate.SQL                        : select r1_0.user_id,r1_1.id,r1_1.all_parent_ids,r1_1.descrption,r1_1.name,r1_1.parent_id from user_roles r1_0 join role r1_1 on r1_1.id=r1_0.role_id where r1_0.user_id=?
2026-01-19T16:48:12.364+02:00 DEBUG 22544 --- [http-nio-710-exec-1] org.hibernate.SQL                        : select u1_0.id,u1_0.email,u1_0.enabled,u1_0.first_name,u1_0.last_login_time,u1_0.last_name,u1_0.password,u1_0.photos,r1_0.user_id,r1_1.id,r1_1.all_parent_ids,r1_1.descrption,r1_1.name,r1_1.parent_id,u1_0.tenant_id,u1_0.user_bio from `'user'` u1_0 left join (user_roles r1_0 join role r1_1 on r1_1.id=r1_0.role_id) on u1_0.id=r1_0.user_id where u1_0.id=?
2026-01-19T16:48:12.374+02:00 DEBUG 22544 --- [http-nio-710-exec-1] org.hibernate.SQL                        : update `'user'` set email=?,enabled=?,first_name=?,last_login_time=?,last_name=?,password=?,photos=?,user_bio=? where id=?
2026-01-19T16:48:13.090+02:00 DEBUG 22544 --- [http-nio-710-exec-7] org.hibernate.SQL                        : SELECT id FROM tenants WHERE code = ?
2026-01-19T16:48:13.185+02:00 DEBUG 22544 --- [http-nio-710-exec-7] c.o.a.s.tenant.TenantFilterAspect        : 🛡️ [TenantFilterAspect] Enforced Filter for TenantID: 4
2026-01-19T16:48:13.199+02:00 DEBUG 22544 --- [http-nio-710-exec-6] c.o.a.s.tenant.TenantFilterAspect        : 🛡️ [TenantFilterAspect] Enforced Filter for TenantID: 4
2026-01-19T16:48:13.217+02:00 DEBUG 22544 --- [http-nio-710-exec-7] org.hibernate.SQL                        : select u1_0.id,u1_0.email,u1_0.enabled,u1_0.first_name,u1_0.last_login_time,u1_0.last_name,u1_0.password,u1_0.photos,u1_0.tenant_id,u1_0.user_bio from `'user'` u1_0 where u1_0.tenant_id = ? and u1_0.tenant_id = ? order by u1_0.first_name limit ?,?
2026-01-19T16:48:13.220+02:00 DEBUG 22544 --- [http-nio-710-exec-6] org.hibernate.SQL                        : select u1_0.id,u1_0.email,u1_0.enabled,u1_0.first_name,u1_0.last_login_time,u1_0.last_name,u1_0.password,u1_0.photos,u1_0.tenant_id,u1_0.user_bio from `'user'` u1_0 where u1_0.tenant_id = ? and u1_0.tenant_id = ? order by u1_0.first_name limit ?,?
2026-01-19T16:48:13.227+02:00 DEBUG 22544 --- [http-nio-710-exec-7] org.hibernate.SQL                        : select r1_0.user_id,r1_1.id,r1_1.all_parent_ids,r1_1.descrption,r1_1.name,r1_1.parent_id from user_roles r1_0 join role r1_1 on r1_1.id=r1_0.role_id where r1_0.user_id=?
2026-01-19T16:48:13.232+02:00 DEBUG 22544 --- [http-nio-710-exec-6] org.hibernate.SQL                        : select r1_0.user_id,r1_1.id,r1_1.all_parent_ids,r1_1.descrption,r1_1.name,r1_1.parent_id from user_roles r1_0 join role r1_1 on r1_1.id=r1_0.role_id where r1_0.user_id=?
2026-01-19T16:48:13.237+02:00 DEBUG 22544 --- [http-nio-710-exec-7] org.hibernate.SQL                        : select r1_0.user_id,r1_1.id,r1_1.all_parent_ids,r1_1.descrption,r1_1.name,r1_1.parent_id from user_roles r1_0 join role r1_1 on r1_1.id=r1_0.role_id where r1_0.user_id=?
2026-01-19T16:48:13.241+02:00 DEBUG 22544 --- [http-nio-710-exec-7] org.hibernate.SQL                        : select r1_0.user_id,r1_1.id,r1_1.all_parent_ids,r1_1.descrption,r1_1.name,r1_1.parent_id from user_roles r1_0 join role r1_1 on r1_1.id=r1_0.role_id where r1_0.user_id=?
2026-01-19T16:48:13.241+02:00 DEBUG 22544 --- [http-nio-710-exec-6] org.hibernate.SQL                        : select r1_0.user_id,r1_1.id,r1_1.all_parent_ids,r1_1.descrption,r1_1.name,r1_1.parent_id from user_roles r1_0 join role r1_1 on r1_1.id=r1_0.role_id where r1_0.user_id=?
2026-01-19T16:48:13.244+02:00 DEBUG 22544 --- [http-nio-710-exec-6] org.hibernate.SQL                        : select r1_0.user_id,r1_1.id,r1_1.all_parent_ids,r1_1.descrption,r1_1.name,r1_1.parent_id from user_roles r1_0 join role r1_1 on r1_1.id=r1_0.role_id where r1_0.user_id=?
2026-01-19T16:48:13.244+02:00 DEBUG 22544 --- [http-nio-710-exec-7] org.hibernate.SQL                        : select r1_0.user_id,r1_1.id,r1_1.all_parent_ids,r1_1.descrption,r1_1.name,r1_1.parent_id from user_roles r1_0 join role r1_1 on r1_1.id=r1_0.role_id where r1_0.user_id=?
2026-01-19T16:48:13.247+02:00 DEBUG 22544 --- [http-nio-710-exec-6] org.hibernate.SQL                        : select r1_0.user_id,r1_1.id,r1_1.all_parent_ids,r1_1.descrption,r1_1.name,r1_1.parent_id from user_roles r1_0 join role r1_1 on r1_1.id=r1_0.role_id where r1_0.user_id=?
2026-01-19T16:48:13.249+02:00 DEBUG 22544 --- [http-nio-710-exec-7] org.hibernate.SQL                        : select r1_0.user_id,r1_1.id,r1_1.all_parent_ids,r1_1.descrption,r1_1.name,r1_1.parent_id from user_roles r1_0 join role r1_1 on r1_1.id=r1_0.role_id where r1_0.user_id=?
2026-01-19T16:48:13.250+02:00 DEBUG 22544 --- [http-nio-710-exec-6] org.hibernate.SQL                        : select r1_0.user_id,r1_1.id,r1_1.all_parent_ids,r1_1.descrption,r1_1.name,r1_1.parent_id from user_roles r1_0 join role r1_1 on r1_1.id=r1_0.role_id where r1_0.user_id=?
2026-01-19T16:48:13.257+02:00 DEBUG 22544 --- [http-nio-710-exec-7] org.hibernate.SQL                        : select count(u1_0.id) from `'user'` u1_0 where u1_0.tenant_id = ? and u1_0.tenant_id = ?
2026-01-19T16:48:13.260+02:00 DEBUG 22544 --- [http-nio-710-exec-6] org.hibernate.SQL                        : select count(u1_0.id) from `'user'` u1_0 where u1_0.tenant_id = ? and u1_0.tenant_id = ?
2026-01-19T16:48:13.750+02:00 DEBUG 22544 --- [http-nio-710-exec-8] org.hibernate.SQL                        : SELECT id FROM tenants WHERE code = ?
2026-01-19T16:48:13.760+02:00 DEBUG 22544 --- [http-nio-710-exec-1] org.hibernate.SQL                        : SELECT id FROM tenants WHERE code = ?
2026-01-19T16:48:13.771+02:00 DEBUG 22544 --- [http-nio-710-exec-2] org.hibernate.SQL                        : SELECT id FROM tenants WHERE code = ?
2026-01-19T16:48:13.774+02:00 DEBUG 22544 --- [http-nio-710-exec-10] org.hibernate.SQL                        : SELECT id FROM tenants WHERE code = ?
2026-01-19T16:48:13.780+02:00 DEBUG 22544 --- [http-nio-710-exec-4] org.hibernate.SQL                        : SELECT id FROM tenants WHERE code = ?
2026-01-19T16:48:13.811+02:00 DEBUG 22544 --- [http-nio-710-exec-2] org.hibernate.SQL                        : SELECT id FROM tenants WHERE code = ?
2026-01-19T16:48:13.843+02:00 DEBUG 22544 --- [http-nio-710-exec-2] org.hibernate.SQL                        : SELECT id FROM tenants WHERE code = ?
2026-01-19T16:48:13.853+02:00 DEBUG 22544 --- [http-nio-710-exec-2] c.o.a.s.tenant.TenantFilterAspect        : 🛡️ [TenantFilterAspect] Enforced Filter for TenantID: 4
2026-01-19T16:48:13.857+02:00 DEBUG 22544 --- [http-nio-710-exec-10] org.hibernate.SQL                        : SELECT id FROM tenants WHERE code = ?
2026-01-19T16:48:13.891+02:00 DEBUG 22544 --- [http-nio-710-exec-2] org.hibernate.SQL                        : select s1_0.id,s1_0.category,s1_0.`key`,s1_0.tenant_id,s1_0.value from settings s1_0 where (s1_0.tenant_id = ? or s1_0.tenant_id = 0 or s1_0.tenant_id is null) and s1_0.tenant_id = ? and s1_0.category=?
2026-01-19T16:48:13.906+02:00 DEBUG 22544 --- [http-nio-710-exec-8] org.hibernate.SQL                        : SELECT id FROM tenants WHERE code = ?
2026-01-19T16:48:13.921+02:00 DEBUG 22544 --- [http-nio-710-exec-4] org.hibernate.SQL                        : SELECT id FROM tenants WHERE code = ?
2026-01-19T16:48:14.021+02:00 DEBUG 22544 --- [http-nio-710-exec-2] c.o.a.s.tenant.TenantFilterAspect        : 🛡️ [TenantFilterAspect] Enforced Filter for TenantID: 4
2026-01-19T16:48:14.027+02:00 DEBUG 22544 --- [http-nio-710-exec-2] org.hibernate.SQL                        : select s1_0.id,s1_0.category,s1_0.`key`,s1_0.tenant_id,s1_0.value from settings s1_0 where (s1_0.tenant_id = ? or s1_0.tenant_id = 0 or s1_0.tenant_id is null) and s1_0.tenant_id = ? and s1_0.category=?
2026-01-19T16:48:14.107+02:00  WARN 22544 --- [http-nio-710-exec-7] o.h.c.spi.AbstractPersistentCollection   : HHH000506: Detaching an uninitialized collection with enabled filters from a session: [com.onlineStoreCom.entity.users.Role.children#5]
2026-01-19T16:48:14.107+02:00  WARN 22544 --- [http-nio-710-exec-7] o.h.c.spi.AbstractPersistentCollection   : HHH000506: Detaching an uninitialized collection with enabled filters from a session: [com.onlineStoreCom.entity.users.Role.children#1]
2026-01-19T16:48:14.107+02:00  WARN 22544 --- [http-nio-710-exec-7] o.h.c.spi.AbstractPersistentCollection   : HHH000506: Detaching an uninitialized collection with enabled filters from a session: [com.onlineStoreCom.entity.users.Role.children#3]
2026-01-19T16:48:14.107+02:00  WARN 22544 --- [http-nio-710-exec-7] o.h.c.spi.AbstractPersistentCollection   : HHH000506: Detaching an uninitialized collection with enabled filters from a session: [com.onlineStoreCom.entity.users.Role.children#4]
2026-01-19T16:48:14.136+02:00  WARN 22544 --- [http-nio-710-exec-6] o.h.c.spi.AbstractPersistentCollection   : HHH000506: Detaching an uninitialized collection with enabled filters from a session: [com.onlineStoreCom.entity.users.Role.children#5]
2026-01-19T16:48:14.142+02:00  WARN 22544 --- [http-nio-710-exec-6] o.h.c.spi.AbstractPersistentCollection   : HHH000506: Detaching an uninitialized collection with enabled filters from a session: [com.onlineStoreCom.entity.users.Role.children#1]
2026-01-19T16:48:14.142+02:00  WARN 22544 --- [http-nio-710-exec-6] o.h.c.spi.AbstractPersistentCollection   : HHH000506: Detaching an uninitialized collection with enabled filters from a session: [com.onlineStoreCom.entity.users.Role.children#3]
2026-01-19T16:48:14.142+02:00  WARN 22544 --- [http-nio-710-exec-6] o.h.c.spi.AbstractPersistentCollection   : HHH000506: Detaching an uninitialized collection with enabled filters from a session: [com.onlineStoreCom.entity.users.Role.children#4]
2026-01-19T16:48:14.545+02:00 DEBUG 22544 --- [http-nio-710-exec-6] org.hibernate.SQL                        : SELECT id FROM tenants WHERE code = ?
2026-01-19T16:48:14.545+02:00 DEBUG 22544 --- [http-nio-710-exec-7] org.hibernate.SQL                        : SELECT id FROM tenants WHERE code = ?
2026-01-19T16:48:14.545+02:00 DEBUG 22544 --- [http-nio-710-exec-9] org.hibernate.SQL                        : SELECT id FROM tenants WHERE code = ?
2026-01-19T16:48:14.547+02:00 DEBUG 22544 --- [http-nio-710-exec-2] org.hibernate.SQL                        : SELECT id FROM tenants WHERE code = ?
2026-01-19T16:48:14.551+02:00 DEBUG 22544 --- [http-nio-710-exec-1] org.hibernate.SQL                        : SELECT id FROM tenants WHERE code = ?
2026-01-19T16:48:14.556+02:00 DEBUG 22544 --- [http-nio-710-exec-4] org.hibernate.SQL                        : SELECT id FROM tenants WHERE code = ?
2026-01-19T16:48:14.562+02:00 DEBUG 22544 --- [http-nio-710-exec-10] org.hibernate.SQL                        : SELECT id FROM tenants WHERE code = ?
2026-01-19T16:48:14.599+02:00 DEBUG 22544 --- [http-nio-710-exec-3] org.hibernate.SQL                        : SELECT id FROM tenants WHERE code = ?
2026-01-19T16:48:30.931+02:00 DEBUG 22544 --- [http-nio-710-exec-1] org.hibernate.SQL                        : SELECT id FROM tenants WHERE code = ?
2026-01-19T16:48:30.945+02:00 DEBUG 22544 --- [http-nio-710-exec-1] c.o.a.s.tenant.TenantFilterAspect        : 🛡️ [TenantFilterAspect] Enforced Filter for TenantID: 4
2026-01-19T16:48:30.949+02:00 DEBUG 22544 --- [http-nio-710-exec-1] org.hibernate.SQL                        : select u1_0.id,u1_0.email,u1_0.enabled,u1_0.first_name,u1_0.last_login_time,u1_0.last_name,u1_0.password,u1_0.photos,u1_0.tenant_id,u1_0.user_bio from `'user'` u1_0 where u1_0.tenant_id = ? and u1_0.tenant_id = ? and concat(u1_0.id,' ',u1_0.email,' ',u1_0.first_name,' ',u1_0.last_name) like ? escape '' order by u1_0.id limit ?,?
2026-01-19T16:48:30.953+02:00 DEBUG 22544 --- [http-nio-710-exec-1] org.hibernate.SQL                        : select r1_0.user_id,r1_1.id,r1_1.all_parent_ids,r1_1.descrption,r1_1.name,r1_1.parent_id from user_roles r1_0 join role r1_1 on r1_1.id=r1_0.role_id where r1_0.user_id=?
2026-01-19T16:48:31.254+02:00  WARN 22544 --- [http-nio-710-exec-1] o.h.c.spi.AbstractPersistentCollection   : HHH000506: Detaching an uninitialized collection with enabled filters from a session: [com.onlineStoreCom.entity.users.Role.children#1]
2026-01-19T16:48:31.270+02:00 DEBUG 22544 --- [http-nio-710-exec-9] org.hibernate.SQL                        : SELECT id FROM tenants WHERE code = ?
2026-01-19T16:48:31.272+02:00 DEBUG 22544 --- [http-nio-710-exec-6] org.hibernate.SQL                        : SELECT id FROM tenants WHERE code = ?
2026-01-19T16:48:31.277+02:00 DEBUG 22544 --- [http-nio-710-exec-5] org.hibernate.SQL                        : SELECT id FROM tenants WHERE code = ?
2026-01-19T16:48:31.278+02:00 DEBUG 22544 --- [http-nio-710-exec-4] org.hibernate.SQL                        : SELECT id FROM tenants WHERE code = ?
2026-01-19T16:48:31.278+02:00 DEBUG 22544 --- [http-nio-710-exec-3] org.hibernate.SQL                        : SELECT id FROM tenants WHERE code = ?
2026-01-19T16:48:31.279+02:00 DEBUG 22544 --- [http-nio-710-exec-8] org.hibernate.SQL                        : SELECT id FROM tenants WHERE code = ?
2026-01-19T16:48:31.290+02:00 DEBUG 22544 --- [http-nio-710-exec-9] org.hibernate.SQL                        : SELECT id FROM tenants WHERE code = ?
2026-01-19T16:48:31.296+02:00 DEBUG 22544 --- [http-nio-710-exec-9] c.o.a.s.tenant.TenantFilterAspect        : 🛡️ [TenantFilterAspect] Enforced Filter for TenantID: 4
2026-01-19T16:48:31.300+02:00 DEBUG 22544 --- [http-nio-710-exec-9] org.hibernate.SQL                        : select s1_0.id,s1_0.category,s1_0.`key`,s1_0.tenant_id,s1_0.value from settings s1_0 where (s1_0.tenant_id = ? or s1_0.tenant_id = 0 or s1_0.tenant_id is null) and s1_0.tenant_id = ? and s1_0.category=?
2026-01-19T16:48:31.308+02:00 DEBUG 22544 --- [http-nio-710-exec-10] org.hibernate.SQL                        : SELECT id FROM tenants WHERE code = ?
2026-01-19T16:48:31.313+02:00 DEBUG 22544 --- [http-nio-710-exec-2] org.hibernate.SQL                        : SELECT id FROM tenants WHERE code = ?
2026-01-19T16:48:31.326+02:00 DEBUG 22544 --- [http-nio-710-exec-6] org.hibernate.SQL                        : SELECT id FROM tenants WHERE code = ?
2026-01-19T16:48:31.516+02:00 DEBUG 22544 --- [http-nio-710-exec-7] org.hibernate.SQL                        : SELECT id FROM tenants WHERE code = ?
2026-01-19T16:48:31.641+02:00 DEBUG 22544 --- [http-nio-710-exec-7] c.o.a.s.tenant.TenantFilterAspect        : 🛡️ [TenantFilterAspect] Enforced Filter for TenantID: 4
2026-01-19T16:48:31.705+02:00 DEBUG 22544 --- [http-nio-710-exec-7] org.hibernate.SQL                        : select u1_0.id,u1_0.email,u1_0.enabled,u1_0.first_name,u1_0.last_login_time,u1_0.last_name,u1_0.password,u1_0.photos,u1_0.tenant_id,u1_0.user_bio from `'user'` u1_0 where u1_0.tenant_id = ? and u1_0.tenant_id = ? order by u1_0.first_name limit ?,?
2026-01-19T16:48:31.719+02:00 DEBUG 22544 --- [http-nio-710-exec-7] org.hibernate.SQL                        : select r1_0.user_id,r1_1.id,r1_1.all_parent_ids,r1_1.descrption,r1_1.name,r1_1.parent_id from user_roles r1_0 join role r1_1 on r1_1.id=r1_0.role_id where r1_0.user_id=?
2026-01-19T16:48:31.723+02:00 DEBUG 22544 --- [http-nio-710-exec-7] org.hibernate.SQL                        : select r1_0.user_id,r1_1.id,r1_1.all_parent_ids,r1_1.descrption,r1_1.name,r1_1.parent_id from user_roles r1_0 join role r1_1 on r1_1.id=r1_0.role_id where r1_0.user_id=?
2026-01-19T16:48:31.726+02:00 DEBUG 22544 --- [http-nio-710-exec-7] org.hibernate.SQL                        : select r1_0.user_id,r1_1.id,r1_1.all_parent_ids,r1_1.descrption,r1_1.name,r1_1.parent_id from user_roles r1_0 join role r1_1 on r1_1.id=r1_0.role_id where r1_0.user_id=?
2026-01-19T16:48:31.730+02:00 DEBUG 22544 --- [http-nio-710-exec-7] org.hibernate.SQL                        : select r1_0.user_id,r1_1.id,r1_1.all_parent_ids,r1_1.descrption,r1_1.name,r1_1.parent_id from user_roles r1_0 join role r1_1 on r1_1.id=r1_0.role_id where r1_0.user_id=?
2026-01-19T16:48:31.738+02:00 DEBUG 22544 --- [http-nio-710-exec-7] org.hibernate.SQL                        : select r1_0.user_id,r1_1.id,r1_1.all_parent_ids,r1_1.descrption,r1_1.name,r1_1.parent_id from user_roles r1_0 join role r1_1 on r1_1.id=r1_0.role_id where r1_0.user_id=?
2026-01-19T16:48:31.751+02:00 DEBUG 22544 --- [http-nio-710-exec-7] org.hibernate.SQL                        : select count(u1_0.id) from `'user'` u1_0 where u1_0.tenant_id = ? and u1_0.tenant_id = ?
2026-01-19T16:48:32.028+02:00 DEBUG 22544 --- [http-nio-710-exec-11] org.hibernate.SQL                        : SELECT id FROM tenants WHERE code = ?
2026-01-19T16:48:32.028+02:00 DEBUG 22544 --- [http-nio-710-exec-1] org.hibernate.SQL                        : SELECT id FROM tenants WHERE code = ?
2026-01-19T16:48:32.029+02:00 DEBUG 22544 --- [http-nio-710-exec-8] org.hibernate.SQL                        : SELECT id FROM tenants WHERE code = ?
2026-01-19T16:48:32.029+02:00 DEBUG 22544 --- [http-nio-710-exec-9] org.hibernate.SQL                        : SELECT id FROM tenants WHERE code = ?
2026-01-19T16:48:32.029+02:00 DEBUG 22544 --- [http-nio-710-exec-5] org.hibernate.SQL                        : SELECT id FROM tenants WHERE code = ?
2026-01-19T16:48:32.081+02:00 DEBUG 22544 --- [http-nio-710-exec-8] org.hibernate.SQL                        : SELECT id FROM tenants WHERE code = ?
2026-01-19T16:48:32.157+02:00 DEBUG 22544 --- [http-nio-710-exec-11] org.hibernate.SQL                        : SELECT id FROM tenants WHERE code = ?
2026-01-19T16:48:32.171+02:00 DEBUG 22544 --- [http-nio-710-exec-4] org.hibernate.SQL                        : SELECT id FROM tenants WHERE code = ?
2026-01-19T16:48:32.183+02:00 DEBUG 22544 --- [http-nio-710-exec-8] org.hibernate.SQL                        : SELECT id FROM tenants WHERE code = ?
2026-01-19T16:48:32.201+02:00 DEBUG 22544 --- [http-nio-710-exec-2] org.hibernate.SQL                        : SELECT id FROM tenants WHERE code = ?
2026-01-19T16:48:32.190+02:00 DEBUG 22544 --- [http-nio-710-exec-8] c.o.a.s.tenant.TenantFilterAspect        : 🛡️ [TenantFilterAspect] Enforced Filter for TenantID: 4
2026-01-19T16:48:32.214+02:00 DEBUG 22544 --- [http-nio-710-exec-6] org.hibernate.SQL                        : SELECT id FROM tenants WHERE code = ?
2026-01-19T16:48:32.236+02:00 DEBUG 22544 --- [http-nio-710-exec-8] org.hibernate.SQL                        : select s1_0.id,s1_0.category,s1_0.`key`,s1_0.tenant_id,s1_0.value from settings s1_0 where (s1_0.tenant_id = ? or s1_0.tenant_id = 0 or s1_0.tenant_id is null) and s1_0.tenant_id = ? and s1_0.category=?
2026-01-19T16:48:32.363+02:00 DEBUG 22544 --- [http-nio-710-exec-6] c.o.a.s.tenant.TenantFilterAspect        : 🛡️ [TenantFilterAspect] Enforced Filter for TenantID: 4
2026-01-19T16:48:32.468+02:00  WARN 22544 --- [http-nio-710-exec-7] o.h.c.spi.AbstractPersistentCollection   : HHH000506: Detaching an uninitialized collection with enabled filters from a session: [com.onlineStoreCom.entity.users.Role.children#5]
2026-01-19T16:48:32.468+02:00  WARN 22544 --- [http-nio-710-exec-7] o.h.c.spi.AbstractPersistentCollection   : HHH000506: Detaching an uninitialized collection with enabled filters from a session: [com.onlineStoreCom.entity.users.Role.children#1]
2026-01-19T16:48:32.468+02:00  WARN 22544 --- [http-nio-710-exec-7] o.h.c.spi.AbstractPersistentCollection   : HHH000506: Detaching an uninitialized collection with enabled filters from a session: [com.onlineStoreCom.entity.users.Role.children#3]
2026-01-19T16:48:32.468+02:00  WARN 22544 --- [http-nio-710-exec-7] o.h.c.spi.AbstractPersistentCollection   : HHH000506: Detaching an uninitialized collection with enabled filters from a session: [com.onlineStoreCom.entity.users.Role.children#4]
2026-01-19T16:48:32.809+02:00 DEBUG 22544 --- [http-nio-710-exec-6] org.hibernate.SQL                        : select c1_0.id,c1_0.alias,c1_0.all_parent_ids,c1_0.enabled,c1_0.image,c1_0.level,c1_0.name,c1_0.parent_id,c1_0.tenant_id from categories c1_0 where c1_0.tenant_id = ? and c1_0.parent_id is null
2026-01-19T16:48:32.884+02:00 DEBUG 22544 --- [http-nio-710-exec-6] org.hibernate.SQL                        : select c1_0.parent_id,c1_0.id,c1_0.alias,c1_0.all_parent_ids,c1_0.enabled,c1_0.image,c1_0.level,c1_0.name,c1_0.tenant_id from categories c1_0 where c1_0.parent_id=? order by c1_0.name
2026-01-19T16:48:32.963+02:00 DEBUG 22544 --- [http-nio-710-exec-6] org.hibernate.SQL                        : select c1_0.parent_id,c1_0.id,c1_0.alias,c1_0.all_parent_ids,c1_0.enabled,c1_0.image,c1_0.level,c1_0.name,c1_0.tenant_id from categories c1_0 where c1_0.parent_id=? order by c1_0.name
2026-01-19T16:48:32.967+02:00 DEBUG 22544 --- [http-nio-710-exec-6] org.hibernate.SQL                        : select c1_0.parent_id,c1_0.id,c1_0.alias,c1_0.all_parent_ids,c1_0.enabled,c1_0.image,c1_0.level,c1_0.name,c1_0.tenant_id from categories c1_0 where c1_0.parent_id=? order by c1_0.name
2026-01-19T16:48:32.977+02:00 DEBUG 22544 --- [http-nio-710-exec-6] org.hibernate.SQL                        : select c1_0.parent_id,c1_0.id,c1_0.alias,c1_0.all_parent_ids,c1_0.enabled,c1_0.image,c1_0.level,c1_0.name,c1_0.tenant_id from categories c1_0 where c1_0.parent_id=? order by c1_0.name
2026-01-19T16:48:32.999+02:00 DEBUG 22544 --- [http-nio-710-exec-6] org.hibernate.SQL                        : select c1_0.parent_id,c1_0.id,c1_0.alias,c1_0.all_parent_ids,c1_0.enabled,c1_0.image,c1_0.level,c1_0.name,c1_0.tenant_id from categories c1_0 where c1_0.parent_id=? order by c1_0.name
2026-01-19T16:48:33.007+02:00 DEBUG 22544 --- [http-nio-710-exec-6] org.hibernate.SQL                        : select c1_0.parent_id,c1_0.id,c1_0.alias,c1_0.all_parent_ids,c1_0.enabled,c1_0.image,c1_0.level,c1_0.name,c1_0.tenant_id from categories c1_0 where c1_0.parent_id=? order by c1_0.name
2026-01-19T16:48:33.012+02:00 DEBUG 22544 --- [http-nio-710-exec-6] org.hibernate.SQL                        : select c1_0.parent_id,c1_0.id,c1_0.alias,c1_0.all_parent_ids,c1_0.enabled,c1_0.image,c1_0.level,c1_0.name,c1_0.tenant_id from categories c1_0 where c1_0.parent_id=? order by c1_0.name
2026-01-19T16:48:33.017+02:00 DEBUG 22544 --- [http-nio-710-exec-6] org.hibernate.SQL                        : select c1_0.parent_id,c1_0.id,c1_0.alias,c1_0.all_parent_ids,c1_0.enabled,c1_0.image,c1_0.level,c1_0.name,c1_0.tenant_id from categories c1_0 where c1_0.parent_id=? order by c1_0.name
2026-01-19T16:48:33.020+02:00 DEBUG 22544 --- [http-nio-710-exec-6] org.hibernate.SQL                        : select c1_0.parent_id,c1_0.id,c1_0.alias,c1_0.all_parent_ids,c1_0.enabled,c1_0.image,c1_0.level,c1_0.name,c1_0.tenant_id from categories c1_0 where c1_0.parent_id=? order by c1_0.name
2026-01-19T16:48:33.023+02:00 DEBUG 22544 --- [http-nio-710-exec-6] org.hibernate.SQL                        : select c1_0.parent_id,c1_0.id,c1_0.alias,c1_0.all_parent_ids,c1_0.enabled,c1_0.image,c1_0.level,c1_0.name,c1_0.tenant_id from categories c1_0 where c1_0.parent_id=? order by c1_0.name
2026-01-19T16:48:33.027+02:00 DEBUG 22544 --- [http-nio-710-exec-6] org.hibernate.SQL                        : select c1_0.parent_id,c1_0.id,c1_0.alias,c1_0.all_parent_ids,c1_0.enabled,c1_0.image,c1_0.level,c1_0.name,c1_0.tenant_id from categories c1_0 where c1_0.parent_id=? order by c1_0.name
2026-01-19T16:48:33.030+02:00 DEBUG 22544 --- [http-nio-710-exec-6] org.hibernate.SQL                        : select c1_0.parent_id,c1_0.id,c1_0.alias,c1_0.all_parent_ids,c1_0.enabled,c1_0.image,c1_0.level,c1_0.name,c1_0.tenant_id from categories c1_0 where c1_0.parent_id=? order by c1_0.name
2026-01-19T16:48:33.034+02:00 DEBUG 22544 --- [http-nio-710-exec-6] org.hibernate.SQL                        : select c1_0.parent_id,c1_0.id,c1_0.alias,c1_0.all_parent_ids,c1_0.enabled,c1_0.image,c1_0.level,c1_0.name,c1_0.tenant_id from categories c1_0 where c1_0.parent_id=? order by c1_0.name
2026-01-19T16:48:33.037+02:00 DEBUG 22544 --- [http-nio-710-exec-6] org.hibernate.SQL                        : select c1_0.parent_id,c1_0.id,c1_0.alias,c1_0.all_parent_ids,c1_0.enabled,c1_0.image,c1_0.level,c1_0.name,c1_0.tenant_id from categories c1_0 where c1_0.parent_id=? order by c1_0.name
2026-01-19T16:48:33.040+02:00 DEBUG 22544 --- [http-nio-710-exec-6] org.hibernate.SQL                        : select c1_0.parent_id,c1_0.id,c1_0.alias,c1_0.all_parent_ids,c1_0.enabled,c1_0.image,c1_0.level,c1_0.name,c1_0.tenant_id from categories c1_0 where c1_0.parent_id=? order by c1_0.name
2026-01-19T16:48:33.042+02:00 DEBUG 22544 --- [http-nio-710-exec-6] org.hibernate.SQL                        : select c1_0.parent_id,c1_0.id,c1_0.alias,c1_0.all_parent_ids,c1_0.enabled,c1_0.image,c1_0.level,c1_0.name,c1_0.tenant_id from categories c1_0 where c1_0.parent_id=? order by c1_0.name
2026-01-19T16:48:33.045+02:00 DEBUG 22544 --- [http-nio-710-exec-6] org.hibernate.SQL                        : select c1_0.parent_id,c1_0.id,c1_0.alias,c1_0.all_parent_ids,c1_0.enabled,c1_0.image,c1_0.level,c1_0.name,c1_0.tenant_id from categories c1_0 where c1_0.parent_id=? order by c1_0.name
2026-01-19T16:48:33.048+02:00 DEBUG 22544 --- [http-nio-710-exec-6] org.hibernate.SQL                        : select c1_0.parent_id,c1_0.id,c1_0.alias,c1_0.all_parent_ids,c1_0.enabled,c1_0.image,c1_0.level,c1_0.name,c1_0.tenant_id from categories c1_0 where c1_0.parent_id=? order by c1_0.name
2026-01-19T16:48:33.053+02:00 DEBUG 22544 --- [http-nio-710-exec-6] org.hibernate.SQL                        : select c1_0.parent_id,c1_0.id,c1_0.alias,c1_0.all_parent_ids,c1_0.enabled,c1_0.image,c1_0.level,c1_0.name,c1_0.tenant_id from categories c1_0 where c1_0.parent_id=? order by c1_0.name
2026-01-19T16:48:33.057+02:00 DEBUG 22544 --- [http-nio-710-exec-6] org.hibernate.SQL                        : select c1_0.parent_id,c1_0.id,c1_0.alias,c1_0.all_parent_ids,c1_0.enabled,c1_0.image,c1_0.level,c1_0.name,c1_0.tenant_id from categories c1_0 where c1_0.parent_id=? order by c1_0.name
2026-01-19T16:48:33.060+02:00 DEBUG 22544 --- [http-nio-710-exec-6] org.hibernate.SQL                        : select c1_0.parent_id,c1_0.id,c1_0.alias,c1_0.all_parent_ids,c1_0.enabled,c1_0.image,c1_0.level,c1_0.name,c1_0.tenant_id from categories c1_0 where c1_0.parent_id=? order by c1_0.name
2026-01-19T16:48:33.064+02:00 DEBUG 22544 --- [http-nio-710-exec-6] org.hibernate.SQL                        : select c1_0.parent_id,c1_0.id,c1_0.alias,c1_0.all_parent_ids,c1_0.enabled,c1_0.image,c1_0.level,c1_0.name,c1_0.tenant_id from categories c1_0 where c1_0.parent_id=? order by c1_0.name
2026-01-19T16:48:33.068+02:00 DEBUG 22544 --- [http-nio-710-exec-6] org.hibernate.SQL                        : select c1_0.parent_id,c1_0.id,c1_0.alias,c1_0.all_parent_ids,c1_0.enabled,c1_0.image,c1_0.level,c1_0.name,c1_0.tenant_id from categories c1_0 where c1_0.parent_id=? order by c1_0.name
2026-01-19T16:48:33.071+02:00 DEBUG 22544 --- [http-nio-710-exec-6] org.hibernate.SQL                        : select c1_0.parent_id,c1_0.id,c1_0.alias,c1_0.all_parent_ids,c1_0.enabled,c1_0.image,c1_0.level,c1_0.name,c1_0.tenant_id from categories c1_0 where c1_0.parent_id=? order by c1_0.name
2026-01-19T16:48:33.073+02:00 DEBUG 22544 --- [http-nio-710-exec-6] org.hibernate.SQL                        : select c1_0.parent_id,c1_0.id,c1_0.alias,c1_0.all_parent_ids,c1_0.enabled,c1_0.image,c1_0.level,c1_0.name,c1_0.tenant_id from categories c1_0 where c1_0.parent_id=? order by c1_0.name
2026-01-19T16:48:33.075+02:00 DEBUG 22544 --- [http-nio-710-exec-6] org.hibernate.SQL                        : select c1_0.parent_id,c1_0.id,c1_0.alias,c1_0.all_parent_ids,c1_0.enabled,c1_0.image,c1_0.level,c1_0.name,c1_0.tenant_id from categories c1_0 where c1_0.parent_id=? order by c1_0.name
2026-01-19T16:48:33.078+02:00 DEBUG 22544 --- [http-nio-710-exec-6] org.hibernate.SQL                        : select c1_0.parent_id,c1_0.id,c1_0.alias,c1_0.all_parent_ids,c1_0.enabled,c1_0.image,c1_0.level,c1_0.name,c1_0.tenant_id from categories c1_0 where c1_0.parent_id=? order by c1_0.name
2026-01-19T16:48:33.081+02:00 DEBUG 22544 --- [http-nio-710-exec-6] org.hibernate.SQL                        : select c1_0.parent_id,c1_0.id,c1_0.alias,c1_0.all_parent_ids,c1_0.enabled,c1_0.image,c1_0.level,c1_0.name,c1_0.tenant_id from categories c1_0 where c1_0.parent_id=? order by c1_0.name
2026-01-19T16:48:33.084+02:00 DEBUG 22544 --- [http-nio-710-exec-6] org.hibernate.SQL                        : select c1_0.parent_id,c1_0.id,c1_0.alias,c1_0.all_parent_ids,c1_0.enabled,c1_0.image,c1_0.level,c1_0.name,c1_0.tenant_id from categories c1_0 where c1_0.parent_id=? order by c1_0.name
2026-01-19T16:48:33.086+02:00 DEBUG 22544 --- [http-nio-710-exec-6] org.hibernate.SQL                        : select c1_0.parent_id,c1_0.id,c1_0.alias,c1_0.all_parent_ids,c1_0.enabled,c1_0.image,c1_0.level,c1_0.name,c1_0.tenant_id from categories c1_0 where c1_0.parent_id=? order by c1_0.name
2026-01-19T16:48:33.089+02:00 DEBUG 22544 --- [http-nio-710-exec-6] org.hibernate.SQL                        : select c1_0.parent_id,c1_0.id,c1_0.alias,c1_0.all_parent_ids,c1_0.enabled,c1_0.image,c1_0.level,c1_0.name,c1_0.tenant_id from categories c1_0 where c1_0.parent_id=? order by c1_0.name
2026-01-19T16:48:33.092+02:00 DEBUG 22544 --- [http-nio-710-exec-6] org.hibernate.SQL                        : select c1_0.parent_id,c1_0.id,c1_0.alias,c1_0.all_parent_ids,c1_0.enabled,c1_0.image,c1_0.level,c1_0.name,c1_0.tenant_id from categories c1_0 where c1_0.parent_id=? order by c1_0.name
2026-01-19T16:48:33.092+02:00 DEBUG 22544 --- [http-nio-710-exec-6] org.hibernate.SQL                        : select c1_0.parent_id,c1_0.id,c1_0.alias,c1_0.all_parent_ids,c1_0.enabled,c1_0.image,c1_0.level,c1_0.name,c1_0.tenant_id from categories c1_0 where c1_0.parent_id=? order by c1_0.name
2026-01-19T16:50:30.045+02:00 DEBUG 22544 --- [http-nio-710-exec-11] c.o.a.s.tenant.TenantFilterAspect        : 🛡️ [TenantFilterAspect] Enforced Filter for TenantID: 4
2026-01-19T16:50:30.051+02:00 DEBUG 22544 --- [http-nio-710-exec-11] org.hibernate.SQL                        : select c1_0.id,c1_0.alias,c1_0.all_parent_ids,c1_0.enabled,c1_0.image,c1_0.level,c1_0.name,c1_0.parent_id,c1_0.tenant_id from categories c1_0 where c1_0.tenant_id = ? and c1_0.parent_id is null
2026-01-19T16:50:30.058+02:00 DEBUG 22544 --- [http-nio-710-exec-11] org.hibernate.SQL                        : select c1_0.parent_id,c1_0.id,c1_0.alias,c1_0.all_parent_ids,c1_0.enabled,c1_0.image,c1_0.level,c1_0.name,c1_0.tenant_id from categories c1_0 where c1_0.parent_id=? order by c1_0.name
2026-01-19T16:50:30.062+02:00 DEBUG 22544 --- [http-nio-710-exec-11] org.hibernate.SQL                        : select c1_0.parent_id,c1_0.id,c1_0.alias,c1_0.all_parent_ids,c1_0.enabled,c1_0.image,c1_0.level,c1_0.name,c1_0.tenant_id from categories c1_0 where c1_0.parent_id=? order by c1_0.name
2026-01-19T16:50:30.065+02:00 DEBUG 22544 --- [http-nio-710-exec-11] org.hibernate.SQL                        : select c1_0.parent_id,c1_0.id,c1_0.alias,c1_0.all_parent_ids,c1_0.enabled,c1_0.image,c1_0.level,c1_0.name,c1_0.tenant_id from categories c1_0 where c1_0.parent_id=? order by c1_0.name
2026-01-19T16:50:30.070+02:00 DEBUG 22544 --- [http-nio-710-exec-11] org.hibernate.SQL                        : select c1_0.parent_id,c1_0.id,c1_0.alias,c1_0.all_parent_ids,c1_0.enabled,c1_0.image,c1_0.level,c1_0.name,c1_0.tenant_id from categories c1_0 where c1_0.parent_id=? order by c1_0.name
2026-01-19T16:50:30.075+02:00 DEBUG 22544 --- [http-nio-710-exec-11] org.hibernate.SQL                        : select c1_0.parent_id,c1_0.id,c1_0.alias,c1_0.all_parent_ids,c1_0.enabled,c1_0.image,c1_0.level,c1_0.name,c1_0.tenant_id from categories c1_0 where c1_0.parent_id=? order by c1_0.name
2026-01-19T16:50:30.078+02:00 DEBUG 22544 --- [http-nio-710-exec-11] org.hibernate.SQL                        : select c1_0.parent_id,c1_0.id,c1_0.alias,c1_0.all_parent_ids,c1_0.enabled,c1_0.image,c1_0.level,c1_0.name,c1_0.tenant_id from categories c1_0 where c1_0.parent_id=? order by c1_0.name
2026-01-19T16:50:30.081+02:00 DEBUG 22544 --- [http-nio-710-exec-11] org.hibernate.SQL                        : select c1_0.parent_id,c1_0.id,c1_0.alias,c1_0.all_parent_ids,c1_0.enabled,c1_0.image,c1_0.level,c1_0.name,c1_0.tenant_id from categories c1_0 where c1_0.parent_id=? order by c1_0.name
2026-01-19T16:50:30.085+02:00 DEBUG 22544 --- [http-nio-710-exec-11] org.hibernate.SQL                        : select c1_0.parent_id,c1_0.id,c1_0.alias,c1_0.all_parent_ids,c1_0.enabled,c1_0.image,c1_0.level,c1_0.name,c1_0.tenant_id from categories c1_0 where c1_0.parent_id=? order by c1_0.name
2026-01-19T16:50:30.088+02:00 DEBUG 22544 --- [http-nio-710-exec-11] org.hibernate.SQL                        : select c1_0.parent_id,c1_0.id,c1_0.alias,c1_0.all_parent_ids,c1_0.enabled,c1_0.image,c1_0.level,c1_0.name,c1_0.tenant_id from categories c1_0 where c1_0.parent_id=? order by c1_0.name
2026-01-19T16:50:30.090+02:00 DEBUG 22544 --- [http-nio-710-exec-11] org.hibernate.SQL                        : select c1_0.parent_id,c1_0.id,c1_0.alias,c1_0.all_parent_ids,c1_0.enabled,c1_0.image,c1_0.level,c1_0.name,c1_0.tenant_id from categories c1_0 where c1_0.parent_id=? order by c1_0.name
2026-01-19T16:50:30.092+02:00 DEBUG 22544 --- [http-nio-710-exec-11] org.hibernate.SQL                        : select c1_0.parent_id,c1_0.id,c1_0.alias,c1_0.all_parent_ids,c1_0.enabled,c1_0.image,c1_0.level,c1_0.name,c1_0.tenant_id from categories c1_0 where c1_0.parent_id=? order by c1_0.name
2026-01-19T16:50:30.097+02:00 DEBUG 22544 --- [http-nio-710-exec-11] org.hibernate.SQL                        : select c1_0.parent_id,c1_0.id,c1_0.alias,c1_0.all_parent_ids,c1_0.enabled,c1_0.image,c1_0.level,c1_0.name,c1_0.tenant_id from categories c1_0 where c1_0.parent_id=? order by c1_0.name
2026-01-19T16:50:30.100+02:00 DEBUG 22544 --- [http-nio-710-exec-11] org.hibernate.SQL                        : select c1_0.parent_id,c1_0.id,c1_0.alias,c1_0.all_parent_ids,c1_0.enabled,c1_0.image,c1_0.level,c1_0.name,c1_0.tenant_id from categories c1_0 where c1_0.parent_id=? order by c1_0.name
2026-01-19T16:50:30.104+02:00 DEBUG 22544 --- [http-nio-710-exec-11] org.hibernate.SQL                        : select c1_0.parent_id,c1_0.id,c1_0.alias,c1_0.all_parent_ids,c1_0.enabled,c1_0.image,c1_0.level,c1_0.name,c1_0.tenant_id from categories c1_0 where c1_0.parent_id=? order by c1_0.name
2026-01-19T16:50:30.107+02:00 DEBUG 22544 --- [http-nio-710-exec-11] org.hibernate.SQL                        : select c1_0.parent_id,c1_0.id,c1_0.alias,c1_0.all_parent_ids,c1_0.enabled,c1_0.image,c1_0.level,c1_0.name,c1_0.tenant_id from categories c1_0 where c1_0.parent_id=? order by c1_0.name
2026-01-19T16:50:30.110+02:00 DEBUG 22544 --- [http-nio-710-exec-11] org.hibernate.SQL                        : select c1_0.parent_id,c1_0.id,c1_0.alias,c1_0.all_parent_ids,c1_0.enabled,c1_0.image,c1_0.level,c1_0.name,c1_0.tenant_id from categories c1_0 where c1_0.parent_id=? order by c1_0.name
2026-01-19T16:50:30.113+02:00 DEBUG 22544 --- [http-nio-710-exec-11] org.hibernate.SQL                        : select c1_0.parent_id,c1_0.id,c1_0.alias,c1_0.all_parent_ids,c1_0.enabled,c1_0.image,c1_0.level,c1_0.name,c1_0.tenant_id from categories c1_0 where c1_0.parent_id=? order by c1_0.name
2026-01-19T16:50:30.116+02:00 DEBUG 22544 --- [http-nio-710-exec-11] org.hibernate.SQL                        : select c1_0.parent_id,c1_0.id,c1_0.alias,c1_0.all_parent_ids,c1_0.enabled,c1_0.image,c1_0.level,c1_0.name,c1_0.tenant_id from categories c1_0 where c1_0.parent_id=? order by c1_0.name
2026-01-19T16:50:30.120+02:00 DEBUG 22544 --- [http-nio-710-exec-11] org.hibernate.SQL                        : select c1_0.parent_id,c1_0.id,c1_0.alias,c1_0.all_parent_ids,c1_0.enabled,c1_0.image,c1_0.level,c1_0.name,c1_0.tenant_id from categories c1_0 where c1_0.parent_id=? order by c1_0.name
2026-01-19T16:50:30.125+02:00 DEBUG 22544 --- [http-nio-710-exec-11] org.hibernate.SQL                        : select c1_0.parent_id,c1_0.id,c1_0.alias,c1_0.all_parent_ids,c1_0.enabled,c1_0.image,c1_0.level,c1_0.name,c1_0.tenant_id from categories c1_0 where c1_0.parent_id=? order by c1_0.name
2026-01-19T16:50:30.128+02:00 DEBUG 22544 --- [http-nio-710-exec-11] org.hibernate.SQL                        : select c1_0.parent_id,c1_0.id,c1_0.alias,c1_0.all_parent_ids,c1_0.enabled,c1_0.image,c1_0.level,c1_0.name,c1_0.tenant_id from categories c1_0 where c1_0.parent_id=? order by c1_0.name
2026-01-19T16:50:30.132+02:00 DEBUG 22544 --- [http-nio-710-exec-11] org.hibernate.SQL                        : select c1_0.parent_id,c1_0.id,c1_0.alias,c1_0.all_parent_ids,c1_0.enabled,c1_0.image,c1_0.level,c1_0.name,c1_0.tenant_id from categories c1_0 where c1_0.parent_id=? order by c1_0.name
2026-01-19T16:50:30.135+02:00 DEBUG 22544 --- [http-nio-710-exec-11] org.hibernate.SQL                        : select c1_0.parent_id,c1_0.id,c1_0.alias,c1_0.all_parent_ids,c1_0.enabled,c1_0.image,c1_0.level,c1_0.name,c1_0.tenant_id from categories c1_0 where c1_0.parent_id=? order by c1_0.name
2026-01-19T16:50:30.138+02:00 DEBUG 22544 --- [http-nio-710-exec-11] org.hibernate.SQL                        : select c1_0.parent_id,c1_0.id,c1_0.alias,c1_0.all_parent_ids,c1_0.enabled,c1_0.image,c1_0.level,c1_0.name,c1_0.tenant_id from categories c1_0 where c1_0.parent_id=? order by c1_0.name
2026-01-19T16:50:30.141+02:00 DEBUG 22544 --- [http-nio-710-exec-11] org.hibernate.SQL                        : select c1_0.parent_id,c1_0.id,c1_0.alias,c1_0.all_parent_ids,c1_0.enabled,c1_0.image,c1_0.level,c1_0.name,c1_0.tenant_id from categories c1_0 where c1_0.parent_id=? order by c1_0.name
2026-01-19T16:50:30.144+02:00 DEBUG 22544 --- [http-nio-710-exec-11] org.hibernate.SQL                        : select c1_0.parent_id,c1_0.id,c1_0.alias,c1_0.all_parent_ids,c1_0.enabled,c1_0.image,c1_0.level,c1_0.name,c1_0.tenant_id from categories c1_0 where c1_0.parent_id=? order by c1_0.name
2026-01-19T16:50:30.148+02:00 DEBUG 22544 --- [http-nio-710-exec-11] org.hibernate.SQL                        : select c1_0.parent_id,c1_0.id,c1_0.alias,c1_0.all_parent_ids,c1_0.enabled,c1_0.image,c1_0.level,c1_0.name,c1_0.tenant_id from categories c1_0 where c1_0.parent_id=? order by c1_0.name
2026-01-19T16:50:30.152+02:00 DEBUG 22544 --- [http-nio-710-exec-11] org.hibernate.SQL                        : select c1_0.parent_id,c1_0.id,c1_0.alias,c1_0.all_parent_ids,c1_0.enabled,c1_0.image,c1_0.level,c1_0.name,c1_0.tenant_id from categories c1_0 where c1_0.parent_id=? order by c1_0.name
2026-01-19T16:50:30.155+02:00 DEBUG 22544 --- [http-nio-710-exec-11] org.hibernate.SQL                        : select c1_0.parent_id,c1_0.id,c1_0.alias,c1_0.all_parent_ids,c1_0.enabled,c1_0.image,c1_0.level,c1_0.name,c1_0.tenant_id from categories c1_0 where c1_0.parent_id=? order by c1_0.name
2026-01-19T16:50:30.158+02:00 DEBUG 22544 --- [http-nio-710-exec-11] org.hibernate.SQL                        : select c1_0.parent_id,c1_0.id,c1_0.alias,c1_0.all_parent_ids,c1_0.enabled,c1_0.image,c1_0.level,c1_0.name,c1_0.tenant_id from categories c1_0 where c1_0.parent_id=? order by c1_0.name
2026-01-19T16:50:30.161+02:00 DEBUG 22544 --- [http-nio-710-exec-11] org.hibernate.SQL                        : select c1_0.parent_id,c1_0.id,c1_0.alias,c1_0.all_parent_ids,c1_0.enabled,c1_0.image,c1_0.level,c1_0.name,c1_0.tenant_id from categories c1_0 where c1_0.parent_id=? order by c1_0.name
2026-01-19T16:50:30.166+02:00 DEBUG 22544 --- [http-nio-710-exec-11] org.hibernate.SQL                        : select c1_0.parent_id,c1_0.id,c1_0.alias,c1_0.all_parent_ids,c1_0.enabled,c1_0.image,c1_0.level,c1_0.name,c1_0.tenant_id from categories c1_0 where c1_0.parent_id=? order by c1_0.name
2026-01-19T16:50:30.169+02:00 DEBUG 22544 --- [http-nio-710-exec-11] org.hibernate.SQL                        : select c1_0.parent_id,c1_0.id,c1_0.alias,c1_0.all_parent_ids,c1_0.enabled,c1_0.image,c1_0.level,c1_0.name,c1_0.tenant_id from categories c1_0 where c1_0.parent_id=? order by c1_0.name
2026-01-19T16:50:30.608+02:00 DEBUG 22544 --- [http-nio-710-exec-8] c.o.a.s.tenant.TenantFilterAspect        : 🛡️ [TenantFilterAspect] Enforced Filter for TenantID: 4
2026-01-19T16:50:30.618+02:00 DEBUG 22544 --- [http-nio-710-exec-8] org.hibernate.SQL                        : select s1_0.id,s1_0.category,s1_0.`key`,s1_0.tenant_id,s1_0.value from settings s1_0 where (s1_0.tenant_id = ? or s1_0.tenant_id = 0 or s1_0.tenant_id is null) and s1_0.tenant_id = ? and s1_0.category=?
2026-01-19T18:12:53.207+02:00  WARN 22544 --- [HikariPool-1 housekeeper] com.zaxxer.hikari.pool.HikariPool        : HikariPool-1 - Thread starvation or clock leap detected (housekeeper delta=1h13m1s188ms935µs900ns).
2026-01-19T18:30:28.210+02:00  WARN 22544 --- [HikariPool-1 housekeeper] com.zaxxer.hikari.pool.HikariPool        : HikariPool-1 - Thread starvation or clock leap detected (housekeeper delta=17m4s919ms832µs100ns).
2026-01-19T19:09:46.784+02:00  WARN 22544 --- [HikariPool-1 housekeeper] com.zaxxer.hikari.pool.HikariPool        : HikariPool-1 - Thread starvation or clock leap detected (housekeeper delta=39m18s573ms220µs300ns).
2026-01-19T19:11:56.541+02:00  WARN 22544 --- [HikariPool-1 housekeeper] com.zaxxer.hikari.pool.HikariPool        : HikariPool-1 - Thread starvation or clock leap detected (housekeeper delta=1m9s734ms643µs400ns).
2026-01-19T19:25:24.722+02:00  WARN 22544 --- [HikariPool-1 housekeeper] com.zaxxer.hikari.pool.HikariPool        : HikariPool-1 - Thread starvation or clock leap detected (housekeeper delta=12m24s412ms699µs).
