=== Tenant Migration Log Started: 2026-01-17T20:54:29.953537200 ===
[20:54:29] [4] [brands] WARNING: Collision. Renaming 1 -> 1_1768676069977
[20:54:29] [4] [brands] 1 -> 1_1768676069977 [OK]
[20:54:29] [4] [brands] WARNING: Collision. Renaming 10 -> 10_1768676069986
[20:54:29] [4] [brands] 10 -> 10_1768676069986 [OK]
[20:54:29] [4] [brands] WARNING: Collision. Renaming 11 -> 11_1768676069989
[20:54:29] [4] [brands] 11 -> 11_1768676069989 [OK]
[20:54:29] [4] [brands] WARNING: Collision. Renaming 12 -> 12_1768676069992
[20:54:29] [4] [brands] 12 -> 12_1768676069992 [OK]
[20:54:29] [4] [brands] WARNING: Collision. Renaming 13 -> 13_1768676069995
[20:54:29] [4] [brands] 13 -> 13_1768676069995 [OK]
[20:54:30] [4] [brands] WARNING: Collision. Renaming 14 -> 14_1768676070001
[20:54:30] [4] [brands] 14 -> 14_1768676070001 [OK]
[20:54:30] [4] [brands] WARNING: Collision. Renaming 15 -> 15_1768676070005
[20:54:30] [4] [brands] 15 -> 15_1768676070005 [OK]
[20:54:30] [4] [brands] WARNING: Collision. Renaming 16 -> 16_1768676070008
[20:54:30] [4] [brands] 16 -> 16_1768676070008 [OK]
[20:54:30] [4] [brands] WARNING: Collision. Renaming 17 -> 17_1768676070011
[20:54:30] [4] [brands] 17 -> 17_1768676070011 [OK]
[20:54:30] [4] [brands] WARNING: Collision. Renaming 18 -> 18_1768676070014
[20:54:30] [4] [brands] 18 -> 18_1768676070014 [OK]
[20:54:30] [4] [brands] WARNING: Collision. Renaming 19 -> 19_1768676070020
[20:54:30] [4] [brands] 19 -> 19_1768676070020 [OK]
[20:54:30] [4] [brands] WARNING: Collision. Renaming 2 -> 2_1768676070023
[20:54:30] [4] [brands] 2 -> 2_1768676070023 [OK]
[20:54:30] [4] [brands] WARNING: Collision. Renaming 20 -> 20_1768676070026
[20:54:30] [4] [brands] 20 -> 20_1768676070026 [OK]
[20:54:30] [4] [brands] WARNING: Collision. Renaming 21 -> 21_1768676070029
[20:54:30] [4] [brands] 21 -> 21_1768676070029 [OK]
[20:54:30] [4] [brands] WARNING: Collision. Renaming 22 -> 22_1768676070035
[20:54:30] [4] [brands] 22 -> 22_1768676070035 [OK]
[20:54:30] [4] [brands] WARNING: Collision. Renaming 23 -> 23_1768676070046
[20:54:30] [4] [brands] 23 -> 23_1768676070046 [OK]
[20:54:30] [4] [brands] WARNING: Collision. Renaming 24 -> 24_1768676070051
[20:54:30] [4] [brands] 24 -> 24_1768676070051 [OK]
[20:54:30] [4] [brands] WARNING: Collision. Renaming 25 -> 25_1768676070054
[20:54:30] [4] [brands] 25 -> 25_1768676070054 [OK]
[20:54:30] [4] [brands] WARNING: Collision. Renaming 26 -> 26_1768676070058
[20:54:30] [4] [brands] 26 -> 26_1768676070058 [OK]
[20:54:30] [4] [brands] WARNING: Collision. Renaming 27 -> 27_1768676070062
[20:54:30] [4] [brands] 27 -> 27_1768676070062 [OK]
[20:54:30] [4] [brands] WARNING: Collision. Renaming 28 -> 28_1768676070067
[20:54:30] [4] [brands] 28 -> 28_1768676070067 [OK]
[20:54:30] [4] [brands] WARNING: Collision. Renaming 29 -> 29_1768676070071
[20:54:30] [4] [brands] 29 -> 29_1768676070071 [OK]
[20:54:30] [4] [brands] WARNING: Collision. Renaming 3 -> 3_1768676070075
[20:54:30] [4] [brands] 3 -> 3_1768676070075 [OK]
[20:54:30] [4] [brands] WARNING: Collision. Renaming 30 -> 30_1768676070088
[20:54:30] [4] [brands] 30 -> 30_1768676070088 [OK]
[20:54:30] [4] [brands] WARNING: Collision. Renaming 31 -> 31_1768676070093
[20:54:30] [4] [brands] 31 -> 31_1768676070093 [OK]
[20:54:30] [4] [brands] WARNING: Collision. Renaming 32 -> 32_1768676070095
[20:54:30] [4] [brands] 32 -> 32_1768676070095 [OK]
[20:54:30] [4] [brands] WARNING: Collision. Renaming 33 -> 33_1768676070101
[20:54:30] [4] [brands] 33 -> 33_1768676070101 [OK]
[20:54:30] [4] [brands] WARNING: Collision. Renaming 34 -> 34_1768676070104
[20:54:30] [4] [brands] 34 -> 34_1768676070104 [OK]
[20:54:30] [4] [brands] WARNING: Collision. Renaming 35 -> 35_1768676070107
[20:54:30] [4] [brands] 35 -> 35_1768676070107 [OK]
[20:54:30] [4] [brands] WARNING: Collision. Renaming 36 -> 36_1768676070112
[20:54:30] [4] [brands] 36 -> 36_1768676070112 [OK]
[20:54:30] [4] [brands] WARNING: Collision. Renaming 37 -> 37_1768676070119
[20:54:30] [4] [brands] 37 -> 37_1768676070119 [OK]
[20:54:30] [4] [brands] WARNING: Collision. Renaming 38 -> 38_1768676070125
[20:54:30] [4] [brands] 38 -> 38_1768676070125 [OK]
[20:54:30] [4] [brands] WARNING: Collision. Renaming 39 -> 39_1768676070129
[20:54:30] [4] [brands] 39 -> 39_1768676070129 [OK]
[20:54:30] [4] [brands] WARNING: Collision. Renaming 4 -> 4_1768676070138
[20:54:30] [4] [brands] 4 -> 4_1768676070138 [OK]
[20:54:30] [4] [brands] WARNING: Collision. Renaming 40 -> 40_1768676070141
[20:54:30] [4] [brands] 40 -> 40_1768676070141 [OK]
[20:54:30] [4] [brands] WARNING: Collision. Renaming 41 -> 41_1768676070144
[20:54:30] [4] [brands] 41 -> 41_1768676070144 [OK]
[20:54:30] [4] [brands] WARNING: Collision. Renaming 42 -> 42_1768676070151
[20:54:30] [4] [brands] 42 -> 42_1768676070151 [OK]
[20:54:30] [4] [brands] WARNING: Collision. Renaming 43 -> 43_1768676070154
[20:54:30] [4] [brands] 43 -> 43_1768676070154 [OK]
[20:54:30] [4] [brands] WARNING: Collision. Renaming 44 -> 44_1768676070157
[20:54:30] [4] [brands] 44 -> 44_1768676070157 [OK]
[20:54:30] [4] [brands] WARNING: Collision. Renaming 45 -> 45_1768676070161
[20:54:30] [4] [brands] 45 -> 45_1768676070161 [OK]
[20:54:30] [4] [brands] WARNING: Collision. Renaming 46 -> 46_1768676070164
[20:54:30] [4] [brands] 46 -> 46_1768676070164 [OK]
[20:54:30] [4] [brands] WARNING: Collision. Renaming 47 -> 47_1768676070169
[20:54:30] [4] [brands] 47 -> 47_1768676070169 [OK]
[20:54:30] [4] [brands] WARNING: Collision. Renaming 48 -> 48_1768676070173
[20:54:30] [4] [brands] 48 -> 48_1768676070173 [OK]
[20:54:30] [4] [brands] WARNING: Collision. Renaming 49 -> 49_1768676070175
[20:54:30] [4] [brands] 49 -> 49_1768676070175 [OK]
[20:54:30] [4] [brands] WARNING: Collision. Renaming 5 -> 5_1768676070178
[20:54:30] [4] [brands] 5 -> 5_1768676070178 [OK]
[20:54:30] [4] [brands] WARNING: Collision. Renaming 50 -> 50_1768676070181
[20:54:30] [4] [brands] 50 -> 50_1768676070181 [OK]
[20:54:30] [4] [brands] WARNING: Collision. Renaming 51 -> 51_1768676070186
[20:54:30] [4] [brands] 51 -> 51_1768676070186 [OK]
[20:54:30] [4] [brands] WARNING: Collision. Renaming 52 -> 52_1768676070189
[20:54:30] [4] [brands] 52 -> 52_1768676070189 [OK]
[20:54:30] [4] [brands] WARNING: Collision. Renaming 53 -> 53_1768676070192
[20:54:30] [4] [brands] 53 -> 53_1768676070192 [OK]
[20:54:30] [4] [brands] WARNING: Collision. Renaming 54 -> 54_1768676070194
[20:54:30] [4] [brands] 54 -> 54_1768676070194 [OK]
[20:54:30] [4] [brands] WARNING: Collision. Renaming 6 -> 6_1768676070198
[20:54:30] [4] [brands] 6 -> 6_1768676070198 [OK]
[20:54:30] [4] [brands] WARNING: Collision. Renaming 7 -> 7_1768676070203
[20:54:30] [4] [brands] 7 -> 7_1768676070203 [OK]
[20:54:30] [4] [brands] WARNING: Collision. Renaming 8 -> 8_1768676070206
[20:54:30] [4] [brands] 8 -> 8_1768676070206 [OK]
[20:54:30] [4] [brands] WARNING: Collision. Renaming 9 -> 9_1768676070208
[20:54:30] [4] [brands] 9 -> 9_1768676070208 [OK]
[20:54:30] [4] [brands] WARNING: Collision. Renaming 98 -> 98_1768676070211
[20:54:30] [4] [brands] 98 -> 98_1768676070211 [OK]
[20:54:30] [4] [brands] WARNING: Collision. Renaming 98_1768669988460 -> 98_1768669988460_1768676070215
[20:54:30] [4] [brands] 98_1768669988460 -> 98_1768669988460_1768676070215 [OK]
[20:54:30] [4] [brands] WARNING: Collision. Renaming Pelican.png -> Pelican.png_1768676070219
[20:54:30] [4] [brands] Pelican.png -> Pelican.png_1768676070219 [OK]
[20:54:30] [4] [categories] WARNING: Collision. Renaming 1 -> 1_1768676070242
[20:54:30] [4] [categories] 1 -> 1_1768676070242 [OK]
[20:54:30] [4] [categories] WARNING: Collision. Renaming 10 -> 10_1768676070245
[20:54:30] [4] [categories] 10 -> 10_1768676070245 [OK]
[20:54:30] [4] [categories] WARNING: Collision. Renaming 10_1768669988493 -> 10_1768669988493_1768676070247
[20:54:30] [4] [categories] 10_1768669988493 -> 10_1768669988493_1768676070247 [OK]
[20:54:30] [4] [categories] WARNING: Collision. Renaming 11 -> 11_1768676070251
[20:54:30] [4] [categories] 11 -> 11_1768676070251 [OK]
[20:54:30] [4] [categories] WARNING: Collision. Renaming 11_1768669988496 -> 11_1768669988496_1768676070253
[20:54:30] [4] [categories] 11_1768669988496 -> 11_1768669988496_1768676070253 [OK]
[20:54:30] [4] [categories] WARNING: Collision. Renaming 12 -> 12_1768676070256
[20:54:30] [4] [categories] 12 -> 12_1768676070256 [OK]
[20:54:30] [4] [categories] WARNING: Collision. Renaming 12_1768669988499 -> 12_1768669988499_1768676070259
[20:54:30] [4] [categories] 12_1768669988499 -> 12_1768669988499_1768676070259 [OK]
[20:54:30] [4] [categories] WARNING: Collision. Renaming 13 -> 13_1768676070261
[20:54:30] [4] [categories] 13 -> 13_1768676070261 [OK]
[20:54:30] [4] [categories] WARNING: Collision. Renaming 13_1768669988502 -> 13_1768669988502_1768676070263
[20:54:30] [4] [categories] 13_1768669988502 -> 13_1768669988502_1768676070263 [OK]
[20:54:30] [4] [categories] WARNING: Collision. Renaming 14 -> 14_1768676070268
[20:54:30] [4] [categories] 14 -> 14_1768676070268 [OK]
[20:54:30] [4] [categories] WARNING: Collision. Renaming 14_1768669988505 -> 14_1768669988505_1768676070312
[20:54:30] [4] [categories] 14_1768669988505 -> 14_1768669988505_1768676070312 [OK]
[20:54:30] [4] [categories] WARNING: Collision. Renaming 15 -> 15_1768676070318
[20:54:30] [4] [categories] 15 -> 15_1768676070318 [OK]
[20:54:30] [4] [categories] WARNING: Collision. Renaming 15_1768669988509 -> 15_1768669988509_1768676070322
[20:54:30] [4] [categories] 15_1768669988509 -> 15_1768669988509_1768676070322 [OK]
[20:54:30] [4] [categories] WARNING: Collision. Renaming 16 -> 16_1768676070326
[20:54:30] [4] [categories] 16 -> 16_1768676070326 [OK]
[20:54:30] [4] [categories] WARNING: Collision. Renaming 16_1768669988513 -> 16_1768669988513_1768676070329
[20:54:30] [4] [categories] 16_1768669988513 -> 16_1768669988513_1768676070329 [OK]
[20:54:30] [4] [categories] WARNING: Collision. Renaming 17 -> 17_1768676070334
[20:54:30] [4] [categories] 17 -> 17_1768676070334 [OK]
[20:54:30] [4] [categories] WARNING: Collision. Renaming 17_1768669988516 -> 17_1768669988516_1768676070338
[20:54:30] [4] [categories] 17_1768669988516 -> 17_1768669988516_1768676070338 [OK]
[20:54:30] [4] [categories] WARNING: Collision. Renaming 18 -> 18_1768676070342
[20:54:30] [4] [categories] 18 -> 18_1768676070342 [OK]
[20:54:30] [4] [categories] WARNING: Collision. Renaming 18_1768669988521 -> 18_1768669988521_1768676070344
[20:54:30] [4] [categories] 18_1768669988521 -> 18_1768669988521_1768676070344 [OK]
[20:54:30] [4] [categories] WARNING: Collision. Renaming 19 -> 19_1768676070347
[20:54:30] [4] [categories] 19 -> 19_1768676070347 [OK]
[20:54:30] [4] [categories] WARNING: Collision. Renaming 19_1768669988527 -> 19_1768669988527_1768676070378
[20:54:30] [4] [categories] 19_1768669988527 -> 19_1768669988527_1768676070378 [OK]
[20:54:30] [4] [categories] WARNING: Collision. Renaming 1_1768669988489 -> 1_1768669988489_1768676070380
[20:54:30] [4] [categories] 1_1768669988489 -> 1_1768669988489_1768676070380 [OK]
[20:54:30] [4] [categories] WARNING: Collision. Renaming 2 -> 2_1768676070388
[20:54:30] [4] [categories] 2 -> 2_1768676070388 [OK]
[20:54:30] [4] [categories] WARNING: Collision. Renaming 20 -> 20_1768676070391
[20:54:30] [4] [categories] 20 -> 20_1768676070391 [OK]
[20:54:30] [4] [categories] WARNING: Collision. Renaming 20_1768669988533 -> 20_1768669988533_1768676070393
[20:54:30] [4] [categories] 20_1768669988533 -> 20_1768669988533_1768676070393 [OK]
[20:54:30] [4] [categories] WARNING: Collision. Renaming 21 -> 21_1768676070396
[20:54:30] [4] [categories] 21 -> 21_1768676070396 [OK]
[20:54:30] [4] [categories] WARNING: Collision. Renaming 21_1768669988536 -> 21_1768669988536_1768676070400
[20:54:30] [4] [categories] 21_1768669988536 -> 21_1768669988536_1768676070400 [OK]
[20:54:30] [4] [categories] WARNING: Collision. Renaming 22 -> 22_1768676070403
[20:54:30] [4] [categories] 22 -> 22_1768676070403 [OK]
[20:54:30] [4] [categories] WARNING: Collision. Renaming 22_1768669988541 -> 22_1768669988541_1768676070406
[20:54:30] [4] [categories] 22_1768669988541 -> 22_1768669988541_1768676070406 [OK]
[20:54:30] [4] [categories] WARNING: Collision. Renaming 23 -> 23_1768676070409
[20:54:30] [4] [categories] 23 -> 23_1768676070409 [OK]
[20:54:30] [4] [categories] WARNING: Collision. Renaming 23_1768669988547 -> 23_1768669988547_1768676070412
[20:54:30] [4] [categories] 23_1768669988547 -> 23_1768669988547_1768676070412 [OK]
[20:54:30] [4] [categories] WARNING: Collision. Renaming 24 -> 24_1768676070415
[20:54:30] [4] [categories] 24 -> 24_1768676070415 [OK]
[20:54:30] [4] [categories] WARNING: Collision. Renaming 24_1768669988550 -> 24_1768669988550_1768676070418
[20:54:30] [4] [categories] 24_1768669988550 -> 24_1768669988550_1768676070418 [OK]
[20:54:30] [4] [categories] WARNING: Collision. Renaming 25 -> 25_1768676070421
[20:54:30] [4] [categories] 25 -> 25_1768676070421 [OK]
[20:54:30] [4] [categories] WARNING: Collision. Renaming 25_1768669988554 -> 25_1768669988554_1768676070423
[20:54:30] [4] [categories] 25_1768669988554 -> 25_1768669988554_1768676070423 [OK]
[20:54:30] [4] [categories] WARNING: Collision. Renaming 26 -> 26_1768676070426
[20:54:30] [4] [categories] 26 -> 26_1768676070426 [OK]
[20:54:30] [4] [categories] WARNING: Collision. Renaming 26_1768669988559 -> 26_1768669988559_1768676070429
[20:54:30] [4] [categories] 26_1768669988559 -> 26_1768669988559_1768676070429 [OK]
[20:54:30] [4] [categories] WARNING: Collision. Renaming 27 -> 27_1768676070431
[20:54:30] [4] [categories] 27 -> 27_1768676070431 [OK]
[20:54:30] [4] [categories] WARNING: Collision. Renaming 27_1768669988563 -> 27_1768669988563_1768676070435
[20:54:30] [4] [categories] 27_1768669988563 -> 27_1768669988563_1768676070435 [OK]
[20:54:30] [4] [categories] WARNING: Collision. Renaming 28 -> 28_1768676070437
[20:54:30] [4] [categories] 28 -> 28_1768676070437 [OK]
[20:54:30] [4] [categories] WARNING: Collision. Renaming 28_1768669988565 -> 28_1768669988565_1768676070440
[20:54:30] [4] [categories] 28_1768669988565 -> 28_1768669988565_1768676070440 [OK]
[20:54:30] [4] [categories] WARNING: Collision. Renaming 29 -> 29_1768676070443
[20:54:30] [4] [categories] 29 -> 29_1768676070443 [OK]
[20:54:30] [4] [categories] WARNING: Collision. Renaming 29_1768669988569 -> 29_1768669988569_1768676070450
[20:54:30] [4] [categories] 29_1768669988569 -> 29_1768669988569_1768676070450 [OK]
[20:54:30] [4] [categories] WARNING: Collision. Renaming 2_1768669988530 -> 2_1768669988530_1768676070471
[20:54:30] [4] [categories] 2_1768669988530 -> 2_1768669988530_1768676070471 [OK]
[20:54:30] [4] [categories] WARNING: Collision. Renaming 3 -> 3_1768676070475
[20:54:30] [4] [categories] 3 -> 3_1768676070475 [OK]
[20:54:30] [4] [categories] WARNING: Collision. Renaming 30 -> 30_1768676070478
[20:54:30] [4] [categories] 30 -> 30_1768676070478 [OK]
[20:54:30] [4] [categories] WARNING: Collision. Renaming 30_1768669988575 -> 30_1768669988575_1768676070481
[20:54:30] [4] [categories] 30_1768669988575 -> 30_1768669988575_1768676070481 [OK]
[20:54:30] [4] [categories] WARNING: Collision. Renaming 31 -> 31_1768676070487
[20:54:30] [4] [categories] 31 -> 31_1768676070487 [OK]
[20:54:30] [4] [categories] WARNING: Collision. Renaming 31_1768669988578 -> 31_1768669988578_1768676070489
[20:54:30] [4] [categories] 31_1768669988578 -> 31_1768669988578_1768676070489 [OK]
[20:54:30] [4] [categories] WARNING: Collision. Renaming 3_1768669988572 -> 3_1768669988572_1768676070493
[20:54:30] [4] [categories] 3_1768669988572 -> 3_1768669988572_1768676070493 [OK]
[20:54:30] [4] [categories] WARNING: Collision. Renaming 5 -> 5_1768676070495
[20:54:30] [4] [categories] 5 -> 5_1768676070495 [OK]
[20:54:30] [4] [categories] WARNING: Collision. Renaming 5_1768669988580 -> 5_1768669988580_1768676070499
[20:54:30] [4] [categories] 5_1768669988580 -> 5_1768669988580_1768676070499 [OK]
[20:54:30] [4] [categories] WARNING: Collision. Renaming 6 -> 6_1768676070502
[20:54:30] [4] [categories] 6 -> 6_1768676070502 [OK]
[20:54:30] [4] [categories] WARNING: Collision. Renaming 6_1768669988584 -> 6_1768669988584_1768676070506
[20:54:30] [4] [categories] 6_1768669988584 -> 6_1768669988584_1768676070506 [OK]
[20:54:30] [4] [categories] WARNING: Collision. Renaming 8 -> 8_1768676070510
[20:54:30] [4] [categories] 8 -> 8_1768676070510 [OK]
[20:54:30] [4] [categories] WARNING: Collision. Renaming 8_1768669988586 -> 8_1768669988586_1768676070513
[20:54:30] [4] [categories] 8_1768669988586 -> 8_1768669988586_1768676070513 [OK]
[20:54:30] [4] [categories] WARNING: Collision. Renaming 9 -> 9_1768676070517
[20:54:30] [4] [categories] 9 -> 9_1768676070517 [OK]
[20:54:30] [4] [categories] WARNING: Collision. Renaming 9_1768669988589 -> 9_1768669988589_1768676070520
[20:54:30] [4] [categories] 9_1768669988589 -> 9_1768669988589_1768676070520 [OK]
[20:54:30] [4] [customers] WARNING: Collision. Renaming 10 -> 10_1768676070524
[20:54:30] [4] [customers] 10 -> 10_1768676070524 [OK]
[20:54:30] [4] [customers] WARNING: Collision. Renaming 10_1768669988593 -> 10_1768669988593_1768676070528
[20:54:30] [4] [customers] 10_1768669988593 -> 10_1768669988593_1768676070528 [OK]
[20:54:30] [4] [customers] WARNING: Collision. Renaming 18 -> 18_1768676070530
[20:54:30] [4] [customers] 18 -> 18_1768676070530 [OK]
[20:54:30] [4] [customers] WARNING: Collision. Renaming 18_1768669988595 -> 18_1768669988595_1768676070535
[20:54:30] [4] [customers] 18_1768669988595 -> 18_1768669988595_1768676070535 [OK]
[20:54:30] [4] [customers] WARNING: Collision. Renaming 7 -> 7_1768676070540
[20:54:30] [4] [customers] 7 -> 7_1768676070540 [OK]
[20:54:30] [4] [customers] WARNING: Collision. Renaming 7_1768669988598 -> 7_1768669988598_1768676070543
[20:54:30] [4] [customers] 7_1768669988598 -> 7_1768669988598_1768676070543 [OK]
[20:54:30] [4] [customers] WARNING: Collision. Renaming 87 -> 87_1768676070546
[20:54:30] [4] [customers] 87 -> 87_1768676070546 [OK]
[20:54:30] [4] [customers] WARNING: Collision. Renaming 87_1768669988600 -> 87_1768669988600_1768676070550
[20:54:30] [4] [customers] 87_1768669988600 -> 87_1768669988600_1768676070550 [OK]
[20:54:30] [4] [customers] WARNING: Collision. Renaming 88 -> 88_1768676070553
[20:54:30] [4] [customers] 88 -> 88_1768676070553 [OK]
[20:54:30] [4] [customers] WARNING: Collision. Renaming 88_1768669988604 -> 88_1768669988604_1768676070555
[20:54:30] [4] [customers] 88_1768669988604 -> 88_1768669988604_1768676070555 [OK]
[20:54:30] [4] [products] WARNING: Collision. Renaming 1 -> 1_1768676070560
[20:54:30] [4] [products] 1 -> 1_1768676070560 [OK]
[20:54:30] [4] [products] WARNING: Collision. Renaming 10 -> 10_1768676070562
[20:54:30] [4] [products] 10 -> 10_1768676070562 [OK]
[20:54:30] [4] [products] WARNING: Collision. Renaming 100 -> 100_1768676070573
[20:54:30] [4] [products] 100 -> 100_1768676070573 [OK]
[20:54:30] [4] [products] WARNING: Collision. Renaming 100_1768669988615 -> 100_1768669988615_1768676070597
[20:54:30] [4] [products] 100_1768669988615 -> 100_1768669988615_1768676070597 [OK]
[20:54:30] [4] [products] WARNING: Collision. Renaming 101 -> 101_1768676070629
[20:54:30] [4] [products] 101 -> 101_1768676070629 [OK]
[20:54:30] [4] [products] WARNING: Collision. Renaming 101_1768669988619 -> 101_1768669988619_1768676070638
[20:54:30] [4] [products] 101_1768669988619 -> 101_1768669988619_1768676070638 [OK]
[20:54:30] [4] [products] WARNING: Collision. Renaming 102 -> 102_1768676070649
[20:54:30] [4] [products] 102 -> 102_1768676070649 [OK]
[20:54:30] [4] [products] WARNING: Collision. Renaming 102_1768669988622 -> 102_1768669988622_1768676070652
[20:54:30] [4] [products] 102_1768669988622 -> 102_1768669988622_1768676070652 [OK]
[20:54:30] [4] [products] WARNING: Collision. Renaming 103 -> 103_1768676070655
[20:54:30] [4] [products] 103 -> 103_1768676070655 [OK]
[20:54:30] [4] [products] WARNING: Collision. Renaming 103_1768669988625 -> 103_1768669988625_1768676070657
[20:54:30] [4] [products] 103_1768669988625 -> 103_1768669988625_1768676070657 [OK]
[20:54:30] [4] [products] WARNING: Collision. Renaming 104 -> 104_1768676070660
[20:54:30] [4] [products] 104 -> 104_1768676070660 [OK]
[20:54:30] [4] [products] WARNING: Collision. Renaming 104_1768669988636 -> 104_1768669988636_1768676070664
[20:54:30] [4] [products] 104_1768669988636 -> 104_1768669988636_1768676070664 [OK]
[20:54:30] [4] [products] WARNING: Collision. Renaming 105 -> 105_1768676070669
[20:54:30] [4] [products] 105 -> 105_1768676070669 [OK]
[20:54:30] [4] [products] WARNING: Collision. Renaming 105_1768669988640 -> 105_1768669988640_1768676070680
[20:54:30] [4] [products] 105_1768669988640 -> 105_1768669988640_1768676070680 [OK]
[20:54:30] [4] [products] WARNING: Collision. Renaming 106 -> 106_1768676070686
[20:54:30] [4] [products] 106 -> 106_1768676070686 [OK]
[20:54:30] [4] [products] WARNING: Collision. Renaming 106_1768669988643 -> 106_1768669988643_1768676070689
[20:54:30] [4] [products] 106_1768669988643 -> 106_1768669988643_1768676070689 [OK]
[20:54:30] [4] [products] WARNING: Collision. Renaming 10_1768669988612 -> 10_1768669988612_1768676070693
[20:54:30] [4] [products] 10_1768669988612 -> 10_1768669988612_1768676070693 [OK]
[20:54:30] [4] [products] WARNING: Collision. Renaming 11 -> 11_1768676070843
[20:54:30] [4] [products] 11 -> 11_1768676070843 [OK]
[20:54:30] [4] [products] WARNING: Collision. Renaming 11_1768669988645 -> 11_1768669988645_1768676070851
[20:54:30] [4] [products] 11_1768669988645 -> 11_1768669988645_1768676070851 [OK]
[20:54:30] [4] [products] WARNING: Collision. Renaming 12 -> 12_1768676070854
[20:54:30] [4] [products] 12 -> 12_1768676070854 [OK]
[20:54:30] [4] [products] WARNING: Collision. Renaming 12_1768669988650 -> 12_1768669988650_1768676070857
[20:54:30] [4] [products] 12_1768669988650 -> 12_1768669988650_1768676070857 [OK]
[20:54:30] [4] [products] WARNING: Collision. Renaming 14 -> 14_1768676070860
[20:54:30] [4] [products] 14 -> 14_1768676070860 [OK]
[20:54:30] [4] [products] WARNING: Collision. Renaming 14_1768669988654 -> 14_1768669988654_1768676070862
[20:54:30] [4] [products] 14_1768669988654 -> 14_1768669988654_1768676070862 [OK]
[20:54:30] [4] [products] WARNING: Collision. Renaming 15 -> 15_1768676070870
[20:54:30] [4] [products] 15 -> 15_1768676070870 [OK]
[20:54:30] [4] [products] WARNING: Collision. Renaming 15_1768669988656 -> 15_1768669988656_1768676070873
[20:54:30] [4] [products] 15_1768669988656 -> 15_1768669988656_1768676070873 [OK]
[20:54:30] [4] [products] WARNING: Collision. Renaming 16 -> 16_1768676070880
[20:54:30] [4] [products] 16 -> 16_1768676070880 [OK]
[20:54:30] [4] [products] WARNING: Collision. Renaming 16_1768669988659 -> 16_1768669988659_1768676070886
[20:54:30] [4] [products] 16_1768669988659 -> 16_1768669988659_1768676070886 [OK]
[20:54:30] [4] [products] WARNING: Collision. Renaming 17 -> 17_1768676070926
[20:54:30] [4] [products] 17 -> 17_1768676070926 [OK]
[20:54:30] [4] [products] WARNING: Collision. Renaming 17_1768669988663 -> 17_1768669988663_1768676070941
[20:54:30] [4] [products] 17_1768669988663 -> 17_1768669988663_1768676070941 [OK]
[20:54:30] [4] [products] WARNING: Collision. Renaming 18 -> 18_1768676070943
[20:54:30] [4] [products] 18 -> 18_1768676070943 [OK]
[20:54:30] [4] [products] WARNING: Collision. Renaming 18_1768669988667 -> 18_1768669988667_1768676070970
[20:54:30] [4] [products] 18_1768669988667 -> 18_1768669988667_1768676070970 [OK]
[20:54:31] [4] [products] WARNING: Collision. Renaming 19 -> 19_1768676071002
[20:54:31] [4] [products] 19 -> 19_1768676071002 [OK]
[20:54:31] [4] [products] WARNING: Collision. Renaming 19_1768669988671 -> 19_1768669988671_1768676071005
[20:54:31] [4] [products] 19_1768669988671 -> 19_1768669988671_1768676071005 [OK]
[20:54:31] [4] [products] WARNING: Collision. Renaming 1_1768669988608 -> 1_1768669988608_1768676071023
[20:54:31] [4] [products] 1_1768669988608 -> 1_1768669988608_1768676071023 [OK]
[20:54:31] [4] [products] WARNING: Collision. Renaming 2 -> 2_1768676071038
[20:54:31] [4] [products] 2 -> 2_1768676071038 [OK]
[20:54:31] [4] [products] WARNING: Collision. Renaming 20 -> 20_1768676071041
[20:54:31] [4] [products] 20 -> 20_1768676071041 [OK]
[20:54:31] [4] [products] WARNING: Collision. Renaming 20_1768669988679 -> 20_1768669988679_1768676071043
[20:54:31] [4] [products] 20_1768669988679 -> 20_1768669988679_1768676071043 [OK]
[20:54:31] [4] [products] WARNING: Collision. Renaming 21 -> 21_1768676071128
[20:54:31] [4] [products] 21 -> 21_1768676071128 [OK]
[20:54:31] [4] [products] WARNING: Collision. Renaming 21_1768669988682 -> 21_1768669988682_1768676071137
[20:54:31] [4] [products] 21_1768669988682 -> 21_1768669988682_1768676071137 [OK]
[20:54:31] [4] [products] WARNING: Collision. Renaming 22 -> 22_1768676071141
[20:54:31] [4] [products] 22 -> 22_1768676071141 [OK]
[20:54:31] [4] [products] WARNING: Collision. Renaming 22_1768669988685 -> 22_1768669988685_1768676071147
[20:54:31] [4] [products] 22_1768669988685 -> 22_1768669988685_1768676071147 [OK]
[20:54:31] [4] [products] WARNING: Collision. Renaming 23 -> 23_1768676071151
[20:54:31] [4] [products] 23 -> 23_1768676071151 [OK]
[20:54:31] [4] [products] WARNING: Collision. Renaming 23_1768669988689 -> 23_1768669988689_1768676071156
[20:54:31] [4] [products] 23_1768669988689 -> 23_1768669988689_1768676071156 [OK]
[20:54:31] [4] [products] WARNING: Collision. Renaming 24 -> 24_1768676071158
[20:54:31] [4] [products] 24 -> 24_1768676071158 [OK]
[20:54:31] [4] [products] WARNING: Collision. Renaming 24_1768669988693 -> 24_1768669988693_1768676071161
[20:54:31] [4] [products] 24_1768669988693 -> 24_1768669988693_1768676071161 [OK]
[20:54:31] [4] [products] WARNING: Collision. Renaming 25 -> 25_1768676071164
[20:54:31] [4] [products] 25 -> 25_1768676071164 [OK]
[20:54:31] [4] [products] WARNING: Collision. Renaming 25_1768669988697 -> 25_1768669988697_1768676071169
[20:54:31] [4] [products] 25_1768669988697 -> 25_1768669988697_1768676071169 [OK]
[20:54:31] [4] [products] WARNING: Collision. Renaming 26 -> 26_1768676071252
[20:54:31] [4] [products] 26 -> 26_1768676071252 [OK]
[20:54:31] [4] [products] WARNING: Collision. Renaming 26_1768669988701 -> 26_1768669988701_1768676071255
[20:54:31] [4] [products] 26_1768669988701 -> 26_1768669988701_1768676071255 [OK]
[20:54:31] [4] [products] WARNING: Collision. Renaming 27 -> 27_1768676071258
[20:54:31] [4] [products] 27 -> 27_1768676071258 [OK]
[20:54:31] [4] [products] WARNING: Collision. Renaming 27_1768669988704 -> 27_1768669988704_1768676071262
[20:54:31] [4] [products] 27_1768669988704 -> 27_1768669988704_1768676071262 [OK]
[20:54:31] [4] [products] WARNING: Collision. Renaming 28 -> 28_1768676071266
[20:54:31] [4] [products] 28 -> 28_1768676071266 [OK]
[20:54:31] [4] [products] WARNING: Collision. Renaming 28_1768669988708 -> 28_1768669988708_1768676071269
[20:54:31] [4] [products] 28_1768669988708 -> 28_1768669988708_1768676071269 [OK]
[20:54:31] [4] [products] WARNING: Collision. Renaming 29 -> 29_1768676071272
[20:54:31] [4] [products] 29 -> 29_1768676071272 [OK]
[20:54:31] [4] [products] WARNING: Collision. Renaming 29_1768669988711 -> 29_1768669988711_1768676071274
[20:54:31] [4] [products] 29_1768669988711 -> 29_1768669988711_1768676071274 [OK]
[20:54:31] [4] [products] WARNING: Collision. Renaming 2_1768669988674 -> 2_1768669988674_1768676071278
[20:54:31] [4] [products] 2_1768669988674 -> 2_1768669988674_1768676071278 [OK]
[20:54:31] [4] [products] WARNING: Collision. Renaming 3 -> 3_1768676071281
[20:54:31] [4] [products] 3 -> 3_1768676071281 [OK]
[20:54:31] [4] [products] WARNING: Collision. Renaming 30 -> 30_1768676071353
[20:54:31] [4] [products] 30 -> 30_1768676071353 [OK]
[20:54:31] [4] [products] WARNING: Collision. Renaming 30_1768669988716 -> 30_1768669988716_1768676071355
[20:54:31] [4] [products] 30_1768669988716 -> 30_1768669988716_1768676071355 [OK]
[20:54:31] [4] [products] WARNING: Collision. Renaming 31 -> 31_1768676071358
[20:54:31] [4] [products] 31 -> 31_1768676071358 [OK]
[20:54:31] [4] [products] WARNING: Collision. Renaming 31_1768669988719 -> 31_1768669988719_1768676071360
[20:54:31] [4] [products] 31_1768669988719 -> 31_1768669988719_1768676071360 [OK]
[20:54:31] [4] [products] WARNING: Collision. Renaming 32 -> 32_1768676071363
[20:54:31] [4] [products] 32 -> 32_1768676071363 [OK]
[20:54:31] [4] [products] WARNING: Collision. Renaming 32_1768669988724 -> 32_1768669988724_1768676071368
[20:54:31] [4] [products] 32_1768669988724 -> 32_1768669988724_1768676071368 [OK]
[20:54:31] [4] [products] WARNING: Collision. Renaming 33 -> 33_1768676071371
[20:54:31] [4] [products] 33 -> 33_1768676071371 [OK]
[20:54:31] [4] [products] WARNING: Collision. Renaming 33_1768669988727 -> 33_1768669988727_1768676071373
[20:54:31] [4] [products] 33_1768669988727 -> 33_1768669988727_1768676071373 [OK]
[20:54:31] [4] [products] WARNING: Collision. Renaming 34 -> 34_1768676071376
[20:54:31] [4] [products] 34 -> 34_1768676071376 [OK]
[20:54:31] [4] [products] WARNING: Collision. Renaming 34_1768669988730 -> 34_1768669988730_1768676071379
[20:54:31] [4] [products] 34_1768669988730 -> 34_1768669988730_1768676071379 [OK]
[20:54:31] [4] [products] WARNING: Collision. Renaming 35 -> 35_1768676071384
[20:54:31] [4] [products] 35 -> 35_1768676071384 [OK]
[20:54:31] [4] [products] WARNING: Collision. Renaming 35_1768669988733 -> 35_1768669988733_1768676071386
[20:54:31] [4] [products] 35_1768669988733 -> 35_1768669988733_1768676071386 [OK]
[20:54:31] [4] [products] WARNING: Collision. Renaming 36 -> 36_1768676071411
[20:54:31] [4] [products] 36 -> 36_1768676071411 [OK]
[20:54:31] [4] [products] WARNING: Collision. Renaming 36_1768669988736 -> 36_1768669988736_1768676071442
[20:54:31] [4] [products] 36_1768669988736 -> 36_1768669988736_1768676071442 [OK]
[20:54:31] [4] [products] WARNING: Collision. Renaming 37 -> 37_1768676071445
[20:54:31] [4] [products] 37 -> 37_1768676071445 [OK]
[20:54:31] [4] [products] WARNING: Collision. Renaming 37_1768669988743 -> 37_1768669988743_1768676071455
[20:54:31] [4] [products] 37_1768669988743 -> 37_1768669988743_1768676071455 [OK]
[20:54:31] [4] [products] WARNING: Collision. Renaming 38 -> 38_1768676071463
[20:54:31] [4] [products] 38 -> 38_1768676071463 [OK]
[20:54:31] [4] [products] WARNING: Collision. Renaming 38_1768669988748 -> 38_1768669988748_1768676071468
[20:54:31] [4] [products] 38_1768669988748 -> 38_1768669988748_1768676071468 [OK]
[20:54:31] [4] [products] WARNING: Collision. Renaming 39 -> 39_1768676071470
[20:54:31] [4] [products] 39 -> 39_1768676071470 [OK]
[20:54:31] [4] [products] WARNING: Collision. Renaming 39_1768669988751 -> 39_1768669988751_1768676071473
[20:54:31] [4] [products] 39_1768669988751 -> 39_1768669988751_1768676071473 [OK]
[20:54:31] [4] [products] WARNING: Collision. Renaming 3_1768669988715 -> 3_1768669988715_1768676071477
[20:54:31] [4] [products] 3_1768669988715 -> 3_1768669988715_1768676071477 [OK]
[20:54:31] [4] [products] WARNING: Collision. Renaming 40 -> 40_1768676071494
[20:54:31] [4] [products] 40 -> 40_1768676071494 [OK]
[20:54:31] [4] [products] WARNING: Collision. Renaming 40_1768669988754 -> 40_1768669988754_1768676071503
[20:54:31] [4] [products] 40_1768669988754 -> 40_1768669988754_1768676071503 [OK]
[20:54:31] [4] [products] WARNING: Collision. Renaming 41 -> 41_1768676071507
[20:54:31] [4] [products] 41 -> 41_1768676071507 [OK]
[20:54:31] [4] [products] WARNING: Collision. Renaming 41_1768669988758 -> 41_1768669988758_1768676071510
[20:54:31] [4] [products] 41_1768669988758 -> 41_1768669988758_1768676071510 [OK]
[20:54:31] [4] [products] WARNING: Collision. Renaming 42 -> 42_1768676071513
[20:54:31] [4] [products] 42 -> 42_1768676071513 [OK]
[20:54:31] [4] [products] WARNING: Collision. Renaming 42_1768669988762 -> 42_1768669988762_1768676071517
[20:54:31] [4] [products] 42_1768669988762 -> 42_1768669988762_1768676071517 [OK]
[20:54:31] [4] [products] WARNING: Collision. Renaming 43 -> 43_1768676071520
[20:54:31] [4] [products] 43 -> 43_1768676071520 [OK]
[20:54:31] [4] [products] WARNING: Collision. Renaming 43_1768669988766 -> 43_1768669988766_1768676071524
[20:54:31] [4] [products] 43_1768669988766 -> 43_1768669988766_1768676071524 [OK]
[20:54:31] [4] [products] WARNING: Collision. Renaming 44 -> 44_1768676071527
[20:54:31] [4] [products] 44 -> 44_1768676071527 [OK]
[20:54:31] [4] [products] WARNING: Collision. Renaming 44_1768669988770 -> 44_1768669988770_1768676071530
[20:54:31] [4] [products] 44_1768669988770 -> 44_1768669988770_1768676071530 [OK]
[20:54:31] [4] [products] WARNING: Collision. Renaming 45 -> 45_1768676071566
[20:54:31] [4] [products] 45 -> 45_1768676071566 [OK]
[20:54:31] [4] [products] WARNING: Collision. Renaming 45_1768669988772 -> 45_1768669988772_1768676071571
[20:54:31] [4] [products] 45_1768669988772 -> 45_1768669988772_1768676071571 [OK]
[20:54:31] [4] [products] WARNING: Collision. Renaming 46 -> 46_1768676071591
[20:54:31] [4] [products] 46 -> 46_1768676071591 [OK]
[20:54:31] [4] [products] WARNING: Collision. Renaming 46_1768669988776 -> 46_1768669988776_1768676071593
[20:54:31] [4] [products] 46_1768669988776 -> 46_1768669988776_1768676071593 [OK]
[20:54:31] [4] [products] WARNING: Collision. Renaming 47 -> 47_1768676071598
[20:54:31] [4] [products] 47 -> 47_1768676071598 [OK]
[20:54:31] [4] [products] WARNING: Collision. Renaming 47_1768669988779 -> 47_1768669988779_1768676071604
[20:54:31] [4] [products] 47_1768669988779 -> 47_1768669988779_1768676071604 [OK]
[20:54:31] [4] [products] WARNING: Collision. Renaming 48 -> 48_1768676071607
[20:54:31] [4] [products] 48 -> 48_1768676071607 [OK]
[20:54:31] [4] [products] WARNING: Collision. Renaming 48_1768669988782 -> 48_1768669988782_1768676071610
[20:54:31] [4] [products] 48_1768669988782 -> 48_1768669988782_1768676071610 [OK]
[20:54:31] [4] [products] WARNING: Collision. Renaming 49 -> 49_1768676071613
[20:54:31] [4] [products] 49 -> 49_1768676071613 [OK]
[20:54:31] [4] [products] WARNING: Collision. Renaming 49_1768669988788 -> 49_1768669988788_1768676071618
[20:54:31] [4] [products] 49_1768669988788 -> 49_1768669988788_1768676071618 [OK]
[20:54:31] [4] [products] WARNING: Collision. Renaming 50 -> 50_1768676071621
[20:54:31] [4] [products] 50 -> 50_1768676071621 [OK]
[20:54:31] [4] [products] WARNING: Collision. Renaming 50_1768669988792 -> 50_1768669988792_1768676071657
[20:54:31] [4] [products] 50_1768669988792 -> 50_1768669988792_1768676071657 [OK]
[20:54:31] [4] [products] WARNING: Collision. Renaming 51 -> 51_1768676071661
[20:54:31] [4] [products] 51 -> 51_1768676071661 [OK]
[20:54:31] [4] [products] WARNING: Collision. Renaming 51_1768669988795 -> 51_1768669988795_1768676071668
[20:54:31] [4] [products] 51_1768669988795 -> 51_1768669988795_1768676071668 [OK]
[20:54:31] [4] [products] WARNING: Collision. Renaming 52 -> 52_1768676071671
[20:54:31] [4] [products] 52 -> 52_1768676071671 [OK]
[20:54:31] [4] [products] WARNING: Collision. Renaming 52_1768669988800 -> 52_1768669988800_1768676071673
[20:54:31] [4] [products] 52_1768669988800 -> 52_1768669988800_1768676071673 [OK]
[20:54:31] [4] [products] WARNING: Collision. Renaming 53 -> 53_1768676071677
[20:54:31] [4] [products] 53 -> 53_1768676071677 [OK]
[20:54:31] [4] [products] WARNING: Collision. Renaming 53_1768669988803 -> 53_1768669988803_1768676071679
[20:54:31] [4] [products] 53_1768669988803 -> 53_1768669988803_1768676071679 [OK]
[20:54:31] [4] [products] WARNING: Collision. Renaming 54 -> 54_1768676071686
[20:54:31] [4] [products] 54 -> 54_1768676071686 [OK]
[20:54:31] [4] [products] WARNING: Collision. Renaming 54_1768669988806 -> 54_1768669988806_1768676071708
[20:54:31] [4] [products] 54_1768669988806 -> 54_1768669988806_1768676071708 [OK]
[20:54:31] [4] [products] WARNING: Collision. Renaming 55 -> 55_1768676071719
[20:54:31] [4] [products] 55 -> 55_1768676071719 [OK]
[20:54:31] [4] [products] WARNING: Collision. Renaming 55_1768669988809 -> 55_1768669988809_1768676071750
[20:54:31] [4] [products] 55_1768669988809 -> 55_1768669988809_1768676071750 [OK]
[20:54:31] [4] [products] WARNING: Collision. Renaming 56 -> 56_1768676071757
[20:54:31] [4] [products] 56 -> 56_1768676071757 [OK]
[20:54:31] [4] [products] WARNING: Collision. Renaming 56_1768669988813 -> 56_1768669988813_1768676071761
[20:54:31] [4] [products] 56_1768669988813 -> 56_1768669988813_1768676071761 [OK]
[20:54:31] [4] [products] WARNING: Collision. Renaming 57 -> 57_1768676071764
[20:54:31] [4] [products] 57 -> 57_1768676071764 [OK]
[20:54:31] [4] [products] WARNING: Collision. Renaming 57_1768669988817 -> 57_1768669988817_1768676071769
[20:54:31] [4] [products] 57_1768669988817 -> 57_1768669988817_1768676071769 [OK]
[20:54:31] [4] [products] WARNING: Collision. Renaming 58 -> 58_1768676071773
[20:54:31] [4] [products] 58 -> 58_1768676071773 [OK]
[20:54:31] [4] [products] WARNING: Collision. Renaming 58_1768669988818 -> 58_1768669988818_1768676071775
[20:54:31] [4] [products] 58_1768669988818 -> 58_1768669988818_1768676071775 [OK]
[20:54:31] [4] [products] WARNING: Collision. Renaming 59 -> 59_1768676071778
[20:54:31] [4] [products] 59 -> 59_1768676071778 [OK]
[20:54:31] [4] [products] WARNING: Collision. Renaming 59_1768669988822 -> 59_1768669988822_1768676071781
[20:54:31] [4] [products] 59_1768669988822 -> 59_1768669988822_1768676071781 [OK]
[20:54:31] [4] [products] WARNING: Collision. Renaming 6 -> 6_1768676071787
[20:54:31] [4] [products] 6 -> 6_1768676071787 [OK]
[20:54:31] [4] [products] WARNING: Collision. Renaming 60 -> 60_1768676071793
[20:54:31] [4] [products] 60 -> 60_1768676071793 [OK]
[20:54:31] [4] [products] WARNING: Collision. Renaming 60_1768669988830 -> 60_1768669988830_1768676071846
[20:54:31] [4] [products] 60_1768669988830 -> 60_1768669988830_1768676071846 [OK]
[20:54:31] [4] [products] WARNING: Collision. Renaming 61 -> 61_1768676071852
[20:54:31] [4] [products] 61 -> 61_1768676071852 [OK]
[20:54:31] [4] [products] WARNING: Collision. Renaming 61_1768669988834 -> 61_1768669988834_1768676071956
[20:54:31] [4] [products] 61_1768669988834 -> 61_1768669988834_1768676071956 [OK]
[20:54:31] [4] [products] WARNING: Collision. Renaming 62 -> 62_1768676071959
[20:54:31] [4] [products] 62 -> 62_1768676071959 [OK]
[20:54:31] [4] [products] WARNING: Collision. Renaming 62_1768669988837 -> 62_1768669988837_1768676071962
[20:54:31] [4] [products] 62_1768669988837 -> 62_1768669988837_1768676071962 [OK]
[20:54:31] [4] [products] WARNING: Collision. Renaming 63 -> 63_1768676071968
[20:54:31] [4] [products] 63 -> 63_1768676071968 [OK]
[20:54:31] [4] [products] WARNING: Collision. Renaming 63_1768669988841 -> 63_1768669988841_1768676071971
[20:54:31] [4] [products] 63_1768669988841 -> 63_1768669988841_1768676071971 [OK]
[20:54:31] [4] [products] WARNING: Collision. Renaming 64 -> 64_1768676071973
[20:54:31] [4] [products] 64 -> 64_1768676071973 [OK]
[20:54:31] [4] [products] WARNING: Collision. Renaming 64_1768669988897 -> 64_1768669988897_1768676071976
[20:54:31] [4] [products] 64_1768669988897 -> 64_1768669988897_1768676071976 [OK]
[20:54:31] [4] [products] WARNING: Collision. Renaming 65 -> 65_1768676071979
[20:54:31] [4] [products] 65 -> 65_1768676071979 [OK]
[20:54:32] [4] [products] WARNING: Collision. Renaming 65_1768669988902 -> 65_1768669988902_1768676072378
[20:54:32] [4] [products] 65_1768669988902 -> 65_1768669988902_1768676072378 [OK]
[20:54:32] [4] [products] WARNING: Collision. Renaming 66 -> 66_1768676072586
[20:54:32] [4] [products] 66 -> 66_1768676072586 [OK]
[20:54:32] [4] [products] WARNING: Collision. Renaming 66_1768669988905 -> 66_1768669988905_1768676072590
[20:54:32] [4] [products] 66_1768669988905 -> 66_1768669988905_1768676072590 [OK]
[20:54:32] [4] [products] WARNING: Collision. Renaming 67 -> 67_1768676072593
[20:54:32] [4] [products] 67 -> 67_1768676072593 [OK]
[20:54:32] [4] [products] WARNING: Collision. Renaming 67_1768669988910 -> 67_1768669988910_1768676072597
[20:54:32] [4] [products] 67_1768669988910 -> 67_1768669988910_1768676072597 [OK]
[20:54:32] [4] [products] WARNING: Collision. Renaming 68 -> 68_1768676072607
[20:54:32] [4] [products] 68 -> 68_1768676072607 [OK]
[20:54:32] [4] [products] WARNING: Collision. Renaming 68_1768669988913 -> 68_1768669988913_1768676072621
[20:54:32] [4] [products] 68_1768669988913 -> 68_1768669988913_1768676072621 [OK]
[20:54:32] [4] [products] WARNING: Collision. Renaming 69 -> 69_1768676072627
[20:54:32] [4] [products] 69 -> 69_1768676072627 [OK]
[20:54:32] [4] [products] WARNING: Collision. Renaming 69_1768669988924 -> 69_1768669988924_1768676072695
[20:54:32] [4] [products] 69_1768669988924 -> 69_1768669988924_1768676072695 [OK]
[20:54:32] [4] [products] WARNING: Collision. Renaming 6_1768669988826 -> 6_1768669988826_1768676072712
[20:54:32] [4] [products] 6_1768669988826 -> 6_1768669988826_1768676072712 [OK]
[20:54:32] [4] [products] WARNING: Collision. Renaming 70 -> 70_1768676072718
[20:54:32] [4] [products] 70 -> 70_1768676072718 [OK]
[20:54:32] [4] [products] WARNING: Collision. Renaming 70_1768669988932 -> 70_1768669988932_1768676072722
[20:54:32] [4] [products] 70_1768669988932 -> 70_1768669988932_1768676072722 [OK]
[20:54:32] [4] [products] WARNING: Collision. Renaming 71 -> 71_1768676072725
[20:54:32] [4] [products] 71 -> 71_1768676072725 [OK]
[20:54:32] [4] [products] WARNING: Collision. Renaming 71_1768669988940 -> 71_1768669988940_1768676072735
[20:54:32] [4] [products] 71_1768669988940 -> 71_1768669988940_1768676072735 [OK]
[20:54:32] [4] [products] WARNING: Collision. Renaming 73 -> 73_1768676072738
[20:54:32] [4] [products] 73 -> 73_1768676072738 [OK]
[20:54:32] [4] [products] WARNING: Collision. Renaming 73_1768669988943 -> 73_1768669988943_1768676072741
[20:54:32] [4] [products] 73_1768669988943 -> 73_1768669988943_1768676072741 [OK]
[20:54:32] [4] [products] WARNING: Collision. Renaming 74 -> 74_1768676072743
[20:54:32] [4] [products] 74 -> 74_1768676072743 [OK]
[20:54:32] [4] [products] WARNING: Collision. Renaming 74_1768669989024 -> 74_1768669989024_1768676072747
[20:54:32] [4] [products] 74_1768669989024 -> 74_1768669989024_1768676072747 [OK]
[20:54:32] [4] [products] WARNING: Collision. Renaming 75 -> 75_1768676072753
[20:54:32] [4] [products] 75 -> 75_1768676072753 [OK]
[20:54:32] [4] [products] WARNING: Collision. Renaming 75_1768669989041 -> 75_1768669989041_1768676072797
[20:54:32] [4] [products] 75_1768669989041 -> 75_1768669989041_1768676072797 [OK]
[20:54:32] [4] [products] WARNING: Collision. Renaming 76 -> 76_1768676072804
[20:54:32] [4] [products] 76 -> 76_1768676072804 [OK]
[20:54:32] [4] [products] WARNING: Collision. Renaming 76_1768669989135 -> 76_1768669989135_1768676072807
[20:54:32] [4] [products] 76_1768669989135 -> 76_1768669989135_1768676072807 [OK]
[20:54:32] [4] [products] WARNING: Collision. Renaming 77 -> 77_1768676072810
[20:54:32] [4] [products] 77 -> 77_1768676072810 [OK]
[20:54:32] [4] [products] WARNING: Collision. Renaming 77_1768669989143 -> 77_1768669989143_1768676072822
[20:54:32] [4] [products] 77_1768669989143 -> 77_1768669989143_1768676072822 [OK]
[20:54:32] [4] [products] WARNING: Collision. Renaming 78 -> 78_1768676072825
[20:54:32] [4] [products] 78 -> 78_1768676072825 [OK]
[20:54:32] [4] [products] WARNING: Collision. Renaming 78_1768669989146 -> 78_1768669989146_1768676072827
[20:54:32] [4] [products] 78_1768669989146 -> 78_1768669989146_1768676072827 [OK]
[20:54:32] [4] [products] WARNING: Collision. Renaming 79 -> 79_1768676072831
[20:54:32] [4] [products] 79 -> 79_1768676072831 [OK]
[20:54:32] [4] [products] WARNING: Collision. Renaming 79_1768669989153 -> 79_1768669989153_1768676072835
[20:54:32] [4] [products] 79_1768669989153 -> 79_1768669989153_1768676072835 [OK]
[20:54:32] [4] [products] WARNING: Collision. Renaming 8 -> 8_1768676072839
[20:54:32] [4] [products] 8 -> 8_1768676072839 [OK]
[20:54:32] [4] [products] WARNING: Collision. Renaming 80 -> 80_1768676072841
[20:54:32] [4] [products] 80 -> 80_1768676072841 [OK]
[20:54:32] [4] [products] WARNING: Collision. Renaming 80_1768669989181 -> 80_1768669989181_1768676072889
[20:54:32] [4] [products] 80_1768669989181 -> 80_1768669989181_1768676072889 [OK]
[20:54:32] [4] [products] WARNING: Collision. Renaming 81 -> 81_1768676072893
[20:54:32] [4] [products] 81 -> 81_1768676072893 [OK]
[20:54:32] [4] [products] WARNING: Collision. Renaming 81_1768669989185 -> 81_1768669989185_1768676072895
[20:54:32] [4] [products] 81_1768669989185 -> 81_1768669989185_1768676072895 [OK]
[20:54:32] [4] [products] WARNING: Collision. Renaming 82 -> 82_1768676072903
[20:54:32] [4] [products] 82 -> 82_1768676072903 [OK]
[20:54:32] [4] [products] WARNING: Collision. Renaming 82_1768669989188 -> 82_1768669989188_1768676072909
[20:54:32] [4] [products] 82_1768669989188 -> 82_1768669989188_1768676072909 [OK]
[20:54:32] [4] [products] WARNING: Collision. Renaming 83 -> 83_1768676072961
[20:54:32] [4] [products] 83 -> 83_1768676072961 [OK]
[20:54:32] [4] [products] WARNING: Collision. Renaming 83_1768669989192 -> 83_1768669989192_1768676072968
[20:54:32] [4] [products] 83_1768669989192 -> 83_1768669989192_1768676072968 [OK]
[20:54:32] [4] [products] WARNING: Collision. Renaming 84 -> 84_1768676072971
[20:54:32] [4] [products] 84 -> 84_1768676072971 [OK]
[20:54:32] [4] [products] WARNING: Collision. Renaming 84_1768669989210 -> 84_1768669989210_1768676072974
[20:54:32] [4] [products] 84_1768669989210 -> 84_1768669989210_1768676072974 [OK]
[20:54:32] [4] [products] WARNING: Collision. Renaming 85 -> 85_1768676072976
[20:54:32] [4] [products] 85 -> 85_1768676072976 [OK]
[20:54:32] [4] [products] WARNING: Collision. Renaming 85_1768669989217 -> 85_1768669989217_1768676072978
[20:54:32] [4] [products] 85_1768669989217 -> 85_1768669989217_1768676072978 [OK]
[20:54:32] [4] [products] WARNING: Collision. Renaming 86 -> 86_1768676073035
[20:54:32] [4] [products] 86 -> 86_1768676073035 [OK]
[20:54:33] [4] [products] WARNING: Collision. Renaming 86_1768669989226 -> 86_1768669989226_1768676073051
[20:54:33] [4] [products] 86_1768669989226 -> 86_1768669989226_1768676073051 [OK]
[20:54:33] [4] [products] WARNING: Collision. Renaming 87 -> 87_1768676073056
[20:54:33] [4] [products] 87 -> 87_1768676073056 [OK]
[20:54:33] [4] [products] WARNING: Collision. Renaming 87_1768669989228 -> 87_1768669989228_1768676073097
[20:54:33] [4] [products] 87_1768669989228 -> 87_1768669989228_1768676073097 [OK]
[20:54:33] [4] [products] WARNING: Collision. Renaming 88 -> 88_1768676073102
[20:54:33] [4] [products] 88 -> 88_1768676073102 [OK]
[20:54:33] [4] [products] WARNING: Collision. Renaming 88_1768669989231 -> 88_1768669989231_1768676073106
[20:54:33] [4] [products] 88_1768669989231 -> 88_1768669989231_1768676073106 [OK]
[20:54:33] [4] [products] WARNING: Collision. Renaming 89 -> 89_1768676073109
[20:54:33] [4] [products] 89 -> 89_1768676073109 [OK]
[20:54:33] [4] [products] WARNING: Collision. Renaming 89_1768669989236 -> 89_1768669989236_1768676073113
[20:54:33] [4] [products] 89_1768669989236 -> 89_1768669989236_1768676073113 [OK]
[20:54:33] [4] [products] WARNING: Collision. Renaming 8_1768669989177 -> 8_1768669989177_1768676073118
[20:54:33] [4] [products] 8_1768669989177 -> 8_1768669989177_1768676073118 [OK]
[20:54:33] [4] [products] WARNING: Collision. Renaming 9 -> 9_1768676073121
[20:54:33] [4] [products] 9 -> 9_1768676073121 [OK]
[20:54:33] [4] [products] WARNING: Collision. Renaming 90 -> 90_1768676073123
[20:54:33] [4] [products] 90 -> 90_1768676073123 [OK]
[20:54:33] [4] [products] WARNING: Collision. Renaming 90_1768669989243 -> 90_1768669989243_1768676073126
[20:54:33] [4] [products] 90_1768669989243 -> 90_1768669989243_1768676073126 [OK]
[20:54:33] [4] [products] WARNING: Collision. Renaming 91 -> 91_1768676073129
[20:54:33] [4] [products] 91 -> 91_1768676073129 [OK]
[20:54:33] [4] [products] WARNING: Collision. Renaming 91_1768669989245 -> 91_1768669989245_1768676073148
[20:54:33] [4] [products] 91_1768669989245 -> 91_1768669989245_1768676073148 [OK]
[20:54:33] [4] [products] WARNING: Collision. Renaming 92 -> 92_1768676073177
[20:54:33] [4] [products] 92 -> 92_1768676073177 [OK]
[20:54:33] [4] [products] WARNING: Collision. Renaming 92_1768669989248 -> 92_1768669989248_1768676073180
[20:54:33] [4] [products] 92_1768669989248 -> 92_1768669989248_1768676073180 [OK]
[20:54:33] [4] [products] WARNING: Collision. Renaming 93 -> 93_1768676073186
[20:54:33] [4] [products] 93 -> 93_1768676073186 [OK]
[20:54:33] [4] [products] WARNING: Collision. Renaming 93_1768669989250 -> 93_1768669989250_1768676073189
[20:54:33] [4] [products] 93_1768669989250 -> 93_1768669989250_1768676073189 [OK]
[20:54:33] [4] [products] WARNING: Collision. Renaming 94 -> 94_1768676073191
[20:54:33] [4] [products] 94 -> 94_1768676073191 [OK]
[20:54:33] [4] [products] WARNING: Collision. Renaming 94_1768669989277 -> 94_1768669989277_1768676073193
[20:54:33] [4] [products] 94_1768669989277 -> 94_1768669989277_1768676073193 [OK]
[20:54:33] [4] [products] WARNING: Collision. Renaming 95 -> 95_1768676073196
[20:54:33] [4] [products] 95 -> 95_1768676073196 [OK]
[20:54:33] [4] [products] WARNING: Collision. Renaming 95_1768669989281 -> 95_1768669989281_1768676073202
[20:54:33] [4] [products] 95_1768669989281 -> 95_1768669989281_1768676073202 [OK]
[20:54:33] [4] [products] WARNING: Collision. Renaming 96 -> 96_1768676073205
[20:54:33] [4] [products] 96 -> 96_1768676073205 [OK]
[20:54:33] [4] [products] WARNING: Collision. Renaming 96_1768669989285 -> 96_1768669989285_1768676073208
[20:54:33] [4] [products] 96_1768669989285 -> 96_1768669989285_1768676073208 [OK]
[20:54:33] [4] [products] WARNING: Collision. Renaming 97 -> 97_1768676073246
[20:54:33] [4] [products] 97 -> 97_1768676073246 [OK]
[20:54:33] [4] [products] WARNING: Collision. Renaming 97_1768669989290 -> 97_1768669989290_1768676073253
[20:54:33] [4] [products] 97_1768669989290 -> 97_1768669989290_1768676073253 [OK]
[20:54:33] [4] [products] WARNING: Collision. Renaming 98 -> 98_1768676073257
[20:54:33] [4] [products] 98 -> 98_1768676073257 [OK]
[20:54:33] [4] [products] WARNING: Collision. Renaming 98_1768669989297 -> 98_1768669989297_1768676073260
[20:54:33] [4] [products] 98_1768669989297 -> 98_1768669989297_1768676073260 [OK]
[20:54:33] [4] [products] WARNING: Collision. Renaming 99 -> 99_1768676073263
[20:54:33] [4] [products] 99 -> 99_1768676073263 [OK]
[20:54:33] [4] [products] WARNING: Collision. Renaming 99_1768669989356 -> 99_1768669989356_1768676073268
[20:54:33] [4] [products] 99_1768669989356 -> 99_1768669989356_1768676073268 [OK]
[20:54:33] [4] [products] WARNING: Collision. Renaming 9_1768669989239 -> 9_1768669989239_1768676073270
[20:54:33] [4] [products] 9_1768669989239 -> 9_1768669989239_1768676073270 [OK]
[20:54:33] [4] [profile] WARNING: Collision. Renaming 1 -> 1_1768676073308
[20:54:33] [4] [profile] 1 -> 1_1768676073308 [OK]
[20:54:33] [4] [profile] WARNING: Collision. Renaming 1_1768669989360 -> 1_1768669989360_1768676073312
[20:54:33] [4] [profile] 1_1768669989360 -> 1_1768669989360_1768676073312 [OK]
[20:54:33] [4] [profile] WARNING: Collision. Renaming 3c5f02a6_75b2d7c2.png -> 3c5f02a6_75b2d7c2.png_1768676073317
[20:54:33] [4] [profile] 3c5f02a6_75b2d7c2.png -> 3c5f02a6_75b2d7c2.png_1768676073317 [OK]
[20:54:33] [4] [profile] WARNING: Collision. Renaming 3c5f02a6_75b2d7c2.png_1768669989365 -> 3c5f02a6_75b2d7c2.png_1768669989365_1768676073319
[20:54:33] [4] [profile] 3c5f02a6_75b2d7c2.png_1768669989365 -> 3c5f02a6_75b2d7c2.png_1768669989365_1768676073319 [OK]
[20:54:33] [4] [profile] WARNING: Collision. Renaming Apigee-512-color.png -> Apigee-512-color.png_1768676073321
[20:54:33] [4] [profile] Apigee-512-color.png -> Apigee-512-color.png_1768676073321 [OK]
[20:54:33] [4] [profile] WARNING: Collision. Renaming Apigee-512-color.png_1768669989368 -> Apigee-512-color.png_1768669989368_1768676073323
[20:54:33] [4] [profile] Apigee-512-color.png_1768669989368 -> Apigee-512-color.png_1768669989368_1768676073323 [OK]
[20:54:33] [4] [users] WARNING: Collision. Renaming 1 -> 1_1768676073325
[20:54:33] [4] [users] 1 -> 1_1768676073325 [OK]
[20:54:33] [4] [users] WARNING: Collision. Renaming 18 -> 18_1768676073330
[20:54:33] [4] [users] 18 -> 18_1768676073330 [OK]
[20:54:33] [4] [users] WARNING: Collision. Renaming 18_1768669989374 -> 18_1768669989374_1768676073335
[20:54:33] [4] [users] 18_1768669989374 -> 18_1768669989374_1768676073335 [OK]
[20:54:33] [4] [users] WARNING: Collision. Renaming 1_1768669989371 -> 1_1768669989371_1768676073339
[20:54:33] [4] [users] 1_1768669989371 -> 1_1768669989371_1768676073339 [OK]
[20:54:33] [4] [users] WARNING: Collision. Renaming 2 -> 2_1768676073342
[20:54:33] [4] [users] 2 -> 2_1768676073342 [OK]
[20:54:33] [4] [users] WARNING: Collision. Renaming 2_1768669989584 -> 2_1768669989584_1768676073344
[20:54:33] [4] [users] 2_1768669989584 -> 2_1768669989584_1768676073344 [OK]
[20:54:33] [4] [users] WARNING: Collision. Renaming 36 -> 36_1768676073569
[20:54:33] [4] [users] 36 -> 36_1768676073569 [OK]
[20:54:33] [4] [users] WARNING: Collision. Renaming 36_1768669989808 -> 36_1768669989808_1768676073585
[20:54:33] [4] [users] 36_1768669989808 -> 36_1768669989808_1768676073585 [OK]
[20:54:33] [4] [users] WARNING: Collision. Renaming 6 -> 6_1768676073589
[20:54:33] [4] [users] 6 -> 6_1768676073589 [OK]
[20:54:33] [4] [users] WARNING: Collision. Renaming 6_1768669989812 -> 6_1768669989812_1768676073591
[20:54:33] [4] [users] 6_1768669989812 -> 6_1768669989812_1768676073591 [OK]
=========================================
MIGRATION SUMMARY
Total Tenants Processed: 124
Total Files Moved: 343
Errors: 0
=========================================
