=== Tenant Migration Log Started: 2026-01-17T18:32:54.887233200 ===
[18:32:54] [4] [brands] 98 -> 98 [OK]
[18:32:54] [4] [categories] 1 -> 1 [OK]
[18:32:54] [4] [categories] 10 -> 10 [OK]
[18:32:54] [4] [categories] 10_1768627859918 -> 10_1768627859918 [OK]
[18:32:54] [4] [categories] 10_1768627946984 -> 10_1768627946984 [OK]
[18:32:54] [4] [categories] 10_1768666667144 -> 10_1768666667144 [OK]
[18:32:54] [4] [categories] 11 -> 11 [OK]
[18:32:54] [4] [categories] 11_1768627859925 -> 11_1768627859925 [OK]
[18:32:54] [4] [categories] 11_1768627946988 -> 11_1768627946988 [OK]
[18:32:54] [4] [categories] 11_1768666667150 -> 11_1768666667150 [OK]
[18:32:54] [4] [categories] 12 -> 12 [OK]
[18:32:54] [4] [categories] 12_1768627859955 -> 12_1768627859955 [OK]
[18:32:54] [4] [categories] 12_1768627946995 -> 12_1768627946995 [OK]
[18:32:54] [4] [categories] 12_1768666667154 -> 12_1768666667154 [OK]
[18:32:54] [4] [categories] 13 -> 13 [OK]
[18:32:54] [4] [categories] 13_1768627859971 -> 13_1768627859971 [OK]
[18:32:54] [4] [categories] 13_1768627946998 -> 13_1768627946998 [OK]
[18:32:54] [4] [categories] 13_1768666667158 -> 13_1768666667158 [OK]
[18:32:54] [4] [categories] 14 -> 14 [OK]
[18:32:54] [4] [categories] 14_1768627859974 -> 14_1768627859974 [OK]
[18:32:54] [4] [categories] 14_1768627947000 -> 14_1768627947000 [OK]
[18:32:54] [4] [categories] 14_1768666667162 -> 14_1768666667162 [OK]
[18:32:54] [4] [categories] 15 -> 15 [OK]
[18:32:54] [4] [categories] 15_1768627859991 -> 15_1768627859991 [OK]
[18:32:54] [4] [categories] 15_1768627947004 -> 15_1768627947004 [OK]
[18:32:54] [4] [categories] 15_1768666667168 -> 15_1768666667168 [OK]
[18:32:54] [4] [categories] 16 -> 16 [OK]
[18:32:54] [4] [categories] 16_1768627860006 -> 16_1768627860006 [OK]
[18:32:54] [4] [categories] 16_1768627947008 -> 16_1768627947008 [OK]
[18:32:54] [4] [categories] 16_1768666667172 -> 16_1768666667172 [OK]
[18:32:54] [4] [categories] 17 -> 17 [OK]
[18:32:54] [4] [categories] 17_1768627860009 -> 17_1768627860009 [OK]
[18:32:54] [4] [categories] 17_1768627947011 -> 17_1768627947011 [OK]
[18:32:55] [4] [categories] 17_1768666667176 -> 17_1768666667176 [OK]
[18:32:55] [4] [categories] 18 -> 18 [OK]
[18:32:55] [4] [categories] 18_1768627860017 -> 18_1768627860017 [OK]
[18:32:55] [4] [categories] 18_1768627947015 -> 18_1768627947015 [OK]
[18:32:55] [4] [categories] 18_1768666667180 -> 18_1768666667180 [OK]
[18:32:55] [4] [categories] 19 -> 19 [OK]
[18:32:55] [4] [categories] 19_1768627860020 -> 19_1768627860020 [OK]
[18:32:55] [4] [categories] 19_1768627947018 -> 19_1768627947018 [OK]
[18:32:55] [4] [categories] 19_1768666667183 -> 19_1768666667183 [OK]
[18:32:55] [4] [categories] 1_1768627859910 -> 1_1768627859910 [OK]
[18:32:55] [4] [categories] 1_1768627946980 -> 1_1768627946980 [OK]
[18:32:55] [4] [categories] 1_1768666667140 -> 1_1768666667140 [OK]
[18:32:55] [4] [categories] 2 -> 2 [OK]
[18:32:55] [4] [categories] 20 -> 20 [OK]
[18:32:55] [4] [categories] 20_1768627860028 -> 20_1768627860028 [OK]
[18:32:55] [4] [categories] 20_1768627947026 -> 20_1768627947026 [OK]
[18:32:55] [4] [categories] 20_1768666667188 -> 20_1768666667188 [OK]
[18:32:55] [4] [categories] 21 -> 21 [OK]
[18:32:55] [4] [categories] 21_1768627860077 -> 21_1768627860077 [OK]
[18:32:55] [4] [categories] 21_1768627947035 -> 21_1768627947035 [OK]
[18:32:55] [4] [categories] 21_1768666667191 -> 21_1768666667191 [OK]
[18:32:55] [4] [categories] 22 -> 22 [OK]
[18:32:55] [4] [categories] 22_1768627860082 -> 22_1768627860082 [OK]
[18:32:55] [4] [categories] 22_1768627947050 -> 22_1768627947050 [OK]
[18:32:55] [4] [categories] 22_1768666667194 -> 22_1768666667194 [OK]
[18:32:55] [4] [categories] 23 -> 23 [OK]
[18:32:55] [4] [categories] 23_1768627860095 -> 23_1768627860095 [OK]
[18:32:55] [4] [categories] 23_1768627947054 -> 23_1768627947054 [OK]
[18:32:55] [4] [categories] 23_1768666667198 -> 23_1768666667198 [OK]
[18:32:55] [4] [categories] 24 -> 24 [OK]
[18:32:55] [4] [categories] 24_1768627860097 -> 24_1768627860097 [OK]
[18:32:55] [4] [categories] 24_1768627947059 -> 24_1768627947059 [OK]
[18:32:55] [4] [categories] 24_1768666667201 -> 24_1768666667201 [OK]
[18:32:55] [4] [categories] 25 -> 25 [OK]
[18:32:55] [4] [categories] 25_1768627860104 -> 25_1768627860104 [OK]
[18:32:55] [4] [categories] 25_1768627947063 -> 25_1768627947063 [OK]
[18:32:55] [4] [categories] 25_1768666667204 -> 25_1768666667204 [OK]
[18:32:55] [4] [categories] 26 -> 26 [OK]
[18:32:55] [4] [categories] 26_1768627860113 -> 26_1768627860113 [OK]
[18:32:55] [4] [categories] 26_1768627947066 -> 26_1768627947066 [OK]
[18:32:55] [4] [categories] 26_1768666667207 -> 26_1768666667207 [OK]
[18:32:55] [4] [categories] 27 -> 27 [OK]
[18:32:55] [4] [categories] 27_1768627860115 -> 27_1768627860115 [OK]
[18:32:55] [4] [categories] 27_1768627947069 -> 27_1768627947069 [OK]
[18:32:55] [4] [categories] 27_1768666667210 -> 27_1768666667210 [OK]
[18:32:55] [4] [categories] 28 -> 28 [OK]
[18:32:55] [4] [categories] 28_1768627860122 -> 28_1768627860122 [OK]
[18:32:55] [4] [categories] 28_1768627947072 -> 28_1768627947072 [OK]
[18:32:55] [4] [categories] 28_1768666667213 -> 28_1768666667213 [OK]
[18:32:55] [4] [categories] 29 -> 29 [OK]
[18:32:55] [4] [categories] 29_1768627860126 -> 29_1768627860126 [OK]
[18:32:55] [4] [categories] 29_1768627947078 -> 29_1768627947078 [OK]
[18:32:55] [4] [categories] 29_1768666667217 -> 29_1768666667217 [OK]
[18:32:55] [4] [categories] 2_1768627860025 -> 2_1768627860025 [OK]
[18:32:55] [4] [categories] 2_1768627947021 -> 2_1768627947021 [OK]
[18:32:55] [4] [categories] 2_1768666667186 -> 2_1768666667186 [OK]
[18:32:55] [4] [categories] 3 -> 3 [OK]
[18:32:55] [4] [categories] 30 -> 30 [OK]
[18:32:55] [4] [categories] 30_1768627860134 -> 30_1768627860134 [OK]
[18:32:55] [4] [categories] 30_1768627947084 -> 30_1768627947084 [OK]
[18:32:55] [4] [categories] 30_1768666667223 -> 30_1768666667223 [OK]
[18:32:55] [4] [categories] 31 -> 31 [OK]
[18:32:55] [4] [categories] 31_1768627860207 -> 31_1768627860207 [OK]
[18:32:55] [4] [categories] 31_1768627947101 -> 31_1768627947101 [OK]
[18:32:55] [4] [categories] 31_1768666667226 -> 31_1768666667226 [OK]
[18:32:55] [4] [categories] 3_1768627860130 -> 3_1768627860130 [OK]
[18:32:55] [4] [categories] 3_1768627947081 -> 3_1768627947081 [OK]
[18:32:55] [4] [categories] 3_1768666667220 -> 3_1768666667220 [OK]
[18:32:55] [4] [categories] 5 -> 5 [OK]
[18:32:55] [4] [categories] 5_1768627860213 -> 5_1768627860213 [OK]
[18:32:55] [4] [categories] 5_1768627947103 -> 5_1768627947103 [OK]
[18:32:55] [4] [categories] 5_1768666667231 -> 5_1768666667231 [OK]
[18:32:55] [4] [categories] 6 -> 6 [OK]
[18:32:55] [4] [categories] 6_1768627860219 -> 6_1768627860219 [OK]
[18:32:55] [4] [categories] 6_1768627947106 -> 6_1768627947106 [OK]
[18:32:55] [4] [categories] 6_1768666667234 -> 6_1768666667234 [OK]
[18:32:55] [4] [categories] 8 -> 8 [OK]
[18:32:55] [4] [categories] 8_1768627860224 -> 8_1768627860224 [OK]
[18:32:55] [4] [categories] 8_1768627947112 -> 8_1768627947112 [OK]
[18:32:55] [4] [categories] 8_1768666667237 -> 8_1768666667237 [OK]
[18:32:55] [4] [categories] 9 -> 9 [OK]
[18:32:55] [4] [categories] 9_1768627860227 -> 9_1768627860227 [OK]
[18:32:55] [4] [categories] 9_1768627947114 -> 9_1768627947114 [OK]
[18:32:55] [4] [categories] 9_1768666667241 -> 9_1768666667241 [OK]
[18:32:55] [4] [customers] 10 -> 10 [OK]
[18:32:55] [4] [customers] 10_1768624694139 -> 10_1768624694139 [OK]
[18:32:55] [4] [customers] 10_1768627774747 -> 10_1768627774747 [OK]
[18:32:55] [4] [customers] 10_1768627860289 -> 10_1768627860289 [OK]
[18:32:55] [4] [customers] 10_1768627947119 -> 10_1768627947119 [OK]
[18:32:55] [4] [customers] 10_1768666667244 -> 10_1768666667244 [OK]
[18:32:55] [4] [customers] 18 -> 18 [OK]
[18:32:55] [4] [customers] 18_1768624694141 -> 18_1768624694141 [OK]
[18:32:55] [4] [customers] 18_1768627774761 -> 18_1768627774761 [OK]
[18:32:55] [4] [customers] 18_1768627860293 -> 18_1768627860293 [OK]
[18:32:55] [4] [customers] 18_1768627947123 -> 18_1768627947123 [OK]
[18:32:55] [4] [customers] 18_1768666667248 -> 18_1768666667248 [OK]
[18:32:55] [4] [customers] 7 -> 7 [OK]
[18:32:55] [4] [customers] 7_1768624694144 -> 7_1768624694144 [OK]
[18:32:55] [4] [customers] 7_1768627774764 -> 7_1768627774764 [OK]
[18:32:55] [4] [customers] 7_1768627860299 -> 7_1768627860299 [OK]
[18:32:55] [4] [customers] 7_1768627947128 -> 7_1768627947128 [OK]
[18:32:55] [4] [customers] 7_1768666667250 -> 7_1768666667250 [OK]
[18:32:55] [4] [customers] 87 -> 87 [OK]
[18:32:55] [4] [customers] 87_1768627860302 -> 87_1768627860302 [OK]
[18:32:55] [4] [customers] 87_1768627947131 -> 87_1768627947131 [OK]
[18:32:55] [4] [customers] 87_1768666667252 -> 87_1768666667252 [OK]
[18:32:55] [4] [customers] 88 -> 88 [OK]
[18:32:55] [4] [customers] 88_1768627860306 -> 88_1768627860306 [OK]
[18:32:55] [4] [customers] 88_1768627947134 -> 88_1768627947134 [OK]
[18:32:55] [4] [customers] 88_1768666667255 -> 88_1768666667255 [OK]
[18:32:55] [4] [products] 1 -> 1 [OK]
[18:32:55] [4] [products] 10 -> 10 [OK]
[18:32:55] [4] [products] 100 -> 100 [OK]
[18:32:55] [4] [products] 100_1768627860318 -> 100_1768627860318 [OK]
[18:32:55] [4] [products] 100_1768627947146 -> 100_1768627947146 [OK]
[18:32:55] [4] [products] 100_1768666667263 -> 100_1768666667263 [OK]
[18:32:55] [4] [products] 101 -> 101 [OK]
[18:32:55] [4] [products] 101_1768627860333 -> 101_1768627860333 [OK]
[18:32:55] [4] [products] 101_1768627947150 -> 101_1768627947150 [OK]
[18:32:55] [4] [products] 101_1768666667266 -> 101_1768666667266 [OK]
[18:32:55] [4] [products] 102 -> 102 [OK]
[18:32:55] [4] [products] 102_1768627860337 -> 102_1768627860337 [OK]
[18:32:55] [4] [products] 102_1768627947152 -> 102_1768627947152 [OK]
[18:32:55] [4] [products] 102_1768666667269 -> 102_1768666667269 [OK]
[18:32:55] [4] [products] 103 -> 103 [OK]
[18:32:55] [4] [products] 103_1768627860340 -> 103_1768627860340 [OK]
[18:32:55] [4] [products] 103_1768627947156 -> 103_1768627947156 [OK]
[18:32:55] [4] [products] 103_1768666667271 -> 103_1768666667271 [OK]
[18:32:55] [4] [products] 104 -> 104 [OK]
[18:32:55] [4] [products] 104_1768627860344 -> 104_1768627860344 [OK]
[18:32:55] [4] [products] 104_1768627947164 -> 104_1768627947164 [OK]
[18:32:55] [4] [products] 104_1768666667273 -> 104_1768666667273 [OK]
[18:32:55] [4] [products] 105 -> 105 [OK]
[18:32:55] [4] [products] 105_1768627860352 -> 105_1768627860352 [OK]
[18:32:55] [4] [products] 105_1768627947167 -> 105_1768627947167 [OK]
[18:32:55] [4] [products] 105_1768666667275 -> 105_1768666667275 [OK]
[18:32:55] [4] [products] 106 -> 106 [OK]
[18:32:55] [4] [products] 106_1768627860360 -> 106_1768627860360 [OK]
[18:32:55] [4] [products] 106_1768627947171 -> 106_1768627947171 [OK]
[18:32:55] [4] [products] 106_1768666667277 -> 106_1768666667277 [OK]
[18:32:55] [4] [products] 10_1768627860315 -> 10_1768627860315 [OK]
[18:32:55] [4] [products] 10_1768627947143 -> 10_1768627947143 [OK]
[18:32:55] [4] [products] 10_1768666667260 -> 10_1768666667260 [OK]
[18:32:55] [4] [products] 11 -> 11 [OK]
[18:32:55] [4] [products] 11_1768627860384 -> 11_1768627860384 [OK]
[18:32:55] [4] [products] 11_1768627947180 -> 11_1768627947180 [OK]
[18:32:55] [4] [products] 11_1768666667280 -> 11_1768666667280 [OK]
[18:32:55] [4] [products] 12 -> 12 [OK]
[18:32:55] [4] [products] 12_1768627860389 -> 12_1768627860389 [OK]
[18:32:55] [4] [products] 12_1768627947190 -> 12_1768627947190 [OK]
[18:32:55] [4] [products] 12_1768666667283 -> 12_1768666667283 [OK]
[18:32:55] [4] [products] 14 -> 14 [OK]
[18:32:55] [4] [products] 14_1768627860395 -> 14_1768627860395 [OK]
[18:32:55] [4] [products] 14_1768627947200 -> 14_1768627947200 [OK]
[18:32:55] [4] [products] 14_1768666667286 -> 14_1768666667286 [OK]
[18:32:55] [4] [products] 15 -> 15 [OK]
[18:32:55] [4] [products] 15_1768627860400 -> 15_1768627860400 [OK]
[18:32:55] [4] [products] 15_1768627947203 -> 15_1768627947203 [OK]
[18:32:55] [4] [products] 15_1768666667289 -> 15_1768666667289 [OK]
[18:32:55] [4] [products] 16 -> 16 [OK]
[18:32:55] [4] [products] 16_1768627860412 -> 16_1768627860412 [OK]
[18:32:55] [4] [products] 16_1768627947206 -> 16_1768627947206 [OK]
[18:32:55] [4] [products] 16_1768666667291 -> 16_1768666667291 [OK]
[18:32:55] [4] [products] 17 -> 17 [OK]
[18:32:55] [4] [products] 17_1768627860415 -> 17_1768627860415 [OK]
[18:32:55] [4] [products] 17_1768627947210 -> 17_1768627947210 [OK]
[18:32:55] [4] [products] 17_1768666667293 -> 17_1768666667293 [OK]
[18:32:55] [4] [products] 18 -> 18 [OK]
[18:32:55] [4] [products] 18_1768627860427 -> 18_1768627860427 [OK]
[18:32:55] [4] [products] 18_1768627947213 -> 18_1768627947213 [OK]
[18:32:55] [4] [products] 18_1768666667295 -> 18_1768666667295 [OK]
[18:32:55] [4] [products] 19 -> 19 [OK]
[18:32:55] [4] [products] 19_1768627860437 -> 19_1768627860437 [OK]
[18:32:55] [4] [products] 19_1768627947215 -> 19_1768627947215 [OK]
[18:32:55] [4] [products] 19_1768666667300 -> 19_1768666667300 [OK]
[18:32:55] [4] [products] 1_1768627860313 -> 1_1768627860313 [OK]
[18:32:55] [4] [products] 1_1768627947138 -> 1_1768627947138 [OK]
[18:32:55] [4] [products] 1_1768666667258 -> 1_1768666667258 [OK]
[18:32:55] [4] [products] 2 -> 2 [OK]
[18:32:55] [4] [products] 20 -> 20 [OK]
[18:32:55] [4] [products] 20_1768627860445 -> 20_1768627860445 [OK]
[18:32:55] [4] [products] 20_1768627947223 -> 20_1768627947223 [OK]
[18:32:55] [4] [products] 20_1768666667304 -> 20_1768666667304 [OK]
[18:32:55] [4] [products] 21 -> 21 [OK]
[18:32:55] [4] [products] 21_1768627860455 -> 21_1768627860455 [OK]
[18:32:55] [4] [products] 21_1768627947228 -> 21_1768627947228 [OK]
[18:32:55] [4] [products] 21_1768666667306 -> 21_1768666667306 [OK]
[18:32:55] [4] [products] 22 -> 22 [OK]
[18:32:55] [4] [products] 22_1768627860471 -> 22_1768627860471 [OK]
[18:32:55] [4] [products] 22_1768627947235 -> 22_1768627947235 [OK]
[18:32:55] [4] [products] 22_1768666667309 -> 22_1768666667309 [OK]
[18:32:55] [4] [products] 23 -> 23 [OK]
[18:32:55] [4] [products] 23_1768627860485 -> 23_1768627860485 [OK]
[18:32:55] [4] [products] 23_1768627947238 -> 23_1768627947238 [OK]
[18:32:55] [4] [products] 23_1768666667311 -> 23_1768666667311 [OK]
[18:32:55] [4] [products] 24 -> 24 [OK]
[18:32:55] [4] [products] 24_1768627860490 -> 24_1768627860490 [OK]
[18:32:55] [4] [products] 24_1768627947242 -> 24_1768627947242 [OK]
[18:32:55] [4] [products] 24_1768666667315 -> 24_1768666667315 [OK]
[18:32:55] [4] [products] 25 -> 25 [OK]
[18:32:55] [4] [products] 25_1768627860495 -> 25_1768627860495 [OK]
[18:32:55] [4] [products] 25_1768627947244 -> 25_1768627947244 [OK]
[18:32:55] [4] [products] 25_1768666667318 -> 25_1768666667318 [OK]
[18:32:55] [4] [products] 26 -> 26 [OK]
[18:32:55] [4] [products] 26_1768627860505 -> 26_1768627860505 [OK]
[18:32:55] [4] [products] 26_1768627947247 -> 26_1768627947247 [OK]
[18:32:55] [4] [products] 26_1768666667321 -> 26_1768666667321 [OK]
[18:32:55] [4] [products] 27 -> 27 [OK]
[18:32:55] [4] [products] 27_1768627860508 -> 27_1768627860508 [OK]
[18:32:55] [4] [products] 27_1768627947250 -> 27_1768627947250 [OK]
[18:32:55] [4] [products] 27_1768666667324 -> 27_1768666667324 [OK]
[18:32:55] [4] [products] 28 -> 28 [OK]
[18:32:55] [4] [products] 28_1768627860511 -> 28_1768627860511 [OK]
[18:32:55] [4] [products] 28_1768627947253 -> 28_1768627947253 [OK]
[18:32:55] [4] [products] 28_1768666667326 -> 28_1768666667326 [OK]
[18:32:55] [4] [products] 29 -> 29 [OK]
[18:32:55] [4] [products] 29_1768627860535 -> 29_1768627860535 [OK]
[18:32:55] [4] [products] 29_1768627947255 -> 29_1768627947255 [OK]
[18:32:55] [4] [products] 29_1768666667328 -> 29_1768666667328 [OK]
[18:32:55] [4] [products] 2_1768627860441 -> 2_1768627860441 [OK]
[18:32:55] [4] [products] 2_1768627947218 -> 2_1768627947218 [OK]
[18:32:55] [4] [products] 2_1768666667302 -> 2_1768666667302 [OK]
[18:32:55] [4] [products] 3 -> 3 [OK]
[18:32:55] [4] [products] 30 -> 30 [OK]
[18:32:55] [4] [products] 30_1768627860557 -> 30_1768627860557 [OK]
[18:32:55] [4] [products] 30_1768627947262 -> 30_1768627947262 [OK]
[18:32:55] [4] [products] 30_1768666667337 -> 30_1768666667337 [OK]
[18:32:55] [4] [products] 31 -> 31 [OK]
[18:32:55] [4] [products] 31_1768627860564 -> 31_1768627860564 [OK]
[18:32:55] [4] [products] 31_1768627947265 -> 31_1768627947265 [OK]
[18:32:55] [4] [products] 31_1768666667339 -> 31_1768666667339 [OK]
[18:32:55] [4] [products] 32 -> 32 [OK]
[18:32:55] [4] [products] 32_1768627860566 -> 32_1768627860566 [OK]
[18:32:55] [4] [products] 32_1768627947270 -> 32_1768627947270 [OK]
[18:32:55] [4] [products] 32_1768666667343 -> 32_1768666667343 [OK]
[18:32:55] [4] [products] 33 -> 33 [OK]
[18:32:55] [4] [products] 33_1768627860571 -> 33_1768627860571 [OK]
[18:32:55] [4] [products] 33_1768627947275 -> 33_1768627947275 [OK]
[18:32:55] [4] [products] 33_1768666667345 -> 33_1768666667345 [OK]
[18:32:55] [4] [products] 34 -> 34 [OK]
[18:32:55] [4] [products] 34_1768627860577 -> 34_1768627860577 [OK]
[18:32:55] [4] [products] 34_1768627947278 -> 34_1768627947278 [OK]
[18:32:55] [4] [products] 34_1768666667348 -> 34_1768666667348 [OK]
[18:32:55] [4] [products] 35 -> 35 [OK]
[18:32:55] [4] [products] 35_1768627860589 -> 35_1768627860589 [OK]
[18:32:55] [4] [products] 35_1768627947280 -> 35_1768627947280 [OK]
[18:32:55] [4] [products] 35_1768666667352 -> 35_1768666667352 [OK]
[18:32:55] [4] [products] 36 -> 36 [OK]
[18:32:55] [4] [products] 36_1768627860593 -> 36_1768627860593 [OK]
[18:32:55] [4] [products] 36_1768627947283 -> 36_1768627947283 [OK]
[18:32:55] [4] [products] 36_1768666667354 -> 36_1768666667354 [OK]
[18:32:55] [4] [products] 37 -> 37 [OK]
[18:32:55] [4] [products] 37_1768627860600 -> 37_1768627860600 [OK]
[18:32:55] [4] [products] 37_1768627947286 -> 37_1768627947286 [OK]
[18:32:55] [4] [products] 37_1768666667355 -> 37_1768666667355 [OK]
[18:32:55] [4] [products] 38 -> 38 [OK]
[18:32:55] [4] [products] 38_1768627860603 -> 38_1768627860603 [OK]
[18:32:55] [4] [products] 38_1768627947288 -> 38_1768627947288 [OK]
[18:32:55] [4] [products] 38_1768666667358 -> 38_1768666667358 [OK]
[18:32:55] [4] [products] 39 -> 39 [OK]
[18:32:55] [4] [products] 39_1768627860607 -> 39_1768627860607 [OK]
[18:32:55] [4] [products] 39_1768627947292 -> 39_1768627947292 [OK]
[18:32:55] [4] [products] 39_1768666667360 -> 39_1768666667360 [OK]
[18:32:55] [4] [products] 3_1768627860554 -> 3_1768627860554 [OK]
[18:32:55] [4] [products] 3_1768627947260 -> 3_1768627947260 [OK]
[18:32:55] [4] [products] 3_1768666667334 -> 3_1768666667334 [OK]
[18:32:55] [4] [products] 40 -> 40 [OK]
[18:32:55] [4] [products] 40_1768627860614 -> 40_1768627860614 [OK]
[18:32:56] [4] [products] 40_1768627947295 -> 40_1768627947295 [OK]
[18:32:56] [4] [products] 40_1768666667361 -> 40_1768666667361 [OK]
[18:32:56] [4] [products] 41 -> 41 [OK]
[18:32:56] [4] [products] 41_1768627860619 -> 41_1768627860619 [OK]
[18:32:56] [4] [products] 41_1768627947297 -> 41_1768627947297 [OK]
[18:32:56] [4] [products] 41_1768666667365 -> 41_1768666667365 [OK]
[18:32:56] [4] [products] 42 -> 42 [OK]
[18:32:56] [4] [products] 42_1768627860626 -> 42_1768627860626 [OK]
[18:32:56] [4] [products] 42_1768627947300 -> 42_1768627947300 [OK]
[18:32:56] [4] [products] 42_1768666667368 -> 42_1768666667368 [OK]
[18:32:56] [4] [products] 43 -> 43 [OK]
[18:32:56] [4] [products] 43_1768627860631 -> 43_1768627860631 [OK]
[18:32:56] [4] [products] 43_1768627947304 -> 43_1768627947304 [OK]
[18:32:56] [4] [products] 43_1768666667370 -> 43_1768666667370 [OK]
[18:32:56] [4] [products] 44 -> 44 [OK]
[18:32:56] [4] [products] 44_1768627860635 -> 44_1768627860635 [OK]
[18:32:56] [4] [products] 44_1768627947308 -> 44_1768627947308 [OK]
[18:32:56] [4] [products] 44_1768666667372 -> 44_1768666667372 [OK]
[18:32:56] [4] [products] 45 -> 45 [OK]
[18:32:56] [4] [products] 45_1768627860639 -> 45_1768627860639 [OK]
[18:32:56] [4] [products] 45_1768627947311 -> 45_1768627947311 [OK]
[18:32:56] [4] [products] 45_1768666667374 -> 45_1768666667374 [OK]
[18:32:56] [4] [products] 46 -> 46 [OK]
[18:32:56] [4] [products] 46_1768627860644 -> 46_1768627860644 [OK]
[18:32:56] [4] [products] 46_1768627947314 -> 46_1768627947314 [OK]
[18:32:56] [4] [products] 46_1768666667377 -> 46_1768666667377 [OK]
[18:32:56] [4] [products] 47 -> 47 [OK]
[18:32:56] [4] [products] 47_1768627860653 -> 47_1768627860653 [OK]
[18:32:56] [4] [products] 47_1768627947317 -> 47_1768627947317 [OK]
[18:32:56] [4] [products] 47_1768666667378 -> 47_1768666667378 [OK]
[18:32:56] [4] [products] 48 -> 48 [OK]
[18:32:56] [4] [products] 48_1768627860659 -> 48_1768627860659 [OK]
[18:32:56] [4] [products] 48_1768627947319 -> 48_1768627947319 [OK]
[18:32:56] [4] [products] 48_1768666667382 -> 48_1768666667382 [OK]
[18:32:56] [4] [products] 49 -> 49 [OK]
[18:32:56] [4] [products] 49_1768627860670 -> 49_1768627860670 [OK]
[18:32:56] [4] [products] 49_1768627947323 -> 49_1768627947323 [OK]
[18:32:56] [4] [products] 49_1768666667384 -> 49_1768666667384 [OK]
[18:32:56] [4] [products] 50 -> 50 [OK]
[18:32:56] [4] [products] 50_1768627860678 -> 50_1768627860678 [OK]
[18:32:56] [4] [products] 50_1768627947327 -> 50_1768627947327 [OK]
[18:32:56] [4] [products] 50_1768666667387 -> 50_1768666667387 [OK]
[18:32:56] [4] [products] 51 -> 51 [OK]
[18:32:56] [4] [products] 51_1768627860681 -> 51_1768627860681 [OK]
[18:32:56] [4] [products] 51_1768627947330 -> 51_1768627947330 [OK]
[18:32:56] [4] [products] 51_1768666667388 -> 51_1768666667388 [OK]
[18:32:56] [4] [products] 52 -> 52 [OK]
[18:32:56] [4] [products] 52_1768627860689 -> 52_1768627860689 [OK]
[18:32:56] [4] [products] 52_1768627947333 -> 52_1768627947333 [OK]
[18:32:56] [4] [products] 52_1768666667391 -> 52_1768666667391 [OK]
[18:32:56] [4] [products] 53 -> 53 [OK]
[18:32:56] [4] [products] 53_1768627860693 -> 53_1768627860693 [OK]
[18:32:56] [4] [products] 53_1768627947336 -> 53_1768627947336 [OK]
[18:32:56] [4] [products] 53_1768666667393 -> 53_1768666667393 [OK]
[18:32:56] [4] [products] 54 -> 54 [OK]
[18:32:56] [4] [products] 54_1768627860701 -> 54_1768627860701 [OK]
[18:32:56] [4] [products] 54_1768627947339 -> 54_1768627947339 [OK]
[18:32:56] [4] [products] 54_1768666667395 -> 54_1768666667395 [OK]
[18:32:56] [4] [products] 55 -> 55 [OK]
[18:32:56] [4] [products] 55_1768627860710 -> 55_1768627860710 [OK]
[18:32:56] [4] [products] 55_1768627947344 -> 55_1768627947344 [OK]
[18:32:56] [4] [products] 55_1768666667399 -> 55_1768666667399 [OK]
[18:32:56] [4] [products] 56 -> 56 [OK]
[18:32:56] [4] [products] 56_1768627860714 -> 56_1768627860714 [OK]
[18:32:56] [4] [products] 56_1768627947347 -> 56_1768627947347 [OK]
[18:32:56] [4] [products] 56_1768666667401 -> 56_1768666667401 [OK]
[18:32:56] [4] [products] 57 -> 57 [OK]
[18:32:56] [4] [products] 57_1768627860722 -> 57_1768627860722 [OK]
[18:32:56] [4] [products] 57_1768627947351 -> 57_1768627947351 [OK]
[18:32:56] [4] [products] 57_1768666667404 -> 57_1768666667404 [OK]
[18:32:56] [4] [products] 58 -> 58 [OK]
[18:32:56] [4] [products] 58_1768627860726 -> 58_1768627860726 [OK]
[18:32:56] [4] [products] 58_1768627947353 -> 58_1768627947353 [OK]
[18:32:56] [4] [products] 58_1768666667408 -> 58_1768666667408 [OK]
[18:32:56] [4] [products] 59 -> 59 [OK]
[18:32:56] [4] [products] 59_1768627860731 -> 59_1768627860731 [OK]
[18:32:56] [4] [products] 59_1768627947356 -> 59_1768627947356 [OK]
[18:32:56] [4] [products] 59_1768666667410 -> 59_1768666667410 [OK]
[18:32:56] [4] [products] 6 -> 6 [OK]
[18:32:56] [4] [products] 60 -> 60 [OK]
[18:32:56] [4] [products] 60_1768627860736 -> 60_1768627860736 [OK]
[18:32:56] [4] [products] 60_1768627947363 -> 60_1768627947363 [OK]
[18:32:56] [4] [products] 60_1768666667417 -> 60_1768666667417 [OK]
[18:32:56] [4] [products] 61 -> 61 [OK]
[18:32:56] [4] [products] 61_1768627860739 -> 61_1768627860739 [OK]
[18:32:56] [4] [products] 61_1768627947365 -> 61_1768627947365 [OK]
[18:32:56] [4] [products] 61_1768666667419 -> 61_1768666667419 [OK]
[18:32:56] [4] [products] 62 -> 62 [OK]
[18:32:56] [4] [products] 62_1768627860743 -> 62_1768627860743 [OK]
[18:32:56] [4] [products] 62_1768627947369 -> 62_1768627947369 [OK]
[18:32:56] [4] [products] 62_1768666667422 -> 62_1768666667422 [OK]
[18:32:56] [4] [products] 63 -> 63 [OK]
[18:32:56] [4] [products] 63_1768627860748 -> 63_1768627860748 [OK]
[18:32:56] [4] [products] 63_1768627947372 -> 63_1768627947372 [OK]
[18:32:56] [4] [products] 63_1768666667424 -> 63_1768666667424 [OK]
[18:32:56] [4] [products] 64 -> 64 [OK]
[18:32:56] [4] [products] 64_1768627860758 -> 64_1768627860758 [OK]
[18:32:56] [4] [products] 64_1768627947376 -> 64_1768627947376 [OK]
[18:32:56] [4] [products] 64_1768666667427 -> 64_1768666667427 [OK]
[18:32:56] [4] [products] 65 -> 65 [OK]
[18:32:56] [4] [products] 65_1768627860762 -> 65_1768627860762 [OK]
[18:32:56] [4] [products] 65_1768627947388 -> 65_1768627947388 [OK]
[18:32:56] [4] [products] 65_1768666667434 -> 65_1768666667434 [OK]
[18:32:56] [4] [products] 66 -> 66 [OK]
[18:32:56] [4] [products] 66_1768627860764 -> 66_1768627860764 [OK]
[18:32:56] [4] [products] 66_1768627947396 -> 66_1768627947396 [OK]
[18:32:56] [4] [products] 66_1768666667438 -> 66_1768666667438 [OK]
[18:32:56] [4] [products] 67 -> 67 [OK]
[18:32:56] [4] [products] 67_1768627860768 -> 67_1768627860768 [OK]
[18:32:56] [4] [products] 67_1768627947399 -> 67_1768627947399 [OK]
[18:32:56] [4] [products] 67_1768666667442 -> 67_1768666667442 [OK]
[18:32:56] [4] [products] 68 -> 68 [OK]
[18:32:56] [4] [products] 68_1768627860771 -> 68_1768627860771 [OK]
[18:32:56] [4] [products] 68_1768627947415 -> 68_1768627947415 [OK]
[18:32:56] [4] [products] 68_1768666667446 -> 68_1768666667446 [OK]
[18:32:56] [4] [products] 69 -> 69 [OK]
[18:32:56] [4] [products] 69_1768624694147 -> 69_1768624694147 [OK]
[18:32:56] [4] [products] 69_1768627775095 -> 69_1768627775095 [OK]
[18:32:56] [4] [products] 69_1768627860773 -> 69_1768627860773 [OK]
[18:32:56] [4] [products] 69_1768627947419 -> 69_1768627947419 [OK]
[18:32:56] [4] [products] 69_1768666667452 -> 69_1768666667452 [OK]
[18:32:56] [4] [products] 6_1768627860733 -> 6_1768627860733 [OK]
[18:32:56] [4] [products] 6_1768627947360 -> 6_1768627947360 [OK]
[18:32:56] [4] [products] 6_1768666667414 -> 6_1768666667414 [OK]
[18:32:56] [4] [products] 70 -> 70 [OK]
[18:32:56] [4] [products] 70_1768627860776 -> 70_1768627860776 [OK]
[18:32:56] [4] [products] 70_1768627947423 -> 70_1768627947423 [OK]
[18:32:56] [4] [products] 70_1768666667454 -> 70_1768666667454 [OK]
[18:32:56] [4] [products] 71 -> 71 [OK]
[18:32:56] [4] [products] 71_1768627860780 -> 71_1768627860780 [OK]
[18:32:56] [4] [products] 71_1768627947434 -> 71_1768627947434 [OK]
[18:32:56] [4] [products] 71_1768666667457 -> 71_1768666667457 [OK]
[18:32:57] [4] [products] 73 -> 73 [OK]
[18:32:57] [4] [products] 73_1768624694151 -> 73_1768624694151 [OK]
[18:32:57] [4] [products] 73_1768627775105 -> 73_1768627775105 [OK]
[18:32:57] [4] [products] 73_1768627860787 -> 73_1768627860787 [OK]
[18:32:57] [4] [products] 73_1768627947437 -> 73_1768627947437 [OK]
[18:32:57] [4] [products] 73_1768666667459 -> 73_1768666667459 [OK]
[18:32:57] [4] [products] 74 -> 74 [OK]
[18:32:57] [4] [products] 74_1768627860791 -> 74_1768627860791 [OK]
[18:32:57] [4] [products] 74_1768627947444 -> 74_1768627947444 [OK]
[18:32:57] [4] [products] 74_1768666667465 -> 74_1768666667465 [OK]
[18:32:57] [4] [products] 75 -> 75 [OK]
[18:32:57] [4] [products] 75_1768627860835 -> 75_1768627860835 [OK]
[18:32:57] [4] [products] 75_1768627947454 -> 75_1768627947454 [OK]
[18:32:57] [4] [products] 75_1768666667469 -> 75_1768666667469 [OK]
[18:32:57] [4] [products] 76 -> 76 [OK]
[18:32:57] [4] [products] 76_1768627860840 -> 76_1768627860840 [OK]
[18:32:57] [4] [products] 76_1768627947464 -> 76_1768627947464 [OK]
[18:32:57] [4] [products] 76_1768666667472 -> 76_1768666667472 [OK]
[18:32:57] [4] [products] 77 -> 77 [OK]
[18:32:57] [4] [products] 77_1768627860844 -> 77_1768627860844 [OK]
[18:32:57] [4] [products] 77_1768627947468 -> 77_1768627947468 [OK]
[18:32:57] [4] [products] 77_1768666667474 -> 77_1768666667474 [OK]
[18:32:57] [4] [products] 78 -> 78 [OK]
[18:32:57] [4] [products] 78_1768627860856 -> 78_1768627860856 [OK]
[18:32:57] [4] [products] 78_1768627947472 -> 78_1768627947472 [OK]
[18:32:57] [4] [products] 78_1768666667477 -> 78_1768666667477 [OK]
[18:32:57] [4] [products] 79 -> 79 [OK]
[18:32:57] [4] [products] 79_1768627860860 -> 79_1768627860860 [OK]
[18:32:57] [4] [products] 79_1768627947477 -> 79_1768627947477 [OK]
[18:32:57] [4] [products] 79_1768666667480 -> 79_1768666667480 [OK]
[18:32:57] [4] [products] 8 -> 8 [OK]
[18:32:57] [4] [products] 80 -> 80 [OK]
[18:32:57] [4] [products] 80_1768627860877 -> 80_1768627860877 [OK]
[18:32:57] [4] [products] 80_1768627947484 -> 80_1768627947484 [OK]
[18:32:57] [4] [products] 80_1768666667486 -> 80_1768666667486 [OK]
[18:32:57] [4] [products] 81 -> 81 [OK]
[18:32:57] [4] [products] 81_1768627861125 -> 81_1768627861125 [OK]
[18:32:57] [4] [products] 81_1768627947486 -> 81_1768627947486 [OK]
[18:32:57] [4] [products] 81_1768666667489 -> 81_1768666667489 [OK]
[18:32:57] [4] [products] 82 -> 82 [OK]
[18:32:57] [4] [products] 82_1768627861150 -> 82_1768627861150 [OK]
[18:32:57] [4] [products] 82_1768627947489 -> 82_1768627947489 [OK]
[18:32:57] [4] [products] 82_1768666667491 -> 82_1768666667491 [OK]
[18:32:57] [4] [products] 83 -> 83 [OK]
[18:32:57] [4] [products] 83_1768627861175 -> 83_1768627861175 [OK]
[18:32:57] [4] [products] 83_1768627947493 -> 83_1768627947493 [OK]
[18:32:57] [4] [products] 83_1768666667493 -> 83_1768666667493 [OK]
[18:32:57] [4] [products] 84 -> 84 [OK]
[18:32:57] [4] [products] 84_1768627861194 -> 84_1768627861194 [OK]
[18:32:57] [4] [products] 84_1768627947496 -> 84_1768627947496 [OK]
[18:32:57] [4] [products] 84_1768666667495 -> 84_1768666667495 [OK]
[18:32:57] [4] [products] 85 -> 85 [OK]
[18:32:57] [4] [products] 85_1768627861201 -> 85_1768627861201 [OK]
[18:32:57] [4] [products] 85_1768627947505 -> 85_1768627947505 [OK]
[18:32:57] [4] [products] 85_1768666667498 -> 85_1768666667498 [OK]
[18:32:57] [4] [products] 86 -> 86 [OK]
[18:32:57] [4] [products] 86_1768627861210 -> 86_1768627861210 [OK]
[18:32:57] [4] [products] 86_1768627947509 -> 86_1768627947509 [OK]
[18:32:57] [4] [products] 86_1768666667502 -> 86_1768666667502 [OK]
[18:32:57] [4] [products] 87 -> 87 [OK]
[18:32:57] [4] [products] 87_1768627861226 -> 87_1768627861226 [OK]
[18:32:57] [4] [products] 87_1768627947527 -> 87_1768627947527 [OK]
[18:32:57] [4] [products] 87_1768666667504 -> 87_1768666667504 [OK]
[18:32:57] [4] [products] 88 -> 88 [OK]
[18:32:57] [4] [products] 88_1768627861243 -> 88_1768627861243 [OK]
[18:32:57] [4] [products] 88_1768627947530 -> 88_1768627947530 [OK]
[18:32:57] [4] [products] 88_1768666667507 -> 88_1768666667507 [OK]
[18:32:57] [4] [products] 89 -> 89 [OK]
[18:32:57] [4] [products] 89_1768627861250 -> 89_1768627861250 [OK]
[18:32:57] [4] [products] 89_1768627947532 -> 89_1768627947532 [OK]
[18:32:57] [4] [products] 89_1768666667509 -> 89_1768666667509 [OK]
[18:32:57] [4] [products] 8_1768627860863 -> 8_1768627860863 [OK]
[18:32:57] [4] [products] 8_1768627947480 -> 8_1768627947480 [OK]
[18:32:57] [4] [products] 8_1768666667483 -> 8_1768666667483 [OK]
[18:32:57] [4] [products] 9 -> 9 [OK]
[18:32:57] [4] [products] 90 -> 90 [OK]
[18:32:57] [4] [products] 90_1768627861260 -> 90_1768627861260 [OK]
[18:32:57] [4] [products] 90_1768627947539 -> 90_1768627947539 [OK]
[18:32:57] [4] [products] 90_1768666667517 -> 90_1768666667517 [OK]
[18:32:57] [4] [products] 91 -> 91 [OK]
[18:32:57] [4] [products] 91_1768627861264 -> 91_1768627861264 [OK]
[18:32:57] [4] [products] 91_1768627947547 -> 91_1768627947547 [OK]
[18:32:57] [4] [products] 91_1768666667519 -> 91_1768666667519 [OK]
[18:32:57] [4] [products] 92 -> 92 [OK]
[18:32:57] [4] [products] 92_1768627861271 -> 92_1768627861271 [OK]
[18:32:57] [4] [products] 92_1768627947550 -> 92_1768627947550 [OK]
[18:32:57] [4] [products] 92_1768666667521 -> 92_1768666667521 [OK]
[18:32:57] [4] [products] 93 -> 93 [OK]
[18:32:57] [4] [products] 93_1768627861276 -> 93_1768627861276 [OK]
[18:32:57] [4] [products] 93_1768627947552 -> 93_1768627947552 [OK]
[18:32:57] [4] [products] 93_1768666667524 -> 93_1768666667524 [OK]
[18:32:57] [4] [products] 94 -> 94 [OK]
[18:32:57] [4] [products] 94_1768627861284 -> 94_1768627861284 [OK]
[18:32:57] [4] [products] 94_1768627947581 -> 94_1768627947581 [OK]
[18:32:57] [4] [products] 94_1768666667525 -> 94_1768666667525 [OK]
[18:32:57] [4] [products] 95 -> 95 [OK]
[18:32:57] [4] [products] 95_1768627861289 -> 95_1768627861289 [OK]
[18:32:57] [4] [products] 95_1768627947587 -> 95_1768627947587 [OK]
[18:32:57] [4] [products] 95_1768666667527 -> 95_1768666667527 [OK]
[18:32:57] [4] [products] 96 -> 96 [OK]
[18:32:57] [4] [products] 96_1768627861292 -> 96_1768627861292 [OK]
[18:32:57] [4] [products] 96_1768627947590 -> 96_1768627947590 [OK]
[18:32:57] [4] [products] 96_1768666667530 -> 96_1768666667530 [OK]
[18:32:57] [4] [products] 97 -> 97 [OK]
[18:32:57] [4] [products] 97_1768627861295 -> 97_1768627861295 [OK]
[18:32:57] [4] [products] 97_1768627947603 -> 97_1768627947603 [OK]
[18:32:57] [4] [products] 97_1768666667534 -> 97_1768666667534 [OK]
[18:32:57] [4] [products] 98 -> 98 [OK]
[18:32:57] [4] [products] 98_1768627861317 -> 98_1768627861317 [OK]
[18:32:57] [4] [products] 98_1768627947606 -> 98_1768627947606 [OK]
[18:32:57] [4] [products] 98_1768666667534 -> 98_1768666667534 [OK]
[18:32:57] [4] [products] 99 -> 99 [OK]
[18:32:57] [4] [products] 99_1768627861342 -> 99_1768627861342 [OK]
[18:32:57] [4] [products] 99_1768627947609 -> 99_1768627947609 [OK]
[18:32:57] [4] [products] 99_1768666667539 -> 99_1768666667539 [OK]
[18:32:57] [4] [products] 9_1768627861253 -> 9_1768627861253 [OK]
[18:32:57] [4] [products] 9_1768627947535 -> 9_1768627947535 [OK]
[18:32:57] [4] [products] 9_1768666667512 -> 9_1768666667512 [OK]
[18:32:57] [4] [profile] 1 -> 1 [OK]
[18:32:57] [4] [profile] 3c5f02a6_75b2d7c2.png -> 3c5f02a6_75b2d7c2.png [OK]
[18:32:57] [4] [users] 1 -> 1 [OK]
[18:32:57] [4] [users] 18 -> 18 [OK]
[18:32:57] [4] [users] 18_1768624694154 -> 18_1768624694154 [OK]
[18:32:57] [4] [users] 18_1768627775281 -> 18_1768627775281 [OK]
[18:32:57] [4] [users] 18_1768627861386 -> 18_1768627861386 [OK]
[18:32:57] [4] [users] 18_1768627947615 -> 18_1768627947615 [OK]
[18:32:57] [4] [users] 18_1768666667543 -> 18_1768666667543 [OK]
[18:32:57] [4] [users] 2 -> 2 [OK]
[18:32:57] [4] [users] 36 -> 36 [OK]
[18:32:57] [4] [users] 36_1768624362223 -> 36_1768624362223 [OK]
[18:32:57] [4] [users] 36_1768624694156 -> 36_1768624694156 [OK]
[18:32:57] [4] [users] 36_1768627775296 -> 36_1768627775296 [OK]
[18:32:57] [4] [users] 36_1768627861403 -> 36_1768627861403 [OK]
[18:32:57] [4] [users] 36_1768627947619 -> 36_1768627947619 [OK]
[18:32:57] [4] [users] 36_1768666667545 -> 36_1768666667545 [OK]
[18:32:57] [4] [users] 6 -> 6 [OK]
[18:32:57] [4] [users] 6_1768624694158 -> 6_1768624694158 [OK]
[18:32:57] [4] [users] 6_1768627775299 -> 6_1768627775299 [OK]
[18:32:57] [4] [users] 6_1768627861410 -> 6_1768627861410 [OK]
[18:32:57] [4] [users] 6_1768627947626 -> 6_1768627947626 [OK]
[18:32:57] [4] [users] 6_1768666667550 -> 6_1768666667550 [OK]
=========================================
MIGRATION SUMMARY
Total Tenants Processed: 124
Total Files Moved: 574
Errors: 0
=========================================
