=== Tenant Migration Log Started: 2026-01-17T07:30:59.778583600 ===
[07:30:59] [11] [users] WARNING: Collision. Renaming 33 -> 33_1768627859800
[07:30:59] [11] [users] 33 -> 33_1768627859800 [OK]
[07:30:59] [3] [categories] WARNING: Collision. Renaming 34 -> 34_1768627859876
[07:30:59] [3] [categories] 34 -> 34_1768627859876 [OK]
[07:30:59] [3] [categories] WARNING: Collision. Renaming 35 -> 35_1768627859898
[07:30:59] [3] [categories] 35 -> 35_1768627859898 [OK]
[07:30:59] [4] [categories] WARNING: Collision. Renaming 1 -> 1_1768627859910
[07:30:59] [4] [categories] 1 -> 1_1768627859910 [OK]
[07:30:59] [4] [categories] WARNING: Collision. Renaming 10 -> 10_1768627859918
[07:30:59] [4] [categories] 10 -> 10_1768627859918 [OK]
[07:30:59] [4] [categories] WARNING: Collision. Renaming 11 -> 11_1768627859925
[07:30:59] [4] [categories] 11 -> 11_1768627859925 [OK]
[07:30:59] [4] [categories] WARNING: Collision. Renaming 12 -> 12_1768627859955
[07:30:59] [4] [categories] 12 -> 12_1768627859955 [OK]
[07:30:59] [4] [categories] WARNING: Collision. Renaming 13 -> 13_1768627859971
[07:30:59] [4] [categories] 13 -> 13_1768627859971 [OK]
[07:30:59] [4] [categories] WARNING: Collision. Renaming 14 -> 14_1768627859974
[07:30:59] [4] [categories] 14 -> 14_1768627859974 [OK]
[07:30:59] [4] [categories] WARNING: Collision. Renaming 15 -> 15_1768627859991
[07:30:59] [4] [categories] 15 -> 15_1768627859991 [OK]
[07:31:00] [4] [categories] WARNING: Collision. Renaming 16 -> 16_1768627860006
[07:31:00] [4] [categories] 16 -> 16_1768627860006 [OK]
[07:31:00] [4] [categories] WARNING: Collision. Renaming 17 -> 17_1768627860009
[07:31:00] [4] [categories] 17 -> 17_1768627860009 [OK]
[07:31:00] [4] [categories] WARNING: Collision. Renaming 18 -> 18_1768627860017
[07:31:00] [4] [categories] 18 -> 18_1768627860017 [OK]
[07:31:00] [4] [categories] WARNING: Collision. Renaming 19 -> 19_1768627860020
[07:31:00] [4] [categories] 19 -> 19_1768627860020 [OK]
[07:31:00] [4] [categories] WARNING: Collision. Renaming 2 -> 2_1768627860025
[07:31:00] [4] [categories] 2 -> 2_1768627860025 [OK]
[07:31:00] [4] [categories] WARNING: Collision. Renaming 20 -> 20_1768627860028
[07:31:00] [4] [categories] 20 -> 20_1768627860028 [OK]
[07:31:00] [4] [categories] WARNING: Collision. Renaming 21 -> 21_1768627860077
[07:31:00] [4] [categories] 21 -> 21_1768627860077 [OK]
[07:31:00] [4] [categories] WARNING: Collision. Renaming 22 -> 22_1768627860082
[07:31:00] [4] [categories] 22 -> 22_1768627860082 [OK]
[07:31:00] [4] [categories] WARNING: Collision. Renaming 23 -> 23_1768627860095
[07:31:00] [4] [categories] 23 -> 23_1768627860095 [OK]
[07:31:00] [4] [categories] WARNING: Collision. Renaming 24 -> 24_1768627860097
[07:31:00] [4] [categories] 24 -> 24_1768627860097 [OK]
[07:31:00] [4] [categories] WARNING: Collision. Renaming 25 -> 25_1768627860104
[07:31:00] [4] [categories] 25 -> 25_1768627860104 [OK]
[07:31:00] [4] [categories] WARNING: Collision. Renaming 26 -> 26_1768627860113
[07:31:00] [4] [categories] 26 -> 26_1768627860113 [OK]
[07:31:00] [4] [categories] WARNING: Collision. Renaming 27 -> 27_1768627860115
[07:31:00] [4] [categories] 27 -> 27_1768627860115 [OK]
[07:31:00] [4] [categories] WARNING: Collision. Renaming 28 -> 28_1768627860122
[07:31:00] [4] [categories] 28 -> 28_1768627860122 [OK]
[07:31:00] [4] [categories] WARNING: Collision. Renaming 29 -> 29_1768627860126
[07:31:00] [4] [categories] 29 -> 29_1768627860126 [OK]
[07:31:00] [4] [categories] WARNING: Collision. Renaming 3 -> 3_1768627860130
[07:31:00] [4] [categories] 3 -> 3_1768627860130 [OK]
[07:31:00] [4] [categories] WARNING: Collision. Renaming 30 -> 30_1768627860134
[07:31:00] [4] [categories] 30 -> 30_1768627860134 [OK]
[07:31:00] [4] [categories] WARNING: Collision. Renaming 31 -> 31_1768627860207
[07:31:00] [4] [categories] 31 -> 31_1768627860207 [OK]
[07:31:00] [4] [categories] WARNING: Collision. Renaming 5 -> 5_1768627860213
[07:31:00] [4] [categories] 5 -> 5_1768627860213 [OK]
[07:31:00] [4] [categories] WARNING: Collision. Renaming 6 -> 6_1768627860219
[07:31:00] [4] [categories] 6 -> 6_1768627860219 [OK]
[07:31:00] [4] [categories] WARNING: Collision. Renaming 8 -> 8_1768627860224
[07:31:00] [4] [categories] 8 -> 8_1768627860224 [OK]
[07:31:00] [4] [categories] WARNING: Collision. Renaming 9 -> 9_1768627860227
[07:31:00] [4] [categories] 9 -> 9_1768627860227 [OK]
[07:31:00] [4] [customers] WARNING: Collision. Renaming 10 -> 10_1768627860289
[07:31:00] [4] [customers] 10 -> 10_1768627860289 [OK]
[07:31:00] [4] [customers] WARNING: Collision. Renaming 18 -> 18_1768627860293
[07:31:00] [4] [customers] 18 -> 18_1768627860293 [OK]
[07:31:00] [4] [customers] WARNING: Collision. Renaming 7 -> 7_1768627860299
[07:31:00] [4] [customers] 7 -> 7_1768627860299 [OK]
[07:31:00] [4] [customers] WARNING: Collision. Renaming 87 -> 87_1768627860302
[07:31:00] [4] [customers] 87 -> 87_1768627860302 [OK]
[07:31:00] [4] [customers] WARNING: Collision. Renaming 88 -> 88_1768627860306
[07:31:00] [4] [customers] 88 -> 88_1768627860306 [OK]
[07:31:00] [4] [products] WARNING: Collision. Renaming 1 -> 1_1768627860313
[07:31:00] [4] [products] 1 -> 1_1768627860313 [OK]
[07:31:00] [4] [products] WARNING: Collision. Renaming 10 -> 10_1768627860315
[07:31:00] [4] [products] 10 -> 10_1768627860315 [OK]
[07:31:00] [4] [products] WARNING: Collision. Renaming 100 -> 100_1768627860318
[07:31:00] [4] [products] 100 -> 100_1768627860318 [OK]
[07:31:00] [4] [products] WARNING: Collision. Renaming 101 -> 101_1768627860333
[07:31:00] [4] [products] 101 -> 101_1768627860333 [OK]
[07:31:00] [4] [products] WARNING: Collision. Renaming 102 -> 102_1768627860337
[07:31:00] [4] [products] 102 -> 102_1768627860337 [OK]
[07:31:00] [4] [products] WARNING: Collision. Renaming 103 -> 103_1768627860340
[07:31:00] [4] [products] 103 -> 103_1768627860340 [OK]
[07:31:00] [4] [products] WARNING: Collision. Renaming 104 -> 104_1768627860344
[07:31:00] [4] [products] 104 -> 104_1768627860344 [OK]
[07:31:00] [4] [products] WARNING: Collision. Renaming 105 -> 105_1768627860352
[07:31:00] [4] [products] 105 -> 105_1768627860352 [OK]
[07:31:00] [4] [products] WARNING: Collision. Renaming 106 -> 106_1768627860360
[07:31:00] [4] [products] 106 -> 106_1768627860360 [OK]
[07:31:00] [4] [products] WARNING: Collision. Renaming 11 -> 11_1768627860384
[07:31:00] [4] [products] 11 -> 11_1768627860384 [OK]
[07:31:00] [4] [products] WARNING: Collision. Renaming 12 -> 12_1768627860389
[07:31:00] [4] [products] 12 -> 12_1768627860389 [OK]
[07:31:00] [4] [products] WARNING: Collision. Renaming 14 -> 14_1768627860395
[07:31:00] [4] [products] 14 -> 14_1768627860395 [OK]
[07:31:00] [4] [products] WARNING: Collision. Renaming 15 -> 15_1768627860400
[07:31:00] [4] [products] 15 -> 15_1768627860400 [OK]
[07:31:00] [4] [products] WARNING: Collision. Renaming 16 -> 16_1768627860412
[07:31:00] [4] [products] 16 -> 16_1768627860412 [OK]
[07:31:00] [4] [products] WARNING: Collision. Renaming 17 -> 17_1768627860415
[07:31:00] [4] [products] 17 -> 17_1768627860415 [OK]
[07:31:00] [4] [products] WARNING: Collision. Renaming 18 -> 18_1768627860427
[07:31:00] [4] [products] 18 -> 18_1768627860427 [OK]
[07:31:00] [4] [products] WARNING: Collision. Renaming 19 -> 19_1768627860437
[07:31:00] [4] [products] 19 -> 19_1768627860437 [OK]
[07:31:00] [4] [products] WARNING: Collision. Renaming 2 -> 2_1768627860441
[07:31:00] [4] [products] 2 -> 2_1768627860441 [OK]
[07:31:00] [4] [products] WARNING: Collision. Renaming 20 -> 20_1768627860445
[07:31:00] [4] [products] 20 -> 20_1768627860445 [OK]
[07:31:00] [4] [products] WARNING: Collision. Renaming 21 -> 21_1768627860455
[07:31:00] [4] [products] 21 -> 21_1768627860455 [OK]
[07:31:00] [4] [products] WARNING: Collision. Renaming 22 -> 22_1768627860471
[07:31:00] [4] [products] 22 -> 22_1768627860471 [OK]
[07:31:00] [4] [products] WARNING: Collision. Renaming 23 -> 23_1768627860485
[07:31:00] [4] [products] 23 -> 23_1768627860485 [OK]
[07:31:00] [4] [products] WARNING: Collision. Renaming 24 -> 24_1768627860490
[07:31:00] [4] [products] 24 -> 24_1768627860490 [OK]
[07:31:00] [4] [products] WARNING: Collision. Renaming 25 -> 25_1768627860495
[07:31:00] [4] [products] 25 -> 25_1768627860495 [OK]
[07:31:00] [4] [products] WARNING: Collision. Renaming 26 -> 26_1768627860505
[07:31:00] [4] [products] 26 -> 26_1768627860505 [OK]
[07:31:00] [4] [products] WARNING: Collision. Renaming 27 -> 27_1768627860508
[07:31:00] [4] [products] 27 -> 27_1768627860508 [OK]
[07:31:00] [4] [products] WARNING: Collision. Renaming 28 -> 28_1768627860511
[07:31:00] [4] [products] 28 -> 28_1768627860511 [OK]
[07:31:00] [4] [products] WARNING: Collision. Renaming 29 -> 29_1768627860535
[07:31:00] [4] [products] 29 -> 29_1768627860535 [OK]
[07:31:00] [4] [products] WARNING: Collision. Renaming 3 -> 3_1768627860554
[07:31:00] [4] [products] 3 -> 3_1768627860554 [OK]
[07:31:00] [4] [products] WARNING: Collision. Renaming 30 -> 30_1768627860557
[07:31:00] [4] [products] 30 -> 30_1768627860557 [OK]
[07:31:00] [4] [products] WARNING: Collision. Renaming 31 -> 31_1768627860564
[07:31:00] [4] [products] 31 -> 31_1768627860564 [OK]
[07:31:00] [4] [products] WARNING: Collision. Renaming 32 -> 32_1768627860566
[07:31:00] [4] [products] 32 -> 32_1768627860566 [OK]
[07:31:00] [4] [products] WARNING: Collision. Renaming 33 -> 33_1768627860571
[07:31:00] [4] [products] 33 -> 33_1768627860571 [OK]
[07:31:00] [4] [products] WARNING: Collision. Renaming 34 -> 34_1768627860577
[07:31:00] [4] [products] 34 -> 34_1768627860577 [OK]
[07:31:00] [4] [products] WARNING: Collision. Renaming 35 -> 35_1768627860589
[07:31:00] [4] [products] 35 -> 35_1768627860589 [OK]
[07:31:00] [4] [products] WARNING: Collision. Renaming 36 -> 36_1768627860593
[07:31:00] [4] [products] 36 -> 36_1768627860593 [OK]
[07:31:00] [4] [products] WARNING: Collision. Renaming 37 -> 37_1768627860600
[07:31:00] [4] [products] 37 -> 37_1768627860600 [OK]
[07:31:00] [4] [products] WARNING: Collision. Renaming 38 -> 38_1768627860603
[07:31:00] [4] [products] 38 -> 38_1768627860603 [OK]
[07:31:00] [4] [products] WARNING: Collision. Renaming 39 -> 39_1768627860607
[07:31:00] [4] [products] 39 -> 39_1768627860607 [OK]
[07:31:00] [4] [products] WARNING: Collision. Renaming 40 -> 40_1768627860614
[07:31:00] [4] [products] 40 -> 40_1768627860614 [OK]
[07:31:00] [4] [products] WARNING: Collision. Renaming 41 -> 41_1768627860619
[07:31:00] [4] [products] 41 -> 41_1768627860619 [OK]
[07:31:00] [4] [products] WARNING: Collision. Renaming 42 -> 42_1768627860626
[07:31:00] [4] [products] 42 -> 42_1768627860626 [OK]
[07:31:00] [4] [products] WARNING: Collision. Renaming 43 -> 43_1768627860631
[07:31:00] [4] [products] 43 -> 43_1768627860631 [OK]
[07:31:00] [4] [products] WARNING: Collision. Renaming 44 -> 44_1768627860635
[07:31:00] [4] [products] 44 -> 44_1768627860635 [OK]
[07:31:00] [4] [products] WARNING: Collision. Renaming 45 -> 45_1768627860639
[07:31:00] [4] [products] 45 -> 45_1768627860639 [OK]
[07:31:00] [4] [products] WARNING: Collision. Renaming 46 -> 46_1768627860644
[07:31:00] [4] [products] 46 -> 46_1768627860644 [OK]
[07:31:00] [4] [products] WARNING: Collision. Renaming 47 -> 47_1768627860653
[07:31:00] [4] [products] 47 -> 47_1768627860653 [OK]
[07:31:00] [4] [products] WARNING: Collision. Renaming 48 -> 48_1768627860659
[07:31:00] [4] [products] 48 -> 48_1768627860659 [OK]
[07:31:00] [4] [products] WARNING: Collision. Renaming 49 -> 49_1768627860670
[07:31:00] [4] [products] 49 -> 49_1768627860670 [OK]
[07:31:00] [4] [products] WARNING: Collision. Renaming 50 -> 50_1768627860678
[07:31:00] [4] [products] 50 -> 50_1768627860678 [OK]
[07:31:00] [4] [products] WARNING: Collision. Renaming 51 -> 51_1768627860681
[07:31:00] [4] [products] 51 -> 51_1768627860681 [OK]
[07:31:00] [4] [products] WARNING: Collision. Renaming 52 -> 52_1768627860689
[07:31:00] [4] [products] 52 -> 52_1768627860689 [OK]
[07:31:00] [4] [products] WARNING: Collision. Renaming 53 -> 53_1768627860693
[07:31:00] [4] [products] 53 -> 53_1768627860693 [OK]
[07:31:00] [4] [products] WARNING: Collision. Renaming 54 -> 54_1768627860701
[07:31:00] [4] [products] 54 -> 54_1768627860701 [OK]
[07:31:00] [4] [products] WARNING: Collision. Renaming 55 -> 55_1768627860710
[07:31:00] [4] [products] 55 -> 55_1768627860710 [OK]
[07:31:00] [4] [products] WARNING: Collision. Renaming 56 -> 56_1768627860714
[07:31:00] [4] [products] 56 -> 56_1768627860714 [OK]
[07:31:00] [4] [products] WARNING: Collision. Renaming 57 -> 57_1768627860722
[07:31:00] [4] [products] 57 -> 57_1768627860722 [OK]
[07:31:00] [4] [products] WARNING: Collision. Renaming 58 -> 58_1768627860726
[07:31:00] [4] [products] 58 -> 58_1768627860726 [OK]
[07:31:00] [4] [products] WARNING: Collision. Renaming 59 -> 59_1768627860731
[07:31:00] [4] [products] 59 -> 59_1768627860731 [OK]
[07:31:00] [4] [products] WARNING: Collision. Renaming 6 -> 6_1768627860733
[07:31:00] [4] [products] 6 -> 6_1768627860733 [OK]
[07:31:00] [4] [products] WARNING: Collision. Renaming 60 -> 60_1768627860736
[07:31:00] [4] [products] 60 -> 60_1768627860736 [OK]
[07:31:00] [4] [products] WARNING: Collision. Renaming 61 -> 61_1768627860739
[07:31:00] [4] [products] 61 -> 61_1768627860739 [OK]
[07:31:00] [4] [products] WARNING: Collision. Renaming 62 -> 62_1768627860743
[07:31:00] [4] [products] 62 -> 62_1768627860743 [OK]
[07:31:00] [4] [products] WARNING: Collision. Renaming 63 -> 63_1768627860748
[07:31:00] [4] [products] 63 -> 63_1768627860748 [OK]
[07:31:00] [4] [products] WARNING: Collision. Renaming 64 -> 64_1768627860758
[07:31:00] [4] [products] 64 -> 64_1768627860758 [OK]
[07:31:00] [4] [products] WARNING: Collision. Renaming 65 -> 65_1768627860762
[07:31:00] [4] [products] 65 -> 65_1768627860762 [OK]
[07:31:00] [4] [products] WARNING: Collision. Renaming 66 -> 66_1768627860764
[07:31:00] [4] [products] 66 -> 66_1768627860764 [OK]
[07:31:00] [4] [products] WARNING: Collision. Renaming 67 -> 67_1768627860768
[07:31:00] [4] [products] 67 -> 67_1768627860768 [OK]
[07:31:00] [4] [products] WARNING: Collision. Renaming 68 -> 68_1768627860771
[07:31:00] [4] [products] 68 -> 68_1768627860771 [OK]
[07:31:00] [4] [products] WARNING: Collision. Renaming 69 -> 69_1768627860773
[07:31:00] [4] [products] 69 -> 69_1768627860773 [OK]
[07:31:00] [4] [products] WARNING: Collision. Renaming 70 -> 70_1768627860776
[07:31:00] [4] [products] 70 -> 70_1768627860776 [OK]
[07:31:00] [4] [products] WARNING: Collision. Renaming 71 -> 71_1768627860780
[07:31:00] [4] [products] 71 -> 71_1768627860780 [OK]
[07:31:00] [4] [products] WARNING: Collision. Renaming 73 -> 73_1768627860787
[07:31:00] [4] [products] 73 -> 73_1768627860787 [OK]
[07:31:00] [4] [products] WARNING: Collision. Renaming 74 -> 74_1768627860791
[07:31:00] [4] [products] 74 -> 74_1768627860791 [OK]
[07:31:00] [4] [products] WARNING: Collision. Renaming 75 -> 75_1768627860835
[07:31:00] [4] [products] 75 -> 75_1768627860835 [OK]
[07:31:00] [4] [products] WARNING: Collision. Renaming 76 -> 76_1768627860840
[07:31:00] [4] [products] 76 -> 76_1768627860840 [OK]
[07:31:00] [4] [products] WARNING: Collision. Renaming 77 -> 77_1768627860844
[07:31:00] [4] [products] 77 -> 77_1768627860844 [OK]
[07:31:00] [4] [products] WARNING: Collision. Renaming 78 -> 78_1768627860856
[07:31:00] [4] [products] 78 -> 78_1768627860856 [OK]
[07:31:00] [4] [products] WARNING: Collision. Renaming 79 -> 79_1768627860860
[07:31:00] [4] [products] 79 -> 79_1768627860860 [OK]
[07:31:00] [4] [products] WARNING: Collision. Renaming 8 -> 8_1768627860863
[07:31:00] [4] [products] 8 -> 8_1768627860863 [OK]
[07:31:00] [4] [products] WARNING: Collision. Renaming 80 -> 80_1768627860877
[07:31:00] [4] [products] 80 -> 80_1768627860877 [OK]
[07:31:01] [4] [products] WARNING: Collision. Renaming 81 -> 81_1768627861125
[07:31:01] [4] [products] 81 -> 81_1768627861125 [OK]
[07:31:01] [4] [products] WARNING: Collision. Renaming 82 -> 82_1768627861150
[07:31:01] [4] [products] 82 -> 82_1768627861150 [OK]
[07:31:01] [4] [products] WARNING: Collision. Renaming 83 -> 83_1768627861175
[07:31:01] [4] [products] 83 -> 83_1768627861175 [OK]
[07:31:01] [4] [products] WARNING: Collision. Renaming 84 -> 84_1768627861194
[07:31:01] [4] [products] 84 -> 84_1768627861194 [OK]
[07:31:01] [4] [products] WARNING: Collision. Renaming 85 -> 85_1768627861201
[07:31:01] [4] [products] 85 -> 85_1768627861201 [OK]
[07:31:01] [4] [products] WARNING: Collision. Renaming 86 -> 86_1768627861210
[07:31:01] [4] [products] 86 -> 86_1768627861210 [OK]
[07:31:01] [4] [products] WARNING: Collision. Renaming 87 -> 87_1768627861226
[07:31:01] [4] [products] 87 -> 87_1768627861226 [OK]
[07:31:01] [4] [products] WARNING: Collision. Renaming 88 -> 88_1768627861243
[07:31:01] [4] [products] 88 -> 88_1768627861243 [OK]
[07:31:01] [4] [products] WARNING: Collision. Renaming 89 -> 89_1768627861250
[07:31:01] [4] [products] 89 -> 89_1768627861250 [OK]
[07:31:01] [4] [products] WARNING: Collision. Renaming 9 -> 9_1768627861253
[07:31:01] [4] [products] 9 -> 9_1768627861253 [OK]
[07:31:01] [4] [products] WARNING: Collision. Renaming 90 -> 90_1768627861260
[07:31:01] [4] [products] 90 -> 90_1768627861260 [OK]
[07:31:01] [4] [products] WARNING: Collision. Renaming 91 -> 91_1768627861264
[07:31:01] [4] [products] 91 -> 91_1768627861264 [OK]
[07:31:01] [4] [products] WARNING: Collision. Renaming 92 -> 92_1768627861271
[07:31:01] [4] [products] 92 -> 92_1768627861271 [OK]
[07:31:01] [4] [products] WARNING: Collision. Renaming 93 -> 93_1768627861276
[07:31:01] [4] [products] 93 -> 93_1768627861276 [OK]
[07:31:01] [4] [products] WARNING: Collision. Renaming 94 -> 94_1768627861284
[07:31:01] [4] [products] 94 -> 94_1768627861284 [OK]
[07:31:01] [4] [products] WARNING: Collision. Renaming 95 -> 95_1768627861289
[07:31:01] [4] [products] 95 -> 95_1768627861289 [OK]
[07:31:01] [4] [products] WARNING: Collision. Renaming 96 -> 96_1768627861292
[07:31:01] [4] [products] 96 -> 96_1768627861292 [OK]
[07:31:01] [4] [products] WARNING: Collision. Renaming 97 -> 97_1768627861295
[07:31:01] [4] [products] 97 -> 97_1768627861295 [OK]
[07:31:01] [4] [products] WARNING: Collision. Renaming 98 -> 98_1768627861317
[07:31:01] [4] [products] 98 -> 98_1768627861317 [OK]
[07:31:01] [4] [products] WARNING: Collision. Renaming 99 -> 99_1768627861342
[07:31:01] [4] [products] 99 -> 99_1768627861342 [OK]
[07:31:01] [4] [users] WARNING: Collision. Renaming 18 -> 18_1768627861386
[07:31:01] [4] [users] 18 -> 18_1768627861386 [OK]
[07:31:01] [4] [users] WARNING: Collision. Renaming 36 -> 36_1768627861403
[07:31:01] [4] [users] 36 -> 36_1768627861403 [OK]
[07:31:01] [4] [users] WARNING: Collision. Renaming 6 -> 6_1768627861410
[07:31:01] [4] [users] 6 -> 6_1768627861410 [OK]
[07:31:01] [5] [categories] WARNING: Collision. Renaming 36 -> 36_1768627861472
[07:31:01] [5] [categories] 36 -> 36_1768627861472 [OK]
[07:31:01] [5] [categories] WARNING: Collision. Renaming 37 -> 37_1768627861512
[07:31:01] [5] [categories] 37 -> 37_1768627861512 [OK]
[07:31:01] [5] [categories] WARNING: Collision. Renaming 66 -> 66_1768627861525
[07:31:01] [5] [categories] 66 -> 66_1768627861525 [OK]
[07:31:01] [5] [customers] WARNING: Collision. Renaming 86 -> 86_1768627861559
[07:31:01] [5] [customers] 86 -> 86_1768627861559 [OK]
[07:31:01] [5] [customers] WARNING: Collision. Renaming 96 -> 96_1768627861588
[07:31:01] [5] [customers] 96 -> 96_1768627861588 [OK]
[07:31:01] [5] [customers] WARNING: Collision. Renaming 97 -> 97_1768627861607
[07:31:01] [5] [customers] 97 -> 97_1768627861607 [OK]
[07:31:01] [5] [products] WARNING: Collision. Renaming 152 -> 152_1768627861633
[07:31:01] [5] [products] 152 -> 152_1768627861633 [OK]
[07:31:01] [5] [users] WARNING: Collision. Renaming 259 -> 259_1768627861660
[07:31:01] [5] [users] 259 -> 259_1768627861660 [OK]
[07:31:01] [5] [users] WARNING: Collision. Renaming 262 -> 262_1768627861682
[07:31:01] [5] [users] 262 -> 262_1768627861682 [OK]
[07:31:01] [5] [users] WARNING: Collision. Renaming 34 -> 34_1768627861704
[07:31:01] [5] [users] 34 -> 34_1768627861704 [OK]
[07:31:01] [7] [customers] WARNING: Collision. Renaming 63 -> 63_1768627861811
[07:31:01] [7] [customers] 63 -> 63_1768627861811 [OK]
[07:31:01] [7] [customers] WARNING: Collision. Renaming 66 -> 66_1768627861833
[07:31:01] [7] [customers] 66 -> 66_1768627861833 [OK]
[07:31:01] [7] [customers] WARNING: Collision. Renaming 70 -> 70_1768627861837
[07:31:01] [7] [customers] 70 -> 70_1768627861837 [OK]
[07:31:01] [7] [customers] WARNING: Collision. Renaming 71 -> 71_1768627861849
[07:31:01] [7] [customers] 71 -> 71_1768627861849 [OK]
[07:31:01] [7] [customers] WARNING: Collision. Renaming 72 -> 72_1768627861868
[07:31:01] [7] [customers] 72 -> 72_1768627861868 [OK]
[07:31:01] [7] [customers] WARNING: Collision. Renaming 73 -> 73_1768627861897
[07:31:01] [7] [customers] 73 -> 73_1768627861897 [OK]
[07:31:02] [7] [customers] WARNING: Collision. Renaming 74 -> 74_1768627862181
[07:31:02] [7] [customers] 74 -> 74_1768627862181 [OK]
[07:31:02] [7] [customers] WARNING: Collision. Renaming 75 -> 75_1768627862183
[07:31:02] [7] [customers] 75 -> 75_1768627862183 [OK]
[07:31:02] [7] [customers] WARNING: Collision. Renaming 77 -> 77_1768627862186
[07:31:02] [7] [customers] 77 -> 77_1768627862186 [OK]
[07:31:02] [7] [products] WARNING: Collision. Renaming 139 -> 139_1768627862191
[07:31:02] [7] [products] 139 -> 139_1768627862191 [OK]
=========================================
MIGRATION SUMMARY
Total Tenants Processed: 124
Total Files Moved: 161
Errors: 0
=========================================
