=== Tenant Migration Log Started: 2026-01-17T07:29:34.603968300 ===
[07:29:34] [11] [users] WARNING: Collision. Renaming 33 -> 33_1768627774616
[07:29:34] [11] [users] 33 -> 33_1768627774616 [OK]
[07:29:34] [3] [categories] 34 -> 34 [OK]
[07:29:34] [3] [categories] 35 -> 35 [OK]
[07:29:34] [4] [categories] 1 -> 1 [OK]
[07:29:34] [4] [categories] 10 -> 10 [OK]
[07:29:34] [4] [categories] 11 -> 11 [OK]
[07:29:34] [4] [categories] 12 -> 12 [OK]
[07:29:34] [4] [categories] 13 -> 13 [OK]
[07:29:34] [4] [categories] 14 -> 14 [OK]
[07:29:34] [4] [categories] 15 -> 15 [OK]
[07:29:34] [4] [categories] 16 -> 16 [OK]
[07:29:34] [4] [categories] 17 -> 17 [OK]
[07:29:34] [4] [categories] 18 -> 18 [OK]
[07:29:34] [4] [categories] 19 -> 19 [OK]
[07:29:34] [4] [categories] 2 -> 2 [OK]
[07:29:34] [4] [categories] 20 -> 20 [OK]
[07:29:34] [4] [categories] 21 -> 21 [OK]
[07:29:34] [4] [categories] 22 -> 22 [OK]
[07:29:34] [4] [categories] 23 -> 23 [OK]
[07:29:34] [4] [categories] 24 -> 24 [OK]
[07:29:34] [4] [categories] 25 -> 25 [OK]
[07:29:34] [4] [categories] 26 -> 26 [OK]
[07:29:34] [4] [categories] 27 -> 27 [OK]
[07:29:34] [4] [categories] 28 -> 28 [OK]
[07:29:34] [4] [categories] 29 -> 29 [OK]
[07:29:34] [4] [categories] 3 -> 3 [OK]
[07:29:34] [4] [categories] 30 -> 30 [OK]
[07:29:34] [4] [categories] 31 -> 31 [OK]
[07:29:34] [4] [categories] 5 -> 5 [OK]
[07:29:34] [4] [categories] 6 -> 6 [OK]
[07:29:34] [4] [categories] 8 -> 8 [OK]
[07:29:34] [4] [categories] 9 -> 9 [OK]
[07:29:34] [4] [customers] WARNING: Collision. Renaming 10 -> 10_1768627774747
[07:29:34] [4] [customers] 10 -> 10_1768627774747 [OK]
[07:29:34] [4] [customers] WARNING: Collision. Renaming 18 -> 18_1768627774761
[07:29:34] [4] [customers] 18 -> 18_1768627774761 [OK]
[07:29:34] [4] [customers] WARNING: Collision. Renaming 7 -> 7_1768627774764
[07:29:34] [4] [customers] 7 -> 7_1768627774764 [OK]
[07:29:34] [4] [customers] 87 -> 87 [OK]
[07:29:34] [4] [customers] 88 -> 88 [OK]
[07:29:34] [4] [products] 1 -> 1 [OK]
[07:29:34] [4] [products] 10 -> 10 [OK]
[07:29:34] [4] [products] 100 -> 100 [OK]
[07:29:34] [4] [products] 101 -> 101 [OK]
[07:29:34] [4] [products] 102 -> 102 [OK]
[07:29:34] [4] [products] 103 -> 103 [OK]
[07:29:34] [4] [products] 104 -> 104 [OK]
[07:29:34] [4] [products] 105 -> 105 [OK]
[07:29:34] [4] [products] 106 -> 106 [OK]
[07:29:34] [4] [products] 11 -> 11 [OK]
[07:29:34] [4] [products] 12 -> 12 [OK]
[07:29:34] [4] [products] 14 -> 14 [OK]
[07:29:34] [4] [products] 15 -> 15 [OK]
[07:29:34] [4] [products] 16 -> 16 [OK]
[07:29:34] [4] [products] 17 -> 17 [OK]
[07:29:34] [4] [products] 18 -> 18 [OK]
[07:29:34] [4] [products] 19 -> 19 [OK]
[07:29:34] [4] [products] 2 -> 2 [OK]
[07:29:34] [4] [products] 20 -> 20 [OK]
[07:29:34] [4] [products] 21 -> 21 [OK]
[07:29:34] [4] [products] 22 -> 22 [OK]
[07:29:34] [4] [products] 23 -> 23 [OK]
[07:29:34] [4] [products] 24 -> 24 [OK]
[07:29:34] [4] [products] 25 -> 25 [OK]
[07:29:34] [4] [products] 26 -> 26 [OK]
[07:29:34] [4] [products] 27 -> 27 [OK]
[07:29:34] [4] [products] 28 -> 28 [OK]
[07:29:34] [4] [products] 29 -> 29 [OK]
[07:29:34] [4] [products] 3 -> 3 [OK]
[07:29:34] [4] [products] 30 -> 30 [OK]
[07:29:34] [4] [products] 31 -> 31 [OK]
[07:29:34] [4] [products] 32 -> 32 [OK]
[07:29:34] [4] [products] 33 -> 33 [OK]
[07:29:34] [4] [products] 34 -> 34 [OK]
[07:29:34] [4] [products] 35 -> 35 [OK]
[07:29:34] [4] [products] 36 -> 36 [OK]
[07:29:34] [4] [products] 37 -> 37 [OK]
[07:29:34] [4] [products] 38 -> 38 [OK]
[07:29:34] [4] [products] 39 -> 39 [OK]
[07:29:34] [4] [products] 40 -> 40 [OK]
[07:29:34] [4] [products] 41 -> 41 [OK]
[07:29:34] [4] [products] 42 -> 42 [OK]
[07:29:34] [4] [products] 43 -> 43 [OK]
[07:29:34] [4] [products] 44 -> 44 [OK]
[07:29:34] [4] [products] 45 -> 45 [OK]
[07:29:34] [4] [products] 46 -> 46 [OK]
[07:29:34] [4] [products] 47 -> 47 [OK]
[07:29:34] [4] [products] 48 -> 48 [OK]
[07:29:34] [4] [products] 49 -> 49 [OK]
[07:29:34] [4] [products] 50 -> 50 [OK]
[07:29:34] [4] [products] 51 -> 51 [OK]
[07:29:34] [4] [products] 52 -> 52 [OK]
[07:29:34] [4] [products] 53 -> 53 [OK]
[07:29:35] [4] [products] 54 -> 54 [OK]
[07:29:35] [4] [products] 55 -> 55 [OK]
[07:29:35] [4] [products] 56 -> 56 [OK]
[07:29:35] [4] [products] 57 -> 57 [OK]
[07:29:35] [4] [products] 58 -> 58 [OK]
[07:29:35] [4] [products] 59 -> 59 [OK]
[07:29:35] [4] [products] 6 -> 6 [OK]
[07:29:35] [4] [products] 60 -> 60 [OK]
[07:29:35] [4] [products] 61 -> 61 [OK]
[07:29:35] [4] [products] 62 -> 62 [OK]
[07:29:35] [4] [products] 63 -> 63 [OK]
[07:29:35] [4] [products] 64 -> 64 [OK]
[07:29:35] [4] [products] 65 -> 65 [OK]
[07:29:35] [4] [products] 66 -> 66 [OK]
[07:29:35] [4] [products] 67 -> 67 [OK]
[07:29:35] [4] [products] 68 -> 68 [OK]
[07:29:35] [4] [products] WARNING: Collision. Renaming 69 -> 69_1768627775095
[07:29:35] [4] [products] 69 -> 69_1768627775095 [OK]
[07:29:35] [4] [products] 70 -> 70 [OK]
[07:29:35] [4] [products] 71 -> 71 [OK]
[07:29:35] [4] [products] WARNING: Collision. Renaming 73 -> 73_1768627775105
[07:29:35] [4] [products] 73 -> 73_1768627775105 [OK]
[07:29:35] [4] [products] 74 -> 74 [OK]
[07:29:35] [4] [products] 75 -> 75 [OK]
[07:29:35] [4] [products] 76 -> 76 [OK]
[07:29:35] [4] [products] 77 -> 77 [OK]
[07:29:35] [4] [products] 78 -> 78 [OK]
[07:29:35] [4] [products] 79 -> 79 [OK]
[07:29:35] [4] [products] 8 -> 8 [OK]
[07:29:35] [4] [products] 80 -> 80 [OK]
[07:29:35] [4] [products] 81 -> 81 [OK]
[07:29:35] [4] [products] 82 -> 82 [OK]
[07:29:35] [4] [products] 83 -> 83 [OK]
[07:29:35] [4] [products] 84 -> 84 [OK]
[07:29:35] [4] [products] 85 -> 85 [OK]
[07:29:35] [4] [products] 86 -> 86 [OK]
[07:29:35] [4] [products] 87 -> 87 [OK]
[07:29:35] [4] [products] 88 -> 88 [OK]
[07:29:35] [4] [products] 89 -> 89 [OK]
[07:29:35] [4] [products] 9 -> 9 [OK]
[07:29:35] [4] [products] 90 -> 90 [OK]
[07:29:35] [4] [products] 91 -> 91 [OK]
[07:29:35] [4] [products] 92 -> 92 [OK]
[07:29:35] [4] [products] 93 -> 93 [OK]
[07:29:35] [4] [products] 94 -> 94 [OK]
[07:29:35] [4] [products] 95 -> 95 [OK]
[07:29:35] [4] [products] 96 -> 96 [OK]
[07:29:35] [4] [products] 97 -> 97 [OK]
[07:29:35] [4] [products] 98 -> 98 [OK]
[07:29:35] [4] [products] 99 -> 99 [OK]
[07:29:35] [4] [users] WARNING: Collision. Renaming 18 -> 18_1768627775281
[07:29:35] [4] [users] 18 -> 18_1768627775281 [OK]
[07:29:35] [4] [users] WARNING: Collision. Renaming 36 -> 36_1768627775296
[07:29:35] [4] [users] 36 -> 36_1768627775296 [OK]
[07:29:35] [4] [users] WARNING: Collision. Renaming 6 -> 6_1768627775299
[07:29:35] [4] [users] 6 -> 6_1768627775299 [OK]
[07:29:35] [5] [categories] WARNING: Collision. Renaming 36 -> 36_1768627775415
[07:29:35] [5] [categories] 36 -> 36_1768627775415 [OK]
[07:29:35] [5] [categories] WARNING: Collision. Renaming 37 -> 37_1768627775420
[07:29:35] [5] [categories] 37 -> 37_1768627775420 [OK]
[07:29:35] [5] [categories] 66 -> 66 [OK]
[07:29:35] [5] [customers] WARNING: Collision. Renaming 86 -> 86_1768627775433
[07:29:35] [5] [customers] 86 -> 86_1768627775433 [OK]
[07:29:35] [5] [customers] 96 -> 96 [OK]
[07:29:35] [5] [customers] 97 -> 97 [OK]
[07:29:35] [5] [products] WARNING: Collision. Renaming 152 -> 152_1768627775458
[07:29:35] [5] [products] 152 -> 152_1768627775458 [OK]
[07:29:35] [5] [users] WARNING: Collision. Renaming 259 -> 259_1768627775476
[07:29:35] [5] [users] 259 -> 259_1768627775476 [OK]
[07:29:35] [5] [users] WARNING: Collision. Renaming 262 -> 262_1768627775497
[07:29:35] [5] [users] 262 -> 262_1768627775497 [OK]
[07:29:35] [5] [users] WARNING: Collision. Renaming 34 -> 34_1768627775503
[07:29:35] [5] [users] 34 -> 34_1768627775503 [OK]
[07:29:35] [7] [customers] 63 -> 63 [OK]
[07:29:35] [7] [customers] 66 -> 66 [OK]
[07:29:35] [7] [customers] 70 -> 70 [OK]
[07:29:35] [7] [customers] 71 -> 71 [OK]
[07:29:35] [7] [customers] 72 -> 72 [OK]
[07:29:35] [7] [customers] 73 -> 73 [OK]
[07:29:35] [7] [customers] 74 -> 74 [OK]
[07:29:35] [7] [customers] 75 -> 75 [OK]
[07:29:35] [7] [customers] 77 -> 77 [OK]
[07:29:35] [7] [products] 139 -> 139 [OK]
=========================================
MIGRATION SUMMARY
Total Tenants Processed: 124
Total Files Moved: 161
Errors: 0
=========================================
