=== Tenant Migration Log Started: 2026-01-17T07:32:26.903526400 ===
[07:32:26] [11] [users] WARNING: Collision. Renaming 33 -> 33_1768627946921
[07:32:26] [11] [users] 33 -> 33_1768627946921 [OK]
[07:32:26] [3] [categories] WARNING: Collision. Renaming 34 -> 34_1768627946966
[07:32:26] [3] [categories] 34 -> 34_1768627946966 [OK]
[07:32:26] [3] [categories] WARNING: Collision. Renaming 35 -> 35_1768627946970
[07:32:26] [3] [categories] 35 -> 35_1768627946970 [OK]
[07:32:26] [4] [categories] WARNING: Collision. Renaming 1 -> 1_1768627946980
[07:32:26] [4] [categories] 1 -> 1_1768627946980 [OK]
[07:32:26] [4] [categories] WARNING: Collision. Renaming 10 -> 10_1768627946984
[07:32:26] [4] [categories] 10 -> 10_1768627946984 [OK]
[07:32:26] [4] [categories] WARNING: Collision. Renaming 11 -> 11_1768627946988
[07:32:26] [4] [categories] 11 -> 11_1768627946988 [OK]
[07:32:26] [4] [categories] WARNING: Collision. Renaming 12 -> 12_1768627946995
[07:32:26] [4] [categories] 12 -> 12_1768627946995 [OK]
[07:32:26] [4] [categories] WARNING: Collision. Renaming 13 -> 13_1768627946998
[07:32:26] [4] [categories] 13 -> 13_1768627946998 [OK]
[07:32:27] [4] [categories] WARNING: Collision. Renaming 14 -> 14_1768627947000
[07:32:27] [4] [categories] 14 -> 14_1768627947000 [OK]
[07:32:27] [4] [categories] WARNING: Collision. Renaming 15 -> 15_1768627947004
[07:32:27] [4] [categories] 15 -> 15_1768627947004 [OK]
[07:32:27] [4] [categories] WARNING: Collision. Renaming 16 -> 16_1768627947008
[07:32:27] [4] [categories] 16 -> 16_1768627947008 [OK]
[07:32:27] [4] [categories] WARNING: Collision. Renaming 17 -> 17_1768627947011
[07:32:27] [4] [categories] 17 -> 17_1768627947011 [OK]
[07:32:27] [4] [categories] WARNING: Collision. Renaming 18 -> 18_1768627947015
[07:32:27] [4] [categories] 18 -> 18_1768627947015 [OK]
[07:32:27] [4] [categories] WARNING: Collision. Renaming 19 -> 19_1768627947018
[07:32:27] [4] [categories] 19 -> 19_1768627947018 [OK]
[07:32:27] [4] [categories] WARNING: Collision. Renaming 2 -> 2_1768627947021
[07:32:27] [4] [categories] 2 -> 2_1768627947021 [OK]
[07:32:27] [4] [categories] WARNING: Collision. Renaming 20 -> 20_1768627947026
[07:32:27] [4] [categories] 20 -> 20_1768627947026 [OK]
[07:32:27] [4] [categories] WARNING: Collision. Renaming 21 -> 21_1768627947035
[07:32:27] [4] [categories] 21 -> 21_1768627947035 [OK]
[07:32:27] [4] [categories] WARNING: Collision. Renaming 22 -> 22_1768627947050
[07:32:27] [4] [categories] 22 -> 22_1768627947050 [OK]
[07:32:27] [4] [categories] WARNING: Collision. Renaming 23 -> 23_1768627947054
[07:32:27] [4] [categories] 23 -> 23_1768627947054 [OK]
[07:32:27] [4] [categories] WARNING: Collision. Renaming 24 -> 24_1768627947059
[07:32:27] [4] [categories] 24 -> 24_1768627947059 [OK]
[07:32:27] [4] [categories] WARNING: Collision. Renaming 25 -> 25_1768627947063
[07:32:27] [4] [categories] 25 -> 25_1768627947063 [OK]
[07:32:27] [4] [categories] WARNING: Collision. Renaming 26 -> 26_1768627947066
[07:32:27] [4] [categories] 26 -> 26_1768627947066 [OK]
[07:32:27] [4] [categories] WARNING: Collision. Renaming 27 -> 27_1768627947069
[07:32:27] [4] [categories] 27 -> 27_1768627947069 [OK]
[07:32:27] [4] [categories] WARNING: Collision. Renaming 28 -> 28_1768627947072
[07:32:27] [4] [categories] 28 -> 28_1768627947072 [OK]
[07:32:27] [4] [categories] WARNING: Collision. Renaming 29 -> 29_1768627947078
[07:32:27] [4] [categories] 29 -> 29_1768627947078 [OK]
[07:32:27] [4] [categories] WARNING: Collision. Renaming 3 -> 3_1768627947081
[07:32:27] [4] [categories] 3 -> 3_1768627947081 [OK]
[07:32:27] [4] [categories] WARNING: Collision. Renaming 30 -> 30_1768627947084
[07:32:27] [4] [categories] 30 -> 30_1768627947084 [OK]
[07:32:27] [4] [categories] WARNING: Collision. Renaming 31 -> 31_1768627947101
[07:32:27] [4] [categories] 31 -> 31_1768627947101 [OK]
[07:32:27] [4] [categories] WARNING: Collision. Renaming 5 -> 5_1768627947103
[07:32:27] [4] [categories] 5 -> 5_1768627947103 [OK]
[07:32:27] [4] [categories] WARNING: Collision. Renaming 6 -> 6_1768627947106
[07:32:27] [4] [categories] 6 -> 6_1768627947106 [OK]
[07:32:27] [4] [categories] WARNING: Collision. Renaming 8 -> 8_1768627947112
[07:32:27] [4] [categories] 8 -> 8_1768627947112 [OK]
[07:32:27] [4] [categories] WARNING: Collision. Renaming 9 -> 9_1768627947114
[07:32:27] [4] [categories] 9 -> 9_1768627947114 [OK]
[07:32:27] [4] [customers] WARNING: Collision. Renaming 10 -> 10_1768627947119
[07:32:27] [4] [customers] 10 -> 10_1768627947119 [OK]
[07:32:27] [4] [customers] WARNING: Collision. Renaming 18 -> 18_1768627947123
[07:32:27] [4] [customers] 18 -> 18_1768627947123 [OK]
[07:32:27] [4] [customers] WARNING: Collision. Renaming 7 -> 7_1768627947128
[07:32:27] [4] [customers] 7 -> 7_1768627947128 [OK]
[07:32:27] [4] [customers] WARNING: Collision. Renaming 87 -> 87_1768627947131
[07:32:27] [4] [customers] 87 -> 87_1768627947131 [OK]
[07:32:27] [4] [customers] WARNING: Collision. Renaming 88 -> 88_1768627947134
[07:32:27] [4] [customers] 88 -> 88_1768627947134 [OK]
[07:32:27] [4] [products] WARNING: Collision. Renaming 1 -> 1_1768627947138
[07:32:27] [4] [products] 1 -> 1_1768627947138 [OK]
[07:32:27] [4] [products] WARNING: Collision. Renaming 10 -> 10_1768627947143
[07:32:27] [4] [products] 10 -> 10_1768627947143 [OK]
[07:32:27] [4] [products] WARNING: Collision. Renaming 100 -> 100_1768627947146
[07:32:27] [4] [products] 100 -> 100_1768627947146 [OK]
[07:32:27] [4] [products] WARNING: Collision. Renaming 101 -> 101_1768627947150
[07:32:27] [4] [products] 101 -> 101_1768627947150 [OK]
[07:32:27] [4] [products] WARNING: Collision. Renaming 102 -> 102_1768627947152
[07:32:27] [4] [products] 102 -> 102_1768627947152 [OK]
[07:32:27] [4] [products] WARNING: Collision. Renaming 103 -> 103_1768627947156
[07:32:27] [4] [products] 103 -> 103_1768627947156 [OK]
[07:32:27] [4] [products] WARNING: Collision. Renaming 104 -> 104_1768627947164
[07:32:27] [4] [products] 104 -> 104_1768627947164 [OK]
[07:32:27] [4] [products] WARNING: Collision. Renaming 105 -> 105_1768627947167
[07:32:27] [4] [products] 105 -> 105_1768627947167 [OK]
[07:32:27] [4] [products] WARNING: Collision. Renaming 106 -> 106_1768627947171
[07:32:27] [4] [products] 106 -> 106_1768627947171 [OK]
[07:32:27] [4] [products] WARNING: Collision. Renaming 11 -> 11_1768627947180
[07:32:27] [4] [products] 11 -> 11_1768627947180 [OK]
[07:32:27] [4] [products] WARNING: Collision. Renaming 12 -> 12_1768627947190
[07:32:27] [4] [products] 12 -> 12_1768627947190 [OK]
[07:32:27] [4] [products] WARNING: Collision. Renaming 14 -> 14_1768627947200
[07:32:27] [4] [products] 14 -> 14_1768627947200 [OK]
[07:32:27] [4] [products] WARNING: Collision. Renaming 15 -> 15_1768627947203
[07:32:27] [4] [products] 15 -> 15_1768627947203 [OK]
[07:32:27] [4] [products] WARNING: Collision. Renaming 16 -> 16_1768627947206
[07:32:27] [4] [products] 16 -> 16_1768627947206 [OK]
[07:32:27] [4] [products] WARNING: Collision. Renaming 17 -> 17_1768627947210
[07:32:27] [4] [products] 17 -> 17_1768627947210 [OK]
[07:32:27] [4] [products] WARNING: Collision. Renaming 18 -> 18_1768627947213
[07:32:27] [4] [products] 18 -> 18_1768627947213 [OK]
[07:32:27] [4] [products] WARNING: Collision. Renaming 19 -> 19_1768627947215
[07:32:27] [4] [products] 19 -> 19_1768627947215 [OK]
[07:32:27] [4] [products] WARNING: Collision. Renaming 2 -> 2_1768627947218
[07:32:27] [4] [products] 2 -> 2_1768627947218 [OK]
[07:32:27] [4] [products] WARNING: Collision. Renaming 20 -> 20_1768627947223
[07:32:27] [4] [products] 20 -> 20_1768627947223 [OK]
[07:32:27] [4] [products] WARNING: Collision. Renaming 21 -> 21_1768627947228
[07:32:27] [4] [products] 21 -> 21_1768627947228 [OK]
[07:32:27] [4] [products] WARNING: Collision. Renaming 22 -> 22_1768627947235
[07:32:27] [4] [products] 22 -> 22_1768627947235 [OK]
[07:32:27] [4] [products] WARNING: Collision. Renaming 23 -> 23_1768627947238
[07:32:27] [4] [products] 23 -> 23_1768627947238 [OK]
[07:32:27] [4] [products] WARNING: Collision. Renaming 24 -> 24_1768627947242
[07:32:27] [4] [products] 24 -> 24_1768627947242 [OK]
[07:32:27] [4] [products] WARNING: Collision. Renaming 25 -> 25_1768627947244
[07:32:27] [4] [products] 25 -> 25_1768627947244 [OK]
[07:32:27] [4] [products] WARNING: Collision. Renaming 26 -> 26_1768627947247
[07:32:27] [4] [products] 26 -> 26_1768627947247 [OK]
[07:32:27] [4] [products] WARNING: Collision. Renaming 27 -> 27_1768627947250
[07:32:27] [4] [products] 27 -> 27_1768627947250 [OK]
[07:32:27] [4] [products] WARNING: Collision. Renaming 28 -> 28_1768627947253
[07:32:27] [4] [products] 28 -> 28_1768627947253 [OK]
[07:32:27] [4] [products] WARNING: Collision. Renaming 29 -> 29_1768627947255
[07:32:27] [4] [products] 29 -> 29_1768627947255 [OK]
[07:32:27] [4] [products] WARNING: Collision. Renaming 3 -> 3_1768627947260
[07:32:27] [4] [products] 3 -> 3_1768627947260 [OK]
[07:32:27] [4] [products] WARNING: Collision. Renaming 30 -> 30_1768627947262
[07:32:27] [4] [products] 30 -> 30_1768627947262 [OK]
[07:32:27] [4] [products] WARNING: Collision. Renaming 31 -> 31_1768627947265
[07:32:27] [4] [products] 31 -> 31_1768627947265 [OK]
[07:32:27] [4] [products] WARNING: Collision. Renaming 32 -> 32_1768627947270
[07:32:27] [4] [products] 32 -> 32_1768627947270 [OK]
[07:32:27] [4] [products] WARNING: Collision. Renaming 33 -> 33_1768627947275
[07:32:27] [4] [products] 33 -> 33_1768627947275 [OK]
[07:32:27] [4] [products] WARNING: Collision. Renaming 34 -> 34_1768627947278
[07:32:27] [4] [products] 34 -> 34_1768627947278 [OK]
[07:32:27] [4] [products] WARNING: Collision. Renaming 35 -> 35_1768627947280
[07:32:27] [4] [products] 35 -> 35_1768627947280 [OK]
[07:32:27] [4] [products] WARNING: Collision. Renaming 36 -> 36_1768627947283
[07:32:27] [4] [products] 36 -> 36_1768627947283 [OK]
[07:32:27] [4] [products] WARNING: Collision. Renaming 37 -> 37_1768627947286
[07:32:27] [4] [products] 37 -> 37_1768627947286 [OK]
[07:32:27] [4] [products] WARNING: Collision. Renaming 38 -> 38_1768627947288
[07:32:27] [4] [products] 38 -> 38_1768627947288 [OK]
[07:32:27] [4] [products] WARNING: Collision. Renaming 39 -> 39_1768627947292
[07:32:27] [4] [products] 39 -> 39_1768627947292 [OK]
[07:32:27] [4] [products] WARNING: Collision. Renaming 40 -> 40_1768627947295
[07:32:27] [4] [products] 40 -> 40_1768627947295 [OK]
[07:32:27] [4] [products] WARNING: Collision. Renaming 41 -> 41_1768627947297
[07:32:27] [4] [products] 41 -> 41_1768627947297 [OK]
[07:32:27] [4] [products] WARNING: Collision. Renaming 42 -> 42_1768627947300
[07:32:27] [4] [products] 42 -> 42_1768627947300 [OK]
[07:32:27] [4] [products] WARNING: Collision. Renaming 43 -> 43_1768627947304
[07:32:27] [4] [products] 43 -> 43_1768627947304 [OK]
[07:32:27] [4] [products] WARNING: Collision. Renaming 44 -> 44_1768627947308
[07:32:27] [4] [products] 44 -> 44_1768627947308 [OK]
[07:32:27] [4] [products] WARNING: Collision. Renaming 45 -> 45_1768627947311
[07:32:27] [4] [products] 45 -> 45_1768627947311 [OK]
[07:32:27] [4] [products] WARNING: Collision. Renaming 46 -> 46_1768627947314
[07:32:27] [4] [products] 46 -> 46_1768627947314 [OK]
[07:32:27] [4] [products] WARNING: Collision. Renaming 47 -> 47_1768627947317
[07:32:27] [4] [products] 47 -> 47_1768627947317 [OK]
[07:32:27] [4] [products] WARNING: Collision. Renaming 48 -> 48_1768627947319
[07:32:27] [4] [products] 48 -> 48_1768627947319 [OK]
[07:32:27] [4] [products] WARNING: Collision. Renaming 49 -> 49_1768627947323
[07:32:27] [4] [products] 49 -> 49_1768627947323 [OK]
[07:32:27] [4] [products] WARNING: Collision. Renaming 50 -> 50_1768627947327
[07:32:27] [4] [products] 50 -> 50_1768627947327 [OK]
[07:32:27] [4] [products] WARNING: Collision. Renaming 51 -> 51_1768627947330
[07:32:27] [4] [products] 51 -> 51_1768627947330 [OK]
[07:32:27] [4] [products] WARNING: Collision. Renaming 52 -> 52_1768627947333
[07:32:27] [4] [products] 52 -> 52_1768627947333 [OK]
[07:32:27] [4] [products] WARNING: Collision. Renaming 53 -> 53_1768627947336
[07:32:27] [4] [products] 53 -> 53_1768627947336 [OK]
[07:32:27] [4] [products] WARNING: Collision. Renaming 54 -> 54_1768627947339
[07:32:27] [4] [products] 54 -> 54_1768627947339 [OK]
[07:32:27] [4] [products] WARNING: Collision. Renaming 55 -> 55_1768627947344
[07:32:27] [4] [products] 55 -> 55_1768627947344 [OK]
[07:32:27] [4] [products] WARNING: Collision. Renaming 56 -> 56_1768627947347
[07:32:27] [4] [products] 56 -> 56_1768627947347 [OK]
[07:32:27] [4] [products] WARNING: Collision. Renaming 57 -> 57_1768627947351
[07:32:27] [4] [products] 57 -> 57_1768627947351 [OK]
[07:32:27] [4] [products] WARNING: Collision. Renaming 58 -> 58_1768627947353
[07:32:27] [4] [products] 58 -> 58_1768627947353 [OK]
[07:32:27] [4] [products] WARNING: Collision. Renaming 59 -> 59_1768627947356
[07:32:27] [4] [products] 59 -> 59_1768627947356 [OK]
[07:32:27] [4] [products] WARNING: Collision. Renaming 6 -> 6_1768627947360
[07:32:27] [4] [products] 6 -> 6_1768627947360 [OK]
[07:32:27] [4] [products] WARNING: Collision. Renaming 60 -> 60_1768627947363
[07:32:27] [4] [products] 60 -> 60_1768627947363 [OK]
[07:32:27] [4] [products] WARNING: Collision. Renaming 61 -> 61_1768627947365
[07:32:27] [4] [products] 61 -> 61_1768627947365 [OK]
[07:32:27] [4] [products] WARNING: Collision. Renaming 62 -> 62_1768627947369
[07:32:27] [4] [products] 62 -> 62_1768627947369 [OK]
[07:32:27] [4] [products] WARNING: Collision. Renaming 63 -> 63_1768627947372
[07:32:27] [4] [products] 63 -> 63_1768627947372 [OK]
[07:32:27] [4] [products] WARNING: Collision. Renaming 64 -> 64_1768627947376
[07:32:27] [4] [products] 64 -> 64_1768627947376 [OK]
[07:32:27] [4] [products] WARNING: Collision. Renaming 65 -> 65_1768627947388
[07:32:27] [4] [products] 65 -> 65_1768627947388 [OK]
[07:32:27] [4] [products] WARNING: Collision. Renaming 66 -> 66_1768627947396
[07:32:27] [4] [products] 66 -> 66_1768627947396 [OK]
[07:32:27] [4] [products] WARNING: Collision. Renaming 67 -> 67_1768627947399
[07:32:27] [4] [products] 67 -> 67_1768627947399 [OK]
[07:32:27] [4] [products] WARNING: Collision. Renaming 68 -> 68_1768627947415
[07:32:27] [4] [products] 68 -> 68_1768627947415 [OK]
[07:32:27] [4] [products] WARNING: Collision. Renaming 69 -> 69_1768627947419
[07:32:27] [4] [products] 69 -> 69_1768627947419 [OK]
[07:32:27] [4] [products] WARNING: Collision. Renaming 70 -> 70_1768627947423
[07:32:27] [4] [products] 70 -> 70_1768627947423 [OK]
[07:32:27] [4] [products] WARNING: Collision. Renaming 71 -> 71_1768627947434
[07:32:27] [4] [products] 71 -> 71_1768627947434 [OK]
[07:32:27] [4] [products] WARNING: Collision. Renaming 73 -> 73_1768627947437
[07:32:27] [4] [products] 73 -> 73_1768627947437 [OK]
[07:32:27] [4] [products] WARNING: Collision. Renaming 74 -> 74_1768627947444
[07:32:27] [4] [products] 74 -> 74_1768627947444 [OK]
[07:32:27] [4] [products] WARNING: Collision. Renaming 75 -> 75_1768627947454
[07:32:27] [4] [products] 75 -> 75_1768627947454 [OK]
[07:32:27] [4] [products] WARNING: Collision. Renaming 76 -> 76_1768627947464
[07:32:27] [4] [products] 76 -> 76_1768627947464 [OK]
[07:32:27] [4] [products] WARNING: Collision. Renaming 77 -> 77_1768627947468
[07:32:27] [4] [products] 77 -> 77_1768627947468 [OK]
[07:32:27] [4] [products] WARNING: Collision. Renaming 78 -> 78_1768627947472
[07:32:27] [4] [products] 78 -> 78_1768627947472 [OK]
[07:32:27] [4] [products] WARNING: Collision. Renaming 79 -> 79_1768627947477
[07:32:27] [4] [products] 79 -> 79_1768627947477 [OK]
[07:32:27] [4] [products] WARNING: Collision. Renaming 8 -> 8_1768627947480
[07:32:27] [4] [products] 8 -> 8_1768627947480 [OK]
[07:32:27] [4] [products] WARNING: Collision. Renaming 80 -> 80_1768627947484
[07:32:27] [4] [products] 80 -> 80_1768627947484 [OK]
[07:32:27] [4] [products] WARNING: Collision. Renaming 81 -> 81_1768627947486
[07:32:27] [4] [products] 81 -> 81_1768627947486 [OK]
[07:32:27] [4] [products] WARNING: Collision. Renaming 82 -> 82_1768627947489
[07:32:27] [4] [products] 82 -> 82_1768627947489 [OK]
[07:32:27] [4] [products] WARNING: Collision. Renaming 83 -> 83_1768627947493
[07:32:27] [4] [products] 83 -> 83_1768627947493 [OK]
[07:32:27] [4] [products] WARNING: Collision. Renaming 84 -> 84_1768627947496
[07:32:27] [4] [products] 84 -> 84_1768627947496 [OK]
[07:32:27] [4] [products] WARNING: Collision. Renaming 85 -> 85_1768627947505
[07:32:27] [4] [products] 85 -> 85_1768627947505 [OK]
[07:32:27] [4] [products] WARNING: Collision. Renaming 86 -> 86_1768627947509
[07:32:27] [4] [products] 86 -> 86_1768627947509 [OK]
[07:32:27] [4] [products] WARNING: Collision. Renaming 87 -> 87_1768627947527
[07:32:27] [4] [products] 87 -> 87_1768627947527 [OK]
[07:32:27] [4] [products] WARNING: Collision. Renaming 88 -> 88_1768627947530
[07:32:27] [4] [products] 88 -> 88_1768627947530 [OK]
[07:32:27] [4] [products] WARNING: Collision. Renaming 89 -> 89_1768627947532
[07:32:27] [4] [products] 89 -> 89_1768627947532 [OK]
[07:32:27] [4] [products] WARNING: Collision. Renaming 9 -> 9_1768627947535
[07:32:27] [4] [products] 9 -> 9_1768627947535 [OK]
[07:32:27] [4] [products] WARNING: Collision. Renaming 90 -> 90_1768627947539
[07:32:27] [4] [products] 90 -> 90_1768627947539 [OK]
[07:32:27] [4] [products] WARNING: Collision. Renaming 91 -> 91_1768627947547
[07:32:27] [4] [products] 91 -> 91_1768627947547 [OK]
[07:32:27] [4] [products] WARNING: Collision. Renaming 92 -> 92_1768627947550
[07:32:27] [4] [products] 92 -> 92_1768627947550 [OK]
[07:32:27] [4] [products] WARNING: Collision. Renaming 93 -> 93_1768627947552
[07:32:27] [4] [products] 93 -> 93_1768627947552 [OK]
[07:32:27] [4] [products] WARNING: Collision. Renaming 94 -> 94_1768627947581
[07:32:27] [4] [products] 94 -> 94_1768627947581 [OK]
[07:32:27] [4] [products] WARNING: Collision. Renaming 95 -> 95_1768627947587
[07:32:27] [4] [products] 95 -> 95_1768627947587 [OK]
[07:32:27] [4] [products] WARNING: Collision. Renaming 96 -> 96_1768627947590
[07:32:27] [4] [products] 96 -> 96_1768627947590 [OK]
[07:32:27] [4] [products] WARNING: Collision. Renaming 97 -> 97_1768627947603
[07:32:27] [4] [products] 97 -> 97_1768627947603 [OK]
[07:32:27] [4] [products] WARNING: Collision. Renaming 98 -> 98_1768627947606
[07:32:27] [4] [products] 98 -> 98_1768627947606 [OK]
[07:32:27] [4] [products] WARNING: Collision. Renaming 99 -> 99_1768627947609
[07:32:27] [4] [products] 99 -> 99_1768627947609 [OK]
[07:32:27] [4] [users] WARNING: Collision. Renaming 18 -> 18_1768627947615
[07:32:27] [4] [users] 18 -> 18_1768627947615 [OK]
[07:32:27] [4] [users] WARNING: Collision. Renaming 36 -> 36_1768627947619
[07:32:27] [4] [users] 36 -> 36_1768627947619 [OK]
[07:32:27] [4] [users] WARNING: Collision. Renaming 6 -> 6_1768627947626
[07:32:27] [4] [users] 6 -> 6_1768627947626 [OK]
[07:32:27] [5] [categories] WARNING: Collision. Renaming 36 -> 36_1768627947665
[07:32:27] [5] [categories] 36 -> 36_1768627947665 [OK]
[07:32:27] [5] [categories] WARNING: Collision. Renaming 37 -> 37_1768627947668
[07:32:27] [5] [categories] 37 -> 37_1768627947668 [OK]
[07:32:27] [5] [categories] WARNING: Collision. Renaming 66 -> 66_1768627947670
[07:32:27] [5] [categories] 66 -> 66_1768627947670 [OK]
[07:32:27] [5] [customers] WARNING: Collision. Renaming 86 -> 86_1768627947677
[07:32:27] [5] [customers] 86 -> 86_1768627947677 [OK]
[07:32:27] [5] [customers] WARNING: Collision. Renaming 96 -> 96_1768627947680
[07:32:27] [5] [customers] 96 -> 96_1768627947680 [OK]
[07:32:27] [5] [customers] WARNING: Collision. Renaming 97 -> 97_1768627947689
[07:32:27] [5] [customers] 97 -> 97_1768627947689 [OK]
[07:32:27] [5] [products] WARNING: Collision. Renaming 152 -> 152_1768627947701
[07:32:27] [5] [products] 152 -> 152_1768627947701 [OK]
[07:32:27] [5] [users] WARNING: Collision. Renaming 259 -> 259_1768627947713
[07:32:27] [5] [users] 259 -> 259_1768627947713 [OK]
[07:32:27] [5] [users] WARNING: Collision. Renaming 262 -> 262_1768627947729
[07:32:27] [5] [users] 262 -> 262_1768627947729 [OK]
[07:32:27] [5] [users] WARNING: Collision. Renaming 34 -> 34_1768627947733
[07:32:27] [5] [users] 34 -> 34_1768627947733 [OK]
[07:32:27] [7] [customers] WARNING: Collision. Renaming 63 -> 63_1768627947747
[07:32:27] [7] [customers] 63 -> 63_1768627947747 [OK]
[07:32:27] [7] [customers] WARNING: Collision. Renaming 66 -> 66_1768627947751
[07:32:27] [7] [customers] 66 -> 66_1768627947751 [OK]
[07:32:27] [7] [customers] WARNING: Collision. Renaming 70 -> 70_1768627947755
[07:32:27] [7] [customers] 70 -> 70_1768627947755 [OK]
[07:32:27] [7] [customers] WARNING: Collision. Renaming 71 -> 71_1768627947763
[07:32:27] [7] [customers] 71 -> 71_1768627947763 [OK]
[07:32:27] [7] [customers] WARNING: Collision. Renaming 72 -> 72_1768627947768
[07:32:27] [7] [customers] 72 -> 72_1768627947768 [OK]
[07:32:27] [7] [customers] WARNING: Collision. Renaming 73 -> 73_1768627947863
[07:32:27] [7] [customers] 73 -> 73_1768627947863 [OK]
[07:32:27] [7] [customers] WARNING: Collision. Renaming 74 -> 74_1768627947867
[07:32:27] [7] [customers] 74 -> 74_1768627947867 [OK]
[07:32:27] [7] [customers] WARNING: Collision. Renaming 75 -> 75_1768627947870
[07:32:27] [7] [customers] 75 -> 75_1768627947870 [OK]
[07:32:27] [7] [customers] WARNING: Collision. Renaming 77 -> 77_1768627947875
[07:32:27] [7] [customers] 77 -> 77_1768627947875 [OK]
[07:32:27] [7] [products] WARNING: Collision. Renaming 139 -> 139_1768627947880
[07:32:27] [7] [products] 139 -> 139_1768627947880 [OK]
=========================================
MIGRATION SUMMARY
Total Tenants Processed: 124
Total Files Moved: 161
Errors: 0
=========================================
