=== Tenant Migration Log Started: 2026-01-17T19:13:08.286354900 ===
[19:13:08] [4] [brands] 1 -> 1 [OK]
[19:13:08] [4] [brands] 10 -> 10 [OK]
[19:13:08] [4] [brands] 11 -> 11 [OK]
[19:13:08] [4] [brands] 12 -> 12 [OK]
[19:13:08] [4] [brands] 13 -> 13 [OK]
[19:13:08] [4] [brands] 14 -> 14 [OK]
[19:13:08] [4] [brands] 15 -> 15 [OK]
[19:13:08] [4] [brands] 16 -> 16 [OK]
[19:13:08] [4] [brands] 17 -> 17 [OK]
[19:13:08] [4] [brands] 18 -> 18 [OK]
[19:13:08] [4] [brands] 19 -> 19 [OK]
[19:13:08] [4] [brands] 2 -> 2 [OK]
[19:13:08] [4] [brands] 20 -> 20 [OK]
[19:13:08] [4] [brands] 21 -> 21 [OK]
[19:13:08] [4] [brands] 22 -> 22 [OK]
[19:13:08] [4] [brands] 23 -> 23 [OK]
[19:13:08] [4] [brands] 24 -> 24 [OK]
[19:13:08] [4] [brands] 25 -> 25 [OK]
[19:13:08] [4] [brands] 26 -> 26 [OK]
[19:13:08] [4] [brands] 27 -> 27 [OK]
[19:13:08] [4] [brands] 28 -> 28 [OK]
[19:13:08] [4] [brands] 29 -> 29 [OK]
[19:13:08] [4] [brands] 3 -> 3 [OK]
[19:13:08] [4] [brands] 30 -> 30 [OK]
[19:13:08] [4] [brands] 31 -> 31 [OK]
[19:13:08] [4] [brands] 32 -> 32 [OK]
[19:13:08] [4] [brands] 33 -> 33 [OK]
[19:13:08] [4] [brands] 34 -> 34 [OK]
[19:13:08] [4] [brands] 35 -> 35 [OK]
[19:13:08] [4] [brands] 36 -> 36 [OK]
[19:13:08] [4] [brands] 37 -> 37 [OK]
[19:13:08] [4] [brands] 38 -> 38 [OK]
[19:13:08] [4] [brands] 39 -> 39 [OK]
[19:13:08] [4] [brands] 4 -> 4 [OK]
[19:13:08] [4] [brands] 40 -> 40 [OK]
[19:13:08] [4] [brands] 41 -> 41 [OK]
[19:13:08] [4] [brands] 42 -> 42 [OK]
[19:13:08] [4] [brands] 43 -> 43 [OK]
[19:13:08] [4] [brands] 44 -> 44 [OK]
[19:13:08] [4] [brands] 45 -> 45 [OK]
[19:13:08] [4] [brands] 46 -> 46 [OK]
[19:13:08] [4] [brands] 47 -> 47 [OK]
[19:13:08] [4] [brands] 48 -> 48 [OK]
[19:13:08] [4] [brands] 49 -> 49 [OK]
[19:13:08] [4] [brands] 5 -> 5 [OK]
[19:13:08] [4] [brands] 50 -> 50 [OK]
[19:13:08] [4] [brands] 51 -> 51 [OK]
[19:13:08] [4] [brands] 52 -> 52 [OK]
[19:13:08] [4] [brands] 53 -> 53 [OK]
[19:13:08] [4] [brands] 54 -> 54 [OK]
[19:13:08] [4] [brands] 6 -> 6 [OK]
[19:13:08] [4] [brands] 7 -> 7 [OK]
[19:13:08] [4] [brands] 8 -> 8 [OK]
[19:13:08] [4] [brands] 9 -> 9 [OK]
[19:13:08] [4] [brands] WARNING: Collision. Renaming 98 -> 98_1768669988460
[19:13:08] [4] [brands] 98 -> 98_1768669988460 [OK]
[19:13:08] [4] [brands] Pelican.png -> Pelican.png [OK]
[19:13:08] [4] [categories] WARNING: Collision. Renaming 1 -> 1_1768669988489
[19:13:08] [4] [categories] 1 -> 1_1768669988489 [OK]
[19:13:08] [4] [categories] WARNING: Collision. Renaming 10 -> 10_1768669988493
[19:13:08] [4] [categories] 10 -> 10_1768669988493 [OK]
[19:13:08] [4] [categories] WARNING: Collision. Renaming 11 -> 11_1768669988496
[19:13:08] [4] [categories] 11 -> 11_1768669988496 [OK]
[19:13:08] [4] [categories] WARNING: Collision. Renaming 12 -> 12_1768669988499
[19:13:08] [4] [categories] 12 -> 12_1768669988499 [OK]
[19:13:08] [4] [categories] WARNING: Collision. Renaming 13 -> 13_1768669988502
[19:13:08] [4] [categories] 13 -> 13_1768669988502 [OK]
[19:13:08] [4] [categories] WARNING: Collision. Renaming 14 -> 14_1768669988505
[19:13:08] [4] [categories] 14 -> 14_1768669988505 [OK]
[19:13:08] [4] [categories] WARNING: Collision. Renaming 15 -> 15_1768669988509
[19:13:08] [4] [categories] 15 -> 15_1768669988509 [OK]
[19:13:08] [4] [categories] WARNING: Collision. Renaming 16 -> 16_1768669988513
[19:13:08] [4] [categories] 16 -> 16_1768669988513 [OK]
[19:13:08] [4] [categories] WARNING: Collision. Renaming 17 -> 17_1768669988516
[19:13:08] [4] [categories] 17 -> 17_1768669988516 [OK]
[19:13:08] [4] [categories] WARNING: Collision. Renaming 18 -> 18_1768669988521
[19:13:08] [4] [categories] 18 -> 18_1768669988521 [OK]
[19:13:08] [4] [categories] WARNING: Collision. Renaming 19 -> 19_1768669988527
[19:13:08] [4] [categories] 19 -> 19_1768669988527 [OK]
[19:13:08] [4] [categories] WARNING: Collision. Renaming 2 -> 2_1768669988530
[19:13:08] [4] [categories] 2 -> 2_1768669988530 [OK]
[19:13:08] [4] [categories] WARNING: Collision. Renaming 20 -> 20_1768669988533
[19:13:08] [4] [categories] 20 -> 20_1768669988533 [OK]
[19:13:08] [4] [categories] WARNING: Collision. Renaming 21 -> 21_1768669988536
[19:13:08] [4] [categories] 21 -> 21_1768669988536 [OK]
[19:13:08] [4] [categories] WARNING: Collision. Renaming 22 -> 22_1768669988541
[19:13:08] [4] [categories] 22 -> 22_1768669988541 [OK]
[19:13:08] [4] [categories] WARNING: Collision. Renaming 23 -> 23_1768669988547
[19:13:08] [4] [categories] 23 -> 23_1768669988547 [OK]
[19:13:08] [4] [categories] WARNING: Collision. Renaming 24 -> 24_1768669988550
[19:13:08] [4] [categories] 24 -> 24_1768669988550 [OK]
[19:13:08] [4] [categories] WARNING: Collision. Renaming 25 -> 25_1768669988554
[19:13:08] [4] [categories] 25 -> 25_1768669988554 [OK]
[19:13:08] [4] [categories] WARNING: Collision. Renaming 26 -> 26_1768669988559
[19:13:08] [4] [categories] 26 -> 26_1768669988559 [OK]
[19:13:08] [4] [categories] WARNING: Collision. Renaming 27 -> 27_1768669988563
[19:13:08] [4] [categories] 27 -> 27_1768669988563 [OK]
[19:13:08] [4] [categories] WARNING: Collision. Renaming 28 -> 28_1768669988565
[19:13:08] [4] [categories] 28 -> 28_1768669988565 [OK]
[19:13:08] [4] [categories] WARNING: Collision. Renaming 29 -> 29_1768669988569
[19:13:08] [4] [categories] 29 -> 29_1768669988569 [OK]
[19:13:08] [4] [categories] WARNING: Collision. Renaming 3 -> 3_1768669988572
[19:13:08] [4] [categories] 3 -> 3_1768669988572 [OK]
[19:13:08] [4] [categories] WARNING: Collision. Renaming 30 -> 30_1768669988575
[19:13:08] [4] [categories] 30 -> 30_1768669988575 [OK]
[19:13:08] [4] [categories] WARNING: Collision. Renaming 31 -> 31_1768669988578
[19:13:08] [4] [categories] 31 -> 31_1768669988578 [OK]
[19:13:08] [4] [categories] WARNING: Collision. Renaming 5 -> 5_1768669988580
[19:13:08] [4] [categories] 5 -> 5_1768669988580 [OK]
[19:13:08] [4] [categories] WARNING: Collision. Renaming 6 -> 6_1768669988584
[19:13:08] [4] [categories] 6 -> 6_1768669988584 [OK]
[19:13:08] [4] [categories] WARNING: Collision. Renaming 8 -> 8_1768669988586
[19:13:08] [4] [categories] 8 -> 8_1768669988586 [OK]
[19:13:08] [4] [categories] WARNING: Collision. Renaming 9 -> 9_1768669988589
[19:13:08] [4] [categories] 9 -> 9_1768669988589 [OK]
[19:13:08] [4] [customers] WARNING: Collision. Renaming 10 -> 10_1768669988593
[19:13:08] [4] [customers] 10 -> 10_1768669988593 [OK]
[19:13:08] [4] [customers] WARNING: Collision. Renaming 18 -> 18_1768669988595
[19:13:08] [4] [customers] 18 -> 18_1768669988595 [OK]
[19:13:08] [4] [customers] WARNING: Collision. Renaming 7 -> 7_1768669988598
[19:13:08] [4] [customers] 7 -> 7_1768669988598 [OK]
[19:13:08] [4] [customers] WARNING: Collision. Renaming 87 -> 87_1768669988600
[19:13:08] [4] [customers] 87 -> 87_1768669988600 [OK]
[19:13:08] [4] [customers] WARNING: Collision. Renaming 88 -> 88_1768669988604
[19:13:08] [4] [customers] 88 -> 88_1768669988604 [OK]
[19:13:08] [4] [products] WARNING: Collision. Renaming 1 -> 1_1768669988608
[19:13:08] [4] [products] 1 -> 1_1768669988608 [OK]
[19:13:08] [4] [products] WARNING: Collision. Renaming 10 -> 10_1768669988612
[19:13:08] [4] [products] 10 -> 10_1768669988612 [OK]
[19:13:08] [4] [products] WARNING: Collision. Renaming 100 -> 100_1768669988615
[19:13:08] [4] [products] 100 -> 100_1768669988615 [OK]
[19:13:08] [4] [products] WARNING: Collision. Renaming 101 -> 101_1768669988619
[19:13:08] [4] [products] 101 -> 101_1768669988619 [OK]
[19:13:08] [4] [products] WARNING: Collision. Renaming 102 -> 102_1768669988622
[19:13:08] [4] [products] 102 -> 102_1768669988622 [OK]
[19:13:08] [4] [products] WARNING: Collision. Renaming 103 -> 103_1768669988625
[19:13:08] [4] [products] 103 -> 103_1768669988625 [OK]
[19:13:08] [4] [products] WARNING: Collision. Renaming 104 -> 104_1768669988636
[19:13:08] [4] [products] 104 -> 104_1768669988636 [OK]
[19:13:08] [4] [products] WARNING: Collision. Renaming 105 -> 105_1768669988640
[19:13:08] [4] [products] 105 -> 105_1768669988640 [OK]
[19:13:08] [4] [products] WARNING: Collision. Renaming 106 -> 106_1768669988643
[19:13:08] [4] [products] 106 -> 106_1768669988643 [OK]
[19:13:08] [4] [products] WARNING: Collision. Renaming 11 -> 11_1768669988645
[19:13:08] [4] [products] 11 -> 11_1768669988645 [OK]
[19:13:08] [4] [products] WARNING: Collision. Renaming 12 -> 12_1768669988650
[19:13:08] [4] [products] 12 -> 12_1768669988650 [OK]
[19:13:08] [4] [products] WARNING: Collision. Renaming 14 -> 14_1768669988654
[19:13:08] [4] [products] 14 -> 14_1768669988654 [OK]
[19:13:08] [4] [products] WARNING: Collision. Renaming 15 -> 15_1768669988656
[19:13:08] [4] [products] 15 -> 15_1768669988656 [OK]
[19:13:08] [4] [products] WARNING: Collision. Renaming 16 -> 16_1768669988659
[19:13:08] [4] [products] 16 -> 16_1768669988659 [OK]
[19:13:08] [4] [products] WARNING: Collision. Renaming 17 -> 17_1768669988663
[19:13:08] [4] [products] 17 -> 17_1768669988663 [OK]
[19:13:08] [4] [products] WARNING: Collision. Renaming 18 -> 18_1768669988667
[19:13:08] [4] [products] 18 -> 18_1768669988667 [OK]
[19:13:08] [4] [products] WARNING: Collision. Renaming 19 -> 19_1768669988671
[19:13:08] [4] [products] 19 -> 19_1768669988671 [OK]
[19:13:08] [4] [products] WARNING: Collision. Renaming 2 -> 2_1768669988674
[19:13:08] [4] [products] 2 -> 2_1768669988674 [OK]
[19:13:08] [4] [products] WARNING: Collision. Renaming 20 -> 20_1768669988679
[19:13:08] [4] [products] 20 -> 20_1768669988679 [OK]
[19:13:08] [4] [products] WARNING: Collision. Renaming 21 -> 21_1768669988682
[19:13:08] [4] [products] 21 -> 21_1768669988682 [OK]
[19:13:08] [4] [products] WARNING: Collision. Renaming 22 -> 22_1768669988685
[19:13:08] [4] [products] 22 -> 22_1768669988685 [OK]
[19:13:08] [4] [products] WARNING: Collision. Renaming 23 -> 23_1768669988689
[19:13:08] [4] [products] 23 -> 23_1768669988689 [OK]
[19:13:08] [4] [products] WARNING: Collision. Renaming 24 -> 24_1768669988693
[19:13:08] [4] [products] 24 -> 24_1768669988693 [OK]
[19:13:08] [4] [products] WARNING: Collision. Renaming 25 -> 25_1768669988697
[19:13:08] [4] [products] 25 -> 25_1768669988697 [OK]
[19:13:08] [4] [products] WARNING: Collision. Renaming 26 -> 26_1768669988701
[19:13:08] [4] [products] 26 -> 26_1768669988701 [OK]
[19:13:08] [4] [products] WARNING: Collision. Renaming 27 -> 27_1768669988704
[19:13:08] [4] [products] 27 -> 27_1768669988704 [OK]
[19:13:08] [4] [products] WARNING: Collision. Renaming 28 -> 28_1768669988708
[19:13:08] [4] [products] 28 -> 28_1768669988708 [OK]
[19:13:08] [4] [products] WARNING: Collision. Renaming 29 -> 29_1768669988711
[19:13:08] [4] [products] 29 -> 29_1768669988711 [OK]
[19:13:08] [4] [products] WARNING: Collision. Renaming 3 -> 3_1768669988715
[19:13:08] [4] [products] 3 -> 3_1768669988715 [OK]
[19:13:08] [4] [products] WARNING: Collision. Renaming 30 -> 30_1768669988716
[19:13:08] [4] [products] 30 -> 30_1768669988716 [OK]
[19:13:08] [4] [products] WARNING: Collision. Renaming 31 -> 31_1768669988719
[19:13:08] [4] [products] 31 -> 31_1768669988719 [OK]
[19:13:08] [4] [products] WARNING: Collision. Renaming 32 -> 32_1768669988724
[19:13:08] [4] [products] 32 -> 32_1768669988724 [OK]
[19:13:08] [4] [products] WARNING: Collision. Renaming 33 -> 33_1768669988727
[19:13:08] [4] [products] 33 -> 33_1768669988727 [OK]
[19:13:08] [4] [products] WARNING: Collision. Renaming 34 -> 34_1768669988730
[19:13:08] [4] [products] 34 -> 34_1768669988730 [OK]
[19:13:08] [4] [products] WARNING: Collision. Renaming 35 -> 35_1768669988733
[19:13:08] [4] [products] 35 -> 35_1768669988733 [OK]
[19:13:08] [4] [products] WARNING: Collision. Renaming 36 -> 36_1768669988736
[19:13:08] [4] [products] 36 -> 36_1768669988736 [OK]
[19:13:08] [4] [products] WARNING: Collision. Renaming 37 -> 37_1768669988743
[19:13:08] [4] [products] 37 -> 37_1768669988743 [OK]
[19:13:08] [4] [products] WARNING: Collision. Renaming 38 -> 38_1768669988748
[19:13:08] [4] [products] 38 -> 38_1768669988748 [OK]
[19:13:08] [4] [products] WARNING: Collision. Renaming 39 -> 39_1768669988751
[19:13:08] [4] [products] 39 -> 39_1768669988751 [OK]
[19:13:08] [4] [products] WARNING: Collision. Renaming 40 -> 40_1768669988754
[19:13:08] [4] [products] 40 -> 40_1768669988754 [OK]
[19:13:08] [4] [products] WARNING: Collision. Renaming 41 -> 41_1768669988758
[19:13:08] [4] [products] 41 -> 41_1768669988758 [OK]
[19:13:08] [4] [products] WARNING: Collision. Renaming 42 -> 42_1768669988762
[19:13:08] [4] [products] 42 -> 42_1768669988762 [OK]
[19:13:08] [4] [products] WARNING: Collision. Renaming 43 -> 43_1768669988766
[19:13:08] [4] [products] 43 -> 43_1768669988766 [OK]
[19:13:08] [4] [products] WARNING: Collision. Renaming 44 -> 44_1768669988770
[19:13:08] [4] [products] 44 -> 44_1768669988770 [OK]
[19:13:08] [4] [products] WARNING: Collision. Renaming 45 -> 45_1768669988772
[19:13:08] [4] [products] 45 -> 45_1768669988772 [OK]
[19:13:08] [4] [products] WARNING: Collision. Renaming 46 -> 46_1768669988776
[19:13:08] [4] [products] 46 -> 46_1768669988776 [OK]
[19:13:08] [4] [products] WARNING: Collision. Renaming 47 -> 47_1768669988779
[19:13:08] [4] [products] 47 -> 47_1768669988779 [OK]
[19:13:08] [4] [products] WARNING: Collision. Renaming 48 -> 48_1768669988782
[19:13:08] [4] [products] 48 -> 48_1768669988782 [OK]
[19:13:08] [4] [products] WARNING: Collision. Renaming 49 -> 49_1768669988788
[19:13:08] [4] [products] 49 -> 49_1768669988788 [OK]
[19:13:08] [4] [products] WARNING: Collision. Renaming 50 -> 50_1768669988792
[19:13:08] [4] [products] 50 -> 50_1768669988792 [OK]
[19:13:08] [4] [products] WARNING: Collision. Renaming 51 -> 51_1768669988795
[19:13:08] [4] [products] 51 -> 51_1768669988795 [OK]
[19:13:08] [4] [products] WARNING: Collision. Renaming 52 -> 52_1768669988800
[19:13:08] [4] [products] 52 -> 52_1768669988800 [OK]
[19:13:08] [4] [products] WARNING: Collision. Renaming 53 -> 53_1768669988803
[19:13:08] [4] [products] 53 -> 53_1768669988803 [OK]
[19:13:08] [4] [products] WARNING: Collision. Renaming 54 -> 54_1768669988806
[19:13:08] [4] [products] 54 -> 54_1768669988806 [OK]
[19:13:08] [4] [products] WARNING: Collision. Renaming 55 -> 55_1768669988809
[19:13:08] [4] [products] 55 -> 55_1768669988809 [OK]
[19:13:08] [4] [products] WARNING: Collision. Renaming 56 -> 56_1768669988813
[19:13:08] [4] [products] 56 -> 56_1768669988813 [OK]
[19:13:08] [4] [products] WARNING: Collision. Renaming 57 -> 57_1768669988817
[19:13:08] [4] [products] 57 -> 57_1768669988817 [OK]
[19:13:08] [4] [products] WARNING: Collision. Renaming 58 -> 58_1768669988818
[19:13:08] [4] [products] 58 -> 58_1768669988818 [OK]
[19:13:08] [4] [products] WARNING: Collision. Renaming 59 -> 59_1768669988822
[19:13:08] [4] [products] 59 -> 59_1768669988822 [OK]
[19:13:08] [4] [products] WARNING: Collision. Renaming 6 -> 6_1768669988826
[19:13:08] [4] [products] 6 -> 6_1768669988826 [OK]
[19:13:08] [4] [products] WARNING: Collision. Renaming 60 -> 60_1768669988830
[19:13:08] [4] [products] 60 -> 60_1768669988830 [OK]
[19:13:08] [4] [products] WARNING: Collision. Renaming 61 -> 61_1768669988834
[19:13:08] [4] [products] 61 -> 61_1768669988834 [OK]
[19:13:08] [4] [products] WARNING: Collision. Renaming 62 -> 62_1768669988837
[19:13:08] [4] [products] 62 -> 62_1768669988837 [OK]
[19:13:08] [4] [products] WARNING: Collision. Renaming 63 -> 63_1768669988841
[19:13:08] [4] [products] 63 -> 63_1768669988841 [OK]
[19:13:08] [4] [products] WARNING: Collision. Renaming 64 -> 64_1768669988897
[19:13:08] [4] [products] 64 -> 64_1768669988897 [OK]
[19:13:08] [4] [products] WARNING: Collision. Renaming 65 -> 65_1768669988902
[19:13:08] [4] [products] 65 -> 65_1768669988902 [OK]
[19:13:08] [4] [products] WARNING: Collision. Renaming 66 -> 66_1768669988905
[19:13:08] [4] [products] 66 -> 66_1768669988905 [OK]
[19:13:08] [4] [products] WARNING: Collision. Renaming 67 -> 67_1768669988910
[19:13:08] [4] [products] 67 -> 67_1768669988910 [OK]
[19:13:08] [4] [products] WARNING: Collision. Renaming 68 -> 68_1768669988913
[19:13:08] [4] [products] 68 -> 68_1768669988913 [OK]
[19:13:08] [4] [products] WARNING: Collision. Renaming 69 -> 69_1768669988924
[19:13:08] [4] [products] 69 -> 69_1768669988924 [OK]
[19:13:08] [4] [products] WARNING: Collision. Renaming 70 -> 70_1768669988932
[19:13:08] [4] [products] 70 -> 70_1768669988932 [OK]
[19:13:08] [4] [products] WARNING: Collision. Renaming 71 -> 71_1768669988940
[19:13:08] [4] [products] 71 -> 71_1768669988940 [OK]
[19:13:08] [4] [products] WARNING: Collision. Renaming 73 -> 73_1768669988943
[19:13:08] [4] [products] 73 -> 73_1768669988943 [OK]
[19:13:09] [4] [products] WARNING: Collision. Renaming 74 -> 74_1768669989024
[19:13:09] [4] [products] 74 -> 74_1768669989024 [OK]
[19:13:09] [4] [products] WARNING: Collision. Renaming 75 -> 75_1768669989041
[19:13:09] [4] [products] 75 -> 75_1768669989041 [OK]
[19:13:09] [4] [products] WARNING: Collision. Renaming 76 -> 76_1768669989135
[19:13:09] [4] [products] 76 -> 76_1768669989135 [OK]
[19:13:09] [4] [products] WARNING: Collision. Renaming 77 -> 77_1768669989143
[19:13:09] [4] [products] 77 -> 77_1768669989143 [OK]
[19:13:09] [4] [products] WARNING: Collision. Renaming 78 -> 78_1768669989146
[19:13:09] [4] [products] 78 -> 78_1768669989146 [OK]
[19:13:09] [4] [products] WARNING: Collision. Renaming 79 -> 79_1768669989153
[19:13:09] [4] [products] 79 -> 79_1768669989153 [OK]
[19:13:09] [4] [products] WARNING: Collision. Renaming 8 -> 8_1768669989177
[19:13:09] [4] [products] 8 -> 8_1768669989177 [OK]
[19:13:09] [4] [products] WARNING: Collision. Renaming 80 -> 80_1768669989181
[19:13:09] [4] [products] 80 -> 80_1768669989181 [OK]
[19:13:09] [4] [products] WARNING: Collision. Renaming 81 -> 81_1768669989185
[19:13:09] [4] [products] 81 -> 81_1768669989185 [OK]
[19:13:09] [4] [products] WARNING: Collision. Renaming 82 -> 82_1768669989188
[19:13:09] [4] [products] 82 -> 82_1768669989188 [OK]
[19:13:09] [4] [products] WARNING: Collision. Renaming 83 -> 83_1768669989192
[19:13:09] [4] [products] 83 -> 83_1768669989192 [OK]
[19:13:09] [4] [products] WARNING: Collision. Renaming 84 -> 84_1768669989210
[19:13:09] [4] [products] 84 -> 84_1768669989210 [OK]
[19:13:09] [4] [products] WARNING: Collision. Renaming 85 -> 85_1768669989217
[19:13:09] [4] [products] 85 -> 85_1768669989217 [OK]
[19:13:09] [4] [products] WARNING: Collision. Renaming 86 -> 86_1768669989226
[19:13:09] [4] [products] 86 -> 86_1768669989226 [OK]
[19:13:09] [4] [products] WARNING: Collision. Renaming 87 -> 87_1768669989228
[19:13:09] [4] [products] 87 -> 87_1768669989228 [OK]
[19:13:09] [4] [products] WARNING: Collision. Renaming 88 -> 88_1768669989231
[19:13:09] [4] [products] 88 -> 88_1768669989231 [OK]
[19:13:09] [4] [products] WARNING: Collision. Renaming 89 -> 89_1768669989236
[19:13:09] [4] [products] 89 -> 89_1768669989236 [OK]
[19:13:09] [4] [products] WARNING: Collision. Renaming 9 -> 9_1768669989239
[19:13:09] [4] [products] 9 -> 9_1768669989239 [OK]
[19:13:09] [4] [products] WARNING: Collision. Renaming 90 -> 90_1768669989243
[19:13:09] [4] [products] 90 -> 90_1768669989243 [OK]
[19:13:09] [4] [products] WARNING: Collision. Renaming 91 -> 91_1768669989245
[19:13:09] [4] [products] 91 -> 91_1768669989245 [OK]
[19:13:09] [4] [products] WARNING: Collision. Renaming 92 -> 92_1768669989248
[19:13:09] [4] [products] 92 -> 92_1768669989248 [OK]
[19:13:09] [4] [products] WARNING: Collision. Renaming 93 -> 93_1768669989250
[19:13:09] [4] [products] 93 -> 93_1768669989250 [OK]
[19:13:09] [4] [products] WARNING: Collision. Renaming 94 -> 94_1768669989277
[19:13:09] [4] [products] 94 -> 94_1768669989277 [OK]
[19:13:09] [4] [products] WARNING: Collision. Renaming 95 -> 95_1768669989281
[19:13:09] [4] [products] 95 -> 95_1768669989281 [OK]
[19:13:09] [4] [products] WARNING: Collision. Renaming 96 -> 96_1768669989285
[19:13:09] [4] [products] 96 -> 96_1768669989285 [OK]
[19:13:09] [4] [products] WARNING: Collision. Renaming 97 -> 97_1768669989290
[19:13:09] [4] [products] 97 -> 97_1768669989290 [OK]
[19:13:09] [4] [products] WARNING: Collision. Renaming 98 -> 98_1768669989297
[19:13:09] [4] [products] 98 -> 98_1768669989297 [OK]
[19:13:09] [4] [products] WARNING: Collision. Renaming 99 -> 99_1768669989356
[19:13:09] [4] [products] 99 -> 99_1768669989356 [OK]
[19:13:09] [4] [profile] WARNING: Collision. Renaming 1 -> 1_1768669989360
[19:13:09] [4] [profile] 1 -> 1_1768669989360 [OK]
[19:13:09] [4] [profile] WARNING: Collision. Renaming 3c5f02a6_75b2d7c2.png -> 3c5f02a6_75b2d7c2.png_1768669989365
[19:13:09] [4] [profile] 3c5f02a6_75b2d7c2.png -> 3c5f02a6_75b2d7c2.png_1768669989365 [OK]
[19:13:09] [4] [profile] WARNING: Collision. Renaming Apigee-512-color.png -> Apigee-512-color.png_1768669989368
[19:13:09] [4] [profile] Apigee-512-color.png -> Apigee-512-color.png_1768669989368 [OK]
[19:13:09] [4] [users] WARNING: Collision. Renaming 1 -> 1_1768669989371
[19:13:09] [4] [users] 1 -> 1_1768669989371 [OK]
[19:13:09] [4] [users] WARNING: Collision. Renaming 18 -> 18_1768669989374
[19:13:09] [4] [users] 18 -> 18_1768669989374 [OK]
[19:13:09] [4] [users] WARNING: Collision. Renaming 2 -> 2_1768669989584
[19:13:09] [4] [users] 2 -> 2_1768669989584 [OK]
[19:13:09] [4] [users] WARNING: Collision. Renaming 36 -> 36_1768669989808
[19:13:09] [4] [users] 36 -> 36_1768669989808 [OK]
[19:13:09] [4] [users] WARNING: Collision. Renaming 6 -> 6_1768669989812
[19:13:09] [4] [users] 6 -> 6_1768669989812 [OK]
=========================================
MIGRATION SUMMARY
Total Tenants Processed: 124
Total Files Moved: 199
Errors: 0
=========================================
