=== Tenant Migration Log Started: 2026-01-17T18:17:47.074429300 ===
[18:17:47] [11] [users] WARNING: Collision. Renaming 33 -> 33_1768666667092
[18:17:47] [11] [users] 33 -> 33_1768666667092 [OK]
[18:17:47] [3] [categories] WARNING: Collision. Renaming 34 -> 34_1768666667124
[18:17:47] [3] [categories] 34 -> 34_1768666667124 [OK]
[18:17:47] [3] [categories] WARNING: Collision. Renaming 35 -> 35_1768666667128
[18:17:47] [3] [categories] 35 -> 35_1768666667128 [OK]
[18:17:47] [4] [categories] WARNING: Collision. Renaming 1 -> 1_1768666667140
[18:17:47] [4] [categories] 1 -> 1_1768666667140 [OK]
[18:17:47] [4] [categories] WARNING: Collision. Renaming 10 -> 10_1768666667144
[18:17:47] [4] [categories] 10 -> 10_1768666667144 [OK]
[18:17:47] [4] [categories] WARNING: Collision. Renaming 11 -> 11_1768666667150
[18:17:47] [4] [categories] 11 -> 11_1768666667150 [OK]
[18:17:47] [4] [categories] WARNING: Collision. Renaming 12 -> 12_1768666667154
[18:17:47] [4] [categories] 12 -> 12_1768666667154 [OK]
[18:17:47] [4] [categories] WARNING: Collision. Renaming 13 -> 13_1768666667158
[18:17:47] [4] [categories] 13 -> 13_1768666667158 [OK]
[18:17:47] [4] [categories] WARNING: Collision. Renaming 14 -> 14_1768666667162
[18:17:47] [4] [categories] 14 -> 14_1768666667162 [OK]
[18:17:47] [4] [categories] WARNING: Collision. Renaming 15 -> 15_1768666667168
[18:17:47] [4] [categories] 15 -> 15_1768666667168 [OK]
[18:17:47] [4] [categories] WARNING: Collision. Renaming 16 -> 16_1768666667172
[18:17:47] [4] [categories] 16 -> 16_1768666667172 [OK]
[18:17:47] [4] [categories] WARNING: Collision. Renaming 17 -> 17_1768666667176
[18:17:47] [4] [categories] 17 -> 17_1768666667176 [OK]
[18:17:47] [4] [categories] WARNING: Collision. Renaming 18 -> 18_1768666667180
[18:17:47] [4] [categories] 18 -> 18_1768666667180 [OK]
[18:17:47] [4] [categories] WARNING: Collision. Renaming 19 -> 19_1768666667183
[18:17:47] [4] [categories] 19 -> 19_1768666667183 [OK]
[18:17:47] [4] [categories] WARNING: Collision. Renaming 2 -> 2_1768666667186
[18:17:47] [4] [categories] 2 -> 2_1768666667186 [OK]
[18:17:47] [4] [categories] WARNING: Collision. Renaming 20 -> 20_1768666667188
[18:17:47] [4] [categories] 20 -> 20_1768666667188 [OK]
[18:17:47] [4] [categories] WARNING: Collision. Renaming 21 -> 21_1768666667191
[18:17:47] [4] [categories] 21 -> 21_1768666667191 [OK]
[18:17:47] [4] [categories] WARNING: Collision. Renaming 22 -> 22_1768666667194
[18:17:47] [4] [categories] 22 -> 22_1768666667194 [OK]
[18:17:47] [4] [categories] WARNING: Collision. Renaming 23 -> 23_1768666667198
[18:17:47] [4] [categories] 23 -> 23_1768666667198 [OK]
[18:17:47] [4] [categories] WARNING: Collision. Renaming 24 -> 24_1768666667201
[18:17:47] [4] [categories] 24 -> 24_1768666667201 [OK]
[18:17:47] [4] [categories] WARNING: Collision. Renaming 25 -> 25_1768666667204
[18:17:47] [4] [categories] 25 -> 25_1768666667204 [OK]
[18:17:47] [4] [categories] WARNING: Collision. Renaming 26 -> 26_1768666667207
[18:17:47] [4] [categories] 26 -> 26_1768666667207 [OK]
[18:17:47] [4] [categories] WARNING: Collision. Renaming 27 -> 27_1768666667210
[18:17:47] [4] [categories] 27 -> 27_1768666667210 [OK]
[18:17:47] [4] [categories] WARNING: Collision. Renaming 28 -> 28_1768666667213
[18:17:47] [4] [categories] 28 -> 28_1768666667213 [OK]
[18:17:47] [4] [categories] WARNING: Collision. Renaming 29 -> 29_1768666667217
[18:17:47] [4] [categories] 29 -> 29_1768666667217 [OK]
[18:17:47] [4] [categories] WARNING: Collision. Renaming 3 -> 3_1768666667220
[18:17:47] [4] [categories] 3 -> 3_1768666667220 [OK]
[18:17:47] [4] [categories] WARNING: Collision. Renaming 30 -> 30_1768666667223
[18:17:47] [4] [categories] 30 -> 30_1768666667223 [OK]
[18:17:47] [4] [categories] WARNING: Collision. Renaming 31 -> 31_1768666667226
[18:17:47] [4] [categories] 31 -> 31_1768666667226 [OK]
[18:17:47] [4] [categories] WARNING: Collision. Renaming 5 -> 5_1768666667231
[18:17:47] [4] [categories] 5 -> 5_1768666667231 [OK]
[18:17:47] [4] [categories] WARNING: Collision. Renaming 6 -> 6_1768666667234
[18:17:47] [4] [categories] 6 -> 6_1768666667234 [OK]
[18:17:47] [4] [categories] WARNING: Collision. Renaming 8 -> 8_1768666667237
[18:17:47] [4] [categories] 8 -> 8_1768666667237 [OK]
[18:17:47] [4] [categories] WARNING: Collision. Renaming 9 -> 9_1768666667241
[18:17:47] [4] [categories] 9 -> 9_1768666667241 [OK]
[18:17:47] [4] [customers] WARNING: Collision. Renaming 10 -> 10_1768666667244
[18:17:47] [4] [customers] 10 -> 10_1768666667244 [OK]
[18:17:47] [4] [customers] WARNING: Collision. Renaming 18 -> 18_1768666667248
[18:17:47] [4] [customers] 18 -> 18_1768666667248 [OK]
[18:17:47] [4] [customers] WARNING: Collision. Renaming 7 -> 7_1768666667250
[18:17:47] [4] [customers] 7 -> 7_1768666667250 [OK]
[18:17:47] [4] [customers] WARNING: Collision. Renaming 87 -> 87_1768666667252
[18:17:47] [4] [customers] 87 -> 87_1768666667252 [OK]
[18:17:47] [4] [customers] WARNING: Collision. Renaming 88 -> 88_1768666667255
[18:17:47] [4] [customers] 88 -> 88_1768666667255 [OK]
[18:17:47] [4] [products] WARNING: Collision. Renaming 1 -> 1_1768666667258
[18:17:47] [4] [products] 1 -> 1_1768666667258 [OK]
[18:17:47] [4] [products] WARNING: Collision. Renaming 10 -> 10_1768666667260
[18:17:47] [4] [products] 10 -> 10_1768666667260 [OK]
[18:17:47] [4] [products] WARNING: Collision. Renaming 100 -> 100_1768666667263
[18:17:47] [4] [products] 100 -> 100_1768666667263 [OK]
[18:17:47] [4] [products] WARNING: Collision. Renaming 101 -> 101_1768666667266
[18:17:47] [4] [products] 101 -> 101_1768666667266 [OK]
[18:17:47] [4] [products] WARNING: Collision. Renaming 102 -> 102_1768666667269
[18:17:47] [4] [products] 102 -> 102_1768666667269 [OK]
[18:17:47] [4] [products] WARNING: Collision. Renaming 103 -> 103_1768666667271
[18:17:47] [4] [products] 103 -> 103_1768666667271 [OK]
[18:17:47] [4] [products] WARNING: Collision. Renaming 104 -> 104_1768666667273
[18:17:47] [4] [products] 104 -> 104_1768666667273 [OK]
[18:17:47] [4] [products] WARNING: Collision. Renaming 105 -> 105_1768666667275
[18:17:47] [4] [products] 105 -> 105_1768666667275 [OK]
[18:17:47] [4] [products] WARNING: Collision. Renaming 106 -> 106_1768666667277
[18:17:47] [4] [products] 106 -> 106_1768666667277 [OK]
[18:17:47] [4] [products] WARNING: Collision. Renaming 11 -> 11_1768666667280
[18:17:47] [4] [products] 11 -> 11_1768666667280 [OK]
[18:17:47] [4] [products] WARNING: Collision. Renaming 12 -> 12_1768666667283
[18:17:47] [4] [products] 12 -> 12_1768666667283 [OK]
[18:17:47] [4] [products] WARNING: Collision. Renaming 14 -> 14_1768666667286
[18:17:47] [4] [products] 14 -> 14_1768666667286 [OK]
[18:17:47] [4] [products] WARNING: Collision. Renaming 15 -> 15_1768666667289
[18:17:47] [4] [products] 15 -> 15_1768666667289 [OK]
[18:17:47] [4] [products] WARNING: Collision. Renaming 16 -> 16_1768666667291
[18:17:47] [4] [products] 16 -> 16_1768666667291 [OK]
[18:17:47] [4] [products] WARNING: Collision. Renaming 17 -> 17_1768666667293
[18:17:47] [4] [products] 17 -> 17_1768666667293 [OK]
[18:17:47] [4] [products] WARNING: Collision. Renaming 18 -> 18_1768666667295
[18:17:47] [4] [products] 18 -> 18_1768666667295 [OK]
[18:17:47] [4] [products] WARNING: Collision. Renaming 19 -> 19_1768666667300
[18:17:47] [4] [products] 19 -> 19_1768666667300 [OK]
[18:17:47] [4] [products] WARNING: Collision. Renaming 2 -> 2_1768666667302
[18:17:47] [4] [products] 2 -> 2_1768666667302 [OK]
[18:17:47] [4] [products] WARNING: Collision. Renaming 20 -> 20_1768666667304
[18:17:47] [4] [products] 20 -> 20_1768666667304 [OK]
[18:17:47] [4] [products] WARNING: Collision. Renaming 21 -> 21_1768666667306
[18:17:47] [4] [products] 21 -> 21_1768666667306 [OK]
[18:17:47] [4] [products] WARNING: Collision. Renaming 22 -> 22_1768666667309
[18:17:47] [4] [products] 22 -> 22_1768666667309 [OK]
[18:17:47] [4] [products] WARNING: Collision. Renaming 23 -> 23_1768666667311
[18:17:47] [4] [products] 23 -> 23_1768666667311 [OK]
[18:17:47] [4] [products] WARNING: Collision. Renaming 24 -> 24_1768666667315
[18:17:47] [4] [products] 24 -> 24_1768666667315 [OK]
[18:17:47] [4] [products] WARNING: Collision. Renaming 25 -> 25_1768666667318
[18:17:47] [4] [products] 25 -> 25_1768666667318 [OK]
[18:17:47] [4] [products] WARNING: Collision. Renaming 26 -> 26_1768666667321
[18:17:47] [4] [products] 26 -> 26_1768666667321 [OK]
[18:17:47] [4] [products] WARNING: Collision. Renaming 27 -> 27_1768666667324
[18:17:47] [4] [products] 27 -> 27_1768666667324 [OK]
[18:17:47] [4] [products] WARNING: Collision. Renaming 28 -> 28_1768666667326
[18:17:47] [4] [products] 28 -> 28_1768666667326 [OK]
[18:17:47] [4] [products] WARNING: Collision. Renaming 29 -> 29_1768666667328
[18:17:47] [4] [products] 29 -> 29_1768666667328 [OK]
[18:17:47] [4] [products] WARNING: Collision. Renaming 3 -> 3_1768666667334
[18:17:47] [4] [products] 3 -> 3_1768666667334 [OK]
[18:17:47] [4] [products] WARNING: Collision. Renaming 30 -> 30_1768666667337
[18:17:47] [4] [products] 30 -> 30_1768666667337 [OK]
[18:17:47] [4] [products] WARNING: Collision. Renaming 31 -> 31_1768666667339
[18:17:47] [4] [products] 31 -> 31_1768666667339 [OK]
[18:17:47] [4] [products] WARNING: Collision. Renaming 32 -> 32_1768666667343
[18:17:47] [4] [products] 32 -> 32_1768666667343 [OK]
[18:17:47] [4] [products] WARNING: Collision. Renaming 33 -> 33_1768666667345
[18:17:47] [4] [products] 33 -> 33_1768666667345 [OK]
[18:17:47] [4] [products] WARNING: Collision. Renaming 34 -> 34_1768666667348
[18:17:47] [4] [products] 34 -> 34_1768666667348 [OK]
[18:17:47] [4] [products] WARNING: Collision. Renaming 35 -> 35_1768666667352
[18:17:47] [4] [products] 35 -> 35_1768666667352 [OK]
[18:17:47] [4] [products] WARNING: Collision. Renaming 36 -> 36_1768666667354
[18:17:47] [4] [products] 36 -> 36_1768666667354 [OK]
[18:17:47] [4] [products] WARNING: Collision. Renaming 37 -> 37_1768666667355
[18:17:47] [4] [products] 37 -> 37_1768666667355 [OK]
[18:17:47] [4] [products] WARNING: Collision. Renaming 38 -> 38_1768666667358
[18:17:47] [4] [products] 38 -> 38_1768666667358 [OK]
[18:17:47] [4] [products] WARNING: Collision. Renaming 39 -> 39_1768666667360
[18:17:47] [4] [products] 39 -> 39_1768666667360 [OK]
[18:17:47] [4] [products] WARNING: Collision. Renaming 40 -> 40_1768666667361
[18:17:47] [4] [products] 40 -> 40_1768666667361 [OK]
[18:17:47] [4] [products] WARNING: Collision. Renaming 41 -> 41_1768666667365
[18:17:47] [4] [products] 41 -> 41_1768666667365 [OK]
[18:17:47] [4] [products] WARNING: Collision. Renaming 42 -> 42_1768666667368
[18:17:47] [4] [products] 42 -> 42_1768666667368 [OK]
[18:17:47] [4] [products] WARNING: Collision. Renaming 43 -> 43_1768666667370
[18:17:47] [4] [products] 43 -> 43_1768666667370 [OK]
[18:17:47] [4] [products] WARNING: Collision. Renaming 44 -> 44_1768666667372
[18:17:47] [4] [products] 44 -> 44_1768666667372 [OK]
[18:17:47] [4] [products] WARNING: Collision. Renaming 45 -> 45_1768666667374
[18:17:47] [4] [products] 45 -> 45_1768666667374 [OK]
[18:17:47] [4] [products] WARNING: Collision. Renaming 46 -> 46_1768666667377
[18:17:47] [4] [products] 46 -> 46_1768666667377 [OK]
[18:17:47] [4] [products] WARNING: Collision. Renaming 47 -> 47_1768666667378
[18:17:47] [4] [products] 47 -> 47_1768666667378 [OK]
[18:17:47] [4] [products] WARNING: Collision. Renaming 48 -> 48_1768666667382
[18:17:47] [4] [products] 48 -> 48_1768666667382 [OK]
[18:17:47] [4] [products] WARNING: Collision. Renaming 49 -> 49_1768666667384
[18:17:47] [4] [products] 49 -> 49_1768666667384 [OK]
[18:17:47] [4] [products] WARNING: Collision. Renaming 50 -> 50_1768666667387
[18:17:47] [4] [products] 50 -> 50_1768666667387 [OK]
[18:17:47] [4] [products] WARNING: Collision. Renaming 51 -> 51_1768666667388
[18:17:47] [4] [products] 51 -> 51_1768666667388 [OK]
[18:17:47] [4] [products] WARNING: Collision. Renaming 52 -> 52_1768666667391
[18:17:47] [4] [products] 52 -> 52_1768666667391 [OK]
[18:17:47] [4] [products] WARNING: Collision. Renaming 53 -> 53_1768666667393
[18:17:47] [4] [products] 53 -> 53_1768666667393 [OK]
[18:17:47] [4] [products] WARNING: Collision. Renaming 54 -> 54_1768666667395
[18:17:47] [4] [products] 54 -> 54_1768666667395 [OK]
[18:17:47] [4] [products] WARNING: Collision. Renaming 55 -> 55_1768666667399
[18:17:47] [4] [products] 55 -> 55_1768666667399 [OK]
[18:17:47] [4] [products] WARNING: Collision. Renaming 56 -> 56_1768666667401
[18:17:47] [4] [products] 56 -> 56_1768666667401 [OK]
[18:17:47] [4] [products] WARNING: Collision. Renaming 57 -> 57_1768666667404
[18:17:47] [4] [products] 57 -> 57_1768666667404 [OK]
[18:17:47] [4] [products] WARNING: Collision. Renaming 58 -> 58_1768666667408
[18:17:47] [4] [products] 58 -> 58_1768666667408 [OK]
[18:17:47] [4] [products] WARNING: Collision. Renaming 59 -> 59_1768666667410
[18:17:47] [4] [products] 59 -> 59_1768666667410 [OK]
[18:17:47] [4] [products] WARNING: Collision. Renaming 6 -> 6_1768666667414
[18:17:47] [4] [products] 6 -> 6_1768666667414 [OK]
[18:17:47] [4] [products] WARNING: Collision. Renaming 60 -> 60_1768666667417
[18:17:47] [4] [products] 60 -> 60_1768666667417 [OK]
[18:17:47] [4] [products] WARNING: Collision. Renaming 61 -> 61_1768666667419
[18:17:47] [4] [products] 61 -> 61_1768666667419 [OK]
[18:17:47] [4] [products] WARNING: Collision. Renaming 62 -> 62_1768666667422
[18:17:47] [4] [products] 62 -> 62_1768666667422 [OK]
[18:17:47] [4] [products] WARNING: Collision. Renaming 63 -> 63_1768666667424
[18:17:47] [4] [products] 63 -> 63_1768666667424 [OK]
[18:17:47] [4] [products] WARNING: Collision. Renaming 64 -> 64_1768666667427
[18:17:47] [4] [products] 64 -> 64_1768666667427 [OK]
[18:17:47] [4] [products] WARNING: Collision. Renaming 65 -> 65_1768666667434
[18:17:47] [4] [products] 65 -> 65_1768666667434 [OK]
[18:17:47] [4] [products] WARNING: Collision. Renaming 66 -> 66_1768666667438
[18:17:47] [4] [products] 66 -> 66_1768666667438 [OK]
[18:17:47] [4] [products] WARNING: Collision. Renaming 67 -> 67_1768666667442
[18:17:47] [4] [products] 67 -> 67_1768666667442 [OK]
[18:17:47] [4] [products] WARNING: Collision. Renaming 68 -> 68_1768666667446
[18:17:47] [4] [products] 68 -> 68_1768666667446 [OK]
[18:17:47] [4] [products] WARNING: Collision. Renaming 69 -> 69_1768666667452
[18:17:47] [4] [products] 69 -> 69_1768666667452 [OK]
[18:17:47] [4] [products] WARNING: Collision. Renaming 70 -> 70_1768666667454
[18:17:47] [4] [products] 70 -> 70_1768666667454 [OK]
[18:17:47] [4] [products] WARNING: Collision. Renaming 71 -> 71_1768666667457
[18:17:47] [4] [products] 71 -> 71_1768666667457 [OK]
[18:17:47] [4] [products] WARNING: Collision. Renaming 73 -> 73_1768666667459
[18:17:47] [4] [products] 73 -> 73_1768666667459 [OK]
[18:17:47] [4] [products] WARNING: Collision. Renaming 74 -> 74_1768666667465
[18:17:47] [4] [products] 74 -> 74_1768666667465 [OK]
[18:17:47] [4] [products] WARNING: Collision. Renaming 75 -> 75_1768666667469
[18:17:47] [4] [products] 75 -> 75_1768666667469 [OK]
[18:17:47] [4] [products] WARNING: Collision. Renaming 76 -> 76_1768666667472
[18:17:47] [4] [products] 76 -> 76_1768666667472 [OK]
[18:17:47] [4] [products] WARNING: Collision. Renaming 77 -> 77_1768666667474
[18:17:47] [4] [products] 77 -> 77_1768666667474 [OK]
[18:17:47] [4] [products] WARNING: Collision. Renaming 78 -> 78_1768666667477
[18:17:47] [4] [products] 78 -> 78_1768666667477 [OK]
[18:17:47] [4] [products] WARNING: Collision. Renaming 79 -> 79_1768666667480
[18:17:47] [4] [products] 79 -> 79_1768666667480 [OK]
[18:17:47] [4] [products] WARNING: Collision. Renaming 8 -> 8_1768666667483
[18:17:47] [4] [products] 8 -> 8_1768666667483 [OK]
[18:17:47] [4] [products] WARNING: Collision. Renaming 80 -> 80_1768666667486
[18:17:47] [4] [products] 80 -> 80_1768666667486 [OK]
[18:17:47] [4] [products] WARNING: Collision. Renaming 81 -> 81_1768666667489
[18:17:47] [4] [products] 81 -> 81_1768666667489 [OK]
[18:17:47] [4] [products] WARNING: Collision. Renaming 82 -> 82_1768666667491
[18:17:47] [4] [products] 82 -> 82_1768666667491 [OK]
[18:17:47] [4] [products] WARNING: Collision. Renaming 83 -> 83_1768666667493
[18:17:47] [4] [products] 83 -> 83_1768666667493 [OK]
[18:17:47] [4] [products] WARNING: Collision. Renaming 84 -> 84_1768666667495
[18:17:47] [4] [products] 84 -> 84_1768666667495 [OK]
[18:17:47] [4] [products] WARNING: Collision. Renaming 85 -> 85_1768666667498
[18:17:47] [4] [products] 85 -> 85_1768666667498 [OK]
[18:17:47] [4] [products] WARNING: Collision. Renaming 86 -> 86_1768666667502
[18:17:47] [4] [products] 86 -> 86_1768666667502 [OK]
[18:17:47] [4] [products] WARNING: Collision. Renaming 87 -> 87_1768666667504
[18:17:47] [4] [products] 87 -> 87_1768666667504 [OK]
[18:17:47] [4] [products] WARNING: Collision. Renaming 88 -> 88_1768666667507
[18:17:47] [4] [products] 88 -> 88_1768666667507 [OK]
[18:17:47] [4] [products] WARNING: Collision. Renaming 89 -> 89_1768666667509
[18:17:47] [4] [products] 89 -> 89_1768666667509 [OK]
[18:17:47] [4] [products] WARNING: Collision. Renaming 9 -> 9_1768666667512
[18:17:47] [4] [products] 9 -> 9_1768666667512 [OK]
[18:17:47] [4] [products] WARNING: Collision. Renaming 90 -> 90_1768666667517
[18:17:47] [4] [products] 90 -> 90_1768666667517 [OK]
[18:17:47] [4] [products] WARNING: Collision. Renaming 91 -> 91_1768666667519
[18:17:47] [4] [products] 91 -> 91_1768666667519 [OK]
[18:17:47] [4] [products] WARNING: Collision. Renaming 92 -> 92_1768666667521
[18:17:47] [4] [products] 92 -> 92_1768666667521 [OK]
[18:17:47] [4] [products] WARNING: Collision. Renaming 93 -> 93_1768666667524
[18:17:47] [4] [products] 93 -> 93_1768666667524 [OK]
[18:17:47] [4] [products] WARNING: Collision. Renaming 94 -> 94_1768666667525
[18:17:47] [4] [products] 94 -> 94_1768666667525 [OK]
[18:17:47] [4] [products] WARNING: Collision. Renaming 95 -> 95_1768666667527
[18:17:47] [4] [products] 95 -> 95_1768666667527 [OK]
[18:17:47] [4] [products] WARNING: Collision. Renaming 96 -> 96_1768666667530
[18:17:47] [4] [products] 96 -> 96_1768666667530 [OK]
[18:17:47] [4] [products] WARNING: Collision. Renaming 97 -> 97_1768666667534
[18:17:47] [4] [products] 97 -> 97_1768666667534 [OK]
[18:17:47] [4] [products] WARNING: Collision. Renaming 98 -> 98_1768666667534
[18:17:47] [4] [products] 98 -> 98_1768666667534 [OK]
[18:17:47] [4] [products] WARNING: Collision. Renaming 99 -> 99_1768666667539
[18:17:47] [4] [products] 99 -> 99_1768666667539 [OK]
[18:17:47] [4] [users] WARNING: Collision. Renaming 18 -> 18_1768666667543
[18:17:47] [4] [users] 18 -> 18_1768666667543 [OK]
[18:17:47] [4] [users] WARNING: Collision. Renaming 36 -> 36_1768666667545
[18:17:47] [4] [users] 36 -> 36_1768666667545 [OK]
[18:17:47] [4] [users] WARNING: Collision. Renaming 6 -> 6_1768666667550
[18:17:47] [4] [users] 6 -> 6_1768666667550 [OK]
[18:17:47] [5] [categories] WARNING: Collision. Renaming 36 -> 36_1768666667555
[18:17:47] [5] [categories] 36 -> 36_1768666667555 [OK]
[18:17:47] [5] [categories] WARNING: Collision. Renaming 37 -> 37_1768666667558
[18:17:47] [5] [categories] 37 -> 37_1768666667558 [OK]
[18:17:47] [5] [categories] WARNING: Collision. Renaming 66 -> 66_1768666667561
[18:17:47] [5] [categories] 66 -> 66_1768666667561 [OK]
[18:17:47] [5] [customers] WARNING: Collision. Renaming 86 -> 86_1768666667565
[18:17:47] [5] [customers] 86 -> 86_1768666667565 [OK]
[18:17:47] [5] [customers] WARNING: Collision. Renaming 96 -> 96_1768666667568
[18:17:47] [5] [customers] 96 -> 96_1768666667568 [OK]
[18:17:47] [5] [customers] WARNING: Collision. Renaming 97 -> 97_1768666667572
[18:17:47] [5] [customers] 97 -> 97_1768666667572 [OK]
[18:17:47] [5] [products] WARNING: Collision. Renaming 152 -> 152_1768666667576
[18:17:47] [5] [products] 152 -> 152_1768666667576 [OK]
[18:17:47] [5] [users] WARNING: Collision. Renaming 259 -> 259_1768666667584
[18:17:47] [5] [users] 259 -> 259_1768666667584 [OK]
[18:17:47] [5] [users] WARNING: Collision. Renaming 262 -> 262_1768666667586
[18:17:47] [5] [users] 262 -> 262_1768666667586 [OK]
[18:17:47] [5] [users] WARNING: Collision. Renaming 34 -> 34_1768666667590
[18:17:47] [5] [users] 34 -> 34_1768666667590 [OK]
[18:17:47] [7] [customers] WARNING: Collision. Renaming 63 -> 63_1768666667600
[18:17:47] [7] [customers] 63 -> 63_1768666667600 [OK]
[18:17:47] [7] [customers] WARNING: Collision. Renaming 66 -> 66_1768666667602
[18:17:47] [7] [customers] 66 -> 66_1768666667602 [OK]
[18:17:47] [7] [customers] WARNING: Collision. Renaming 70 -> 70_1768666667604
[18:17:47] [7] [customers] 70 -> 70_1768666667604 [OK]
[18:17:47] [7] [customers] WARNING: Collision. Renaming 71 -> 71_1768666667606
[18:17:47] [7] [customers] 71 -> 71_1768666667606 [OK]
[18:17:47] [7] [customers] WARNING: Collision. Renaming 72 -> 72_1768666667609
[18:17:47] [7] [customers] 72 -> 72_1768666667609 [OK]
[18:17:47] [7] [customers] WARNING: Collision. Renaming 73 -> 73_1768666667612
[18:17:47] [7] [customers] 73 -> 73_1768666667612 [OK]
[18:17:47] [7] [customers] WARNING: Collision. Renaming 74 -> 74_1768666667615
[18:17:47] [7] [customers] 74 -> 74_1768666667615 [OK]
[18:17:47] [7] [customers] WARNING: Collision. Renaming 75 -> 75_1768666667617
[18:17:47] [7] [customers] 75 -> 75_1768666667617 [OK]
[18:17:47] [7] [customers] WARNING: Collision. Renaming 77 -> 77_1768666667620
[18:17:47] [7] [customers] 77 -> 77_1768666667620 [OK]
[18:17:47] [7] [products] WARNING: Collision. Renaming 139 -> 139_1768666667623
[18:17:47] [7] [products] 139 -> 139_1768666667623 [OK]
=========================================
MIGRATION SUMMARY
Total Tenants Processed: 124
Total Files Moved: 161
Errors: 0
=========================================
