=== Tenant Migration Log Started: 2026-01-17T23:29:33.470619600 ===
[23:29:33] [1] [brands] 57 -> 57 [OK]
[23:29:33] [1] [products] extras -> extras [OK]
[23:29:33] [10] [brands] Samsung.png -> Samsung.png [OK]
[23:29:33] [10] [products] extras -> extras [OK]
[23:29:33] [10] [users] Frederick Santos.png -> Frederick Santos.png [OK]
[23:29:33] [100] [products] extras -> extras [OK]
[23:29:33] [101] [products] extras -> extras [OK]
[23:29:33] [102] [products] extras -> extras [OK]
[23:29:33] [103] [products] extras -> extras [OK]
[23:29:33] [104] [products] extras -> extras [OK]
[23:29:33] [105] [products] extras -> extras [OK]
[23:29:33] [106] [products] extras -> extras [OK]
[23:29:33] [107] [products] batch-files-automate-670x335.jpg -> batch-files-automate-670x335.jpg [OK]
[23:29:33] [11] [brands] Olympus.png -> Olympus.png [OK]
[23:29:33] [11] [profile] node-debug-icon.png -> node-debug-icon.png [OK]
[23:29:33] [11] [users] 33 -> 33 [OK]
[23:29:33] [11] [users] Anna Maria.jpg -> Anna Maria.jpg [OK]
[23:29:33] [117] [customers] Tulips.jpg -> Tulips.jpg [OK]
[23:29:33] [12] [brands] Caden.png -> Caden.png [OK]
[23:29:33] [12] [products] extras -> extras [OK]
[23:29:33] [12] [users] 9229155e95b85d9466a466621062a9fe.png -> 9229155e95b85d9466a466621062a9fe.png [OK]
[23:29:33] [12] [users] Satya Narayana.png -> Satya Narayana.png [OK]
[23:29:33] [124] [products] 0afbcdc2d1724cbb3322f4f57b62fb67.png -> 0afbcdc2d1724cbb3322f4f57b62fb67.png [OK]
[23:29:33] [13] [brands] amazonbasics.png -> amazonbasics.png [OK]
[23:29:33] [13] [users] Matthew.png -> Matthew.png [OK]
[23:29:33] [139] [customers] Penguins.jpg -> Penguins.jpg [OK]
[23:29:33] [14] [brands] Nikon.png -> Nikon.png [OK]
[23:29:33] [14] [products] extras -> extras [OK]
[23:29:33] [14] [users] Dave Kumar.png -> Dave Kumar.png [OK]
[23:29:33] [144] [customers] Penguins.jpg -> Penguins.jpg [OK]
[23:29:33] [144] [customers] Tulips.jpg -> Tulips.jpg [OK]
[23:29:33] [15] [brands] Neewer.png -> Neewer.png [OK]
[23:29:33] [15] [products] extras -> extras [OK]
[23:29:33] [15] [users] Jack Bruce.png -> Jack Bruce.png [OK]
[23:29:33] [16] [brands] Sigma.png -> Sigma.png [OK]
[23:29:33] [16] [products] extras -> extras [OK]
[23:29:33] [16] [users] Mohamed Zirri.jpg -> Mohamed Zirri.jpg [OK]
[23:29:33] [163] [customers] orange.png -> orange.png [OK]
[23:29:33] [164] [customers] 45f5eba5_a6843230.png -> 45f5eba5_a6843230.png [OK]
[23:29:33] [164] [customers] df1d2e95_f0f6c304.png -> df1d2e95_f0f6c304.png [OK]
[23:29:33] [17] [brands] Bosch.png -> Bosch.png [OK]
[23:29:33] [17] [products] extras -> extras [OK]
[23:29:33] [17] [users] Mithun Kumar Majumdar.png -> Mithun Kumar Majumdar.png [OK]
[23:29:33] [18] [brands] Joby.png -> Joby.png [OK]
[23:29:33] [18] [products] extras -> extras [OK]
[23:29:33] [18] [users] Ali Raza.png -> Ali Raza.png [OK]
[23:29:33] [19] [brands] GoPro.png -> GoPro.png [OK]
[23:29:33] [19] [products] extras -> extras [OK]
[23:29:33] [19] [users] Isaac Henry.jpg -> Isaac Henry.jpg [OK]
[23:29:33] [2] [brands] Fujifilm.png -> Fujifilm.png [OK]
[23:29:33] [2] [products] extras -> extras [OK]
[23:29:33] [2] [users] Allada Pavan.png -> Allada Pavan.png [OK]
[23:29:33] [20] [brands] Manfrotto.png -> Manfrotto.png [OK]
[23:29:33] [20] [users] Svetlana Stasovska.png -> Svetlana Stasovska.png [OK]
[23:29:33] [21] [brands] Google.png -> Google.png [OK]
[23:29:33] [21] [products] extras -> extras [OK]
[23:29:33] [21] [users] Mike Gates.png -> Mike Gates.png [OK]
[23:29:33] [22] [brands] LG.png -> LG.png [OK]
[23:29:33] [22] [products] extras -> extras [OK]
[23:29:33] [22] [users] Pedro Quintero.png -> Pedro Quintero.png [OK]
[23:29:33] [23] [brands] Motorola.png -> Motorola.png [OK]
[23:29:33] [23] [products] extras -> extras [OK]
[23:29:33] [23] [users] Amina Elshal.png -> Amina Elshal.png [OK]
[23:29:33] [24] [brands] Pantech.png -> Pantech.png [OK]
[23:29:33] [24] [products] extras -> extras [OK]
[23:29:33] [25] [brands] Huawei.png -> Huawei.png [OK]
[23:29:33] [25] [products] extras -> extras [OK]
[23:29:33] [26] [brands] Xiaomi.png -> Xiaomi.png [OK]
[23:29:33] [27] [brands] Hovamp.png -> Hovamp.png [OK]
[23:29:33] [27] [products] extras -> extras [OK]
[23:29:33] [27] [users] 0afbcdc2d1724cbb3322f4f57b62fb67.png -> 0afbcdc2d1724cbb3322f4f57b62fb67.png [OK]
[23:29:33] [28] [brands] Aioneus.png -> Aioneus.png [OK]
[23:29:33] [28] [products] extras -> extras [OK]
[23:29:33] [29] [brands] XIAE.png -> XIAE.png [OK]
[23:29:33] [29] [customers] AREmoji_20230816_122317_1544.png -> AREmoji_20230816_122317_1544.png [OK]
[23:29:33] [29] [products] extras -> extras [OK]
[23:29:33] [3] [brands] Sony.png -> Sony.png [OK]
[23:29:33] [3] [categories] 34 -> 34 [OK]
[23:29:33] [3] [categories] 35 -> 35 [OK]
[23:29:33] [3] [products] extras -> extras [OK]
[23:29:33] [30] [brands] Everyworth.png -> Everyworth.png [OK]
[23:29:33] [30] [products] extras -> extras [OK]
[23:29:33] [31] [brands] Lexar.png -> Lexar.png [OK]
[23:29:33] [31] [products] extras -> extras [OK]
[23:29:33] [32] [brands] Nulaxy.png -> Nulaxy.png [OK]
[23:29:33] [32] [categories] 0afbcdc2d1724cbb3322f4f57b62fb67.png -> 0afbcdc2d1724cbb3322f4f57b62fb67.png [OK]
[23:29:33] [32] [customers] AREmoji_20230816_122312_122.png -> AREmoji_20230816_122312_122.png [OK]
[23:29:33] [32] [customers] Tulips.jpg -> Tulips.jpg [OK]
[23:29:33] [32] [products] extras -> extras [OK]
[23:29:33] [33] [brands] Fitfort.png -> Fitfort.png [OK]
[23:29:33] [33] [products] extras -> extras [OK]
[23:29:33] [34] [brands] PopSocket.png -> PopSocket.png [OK]
[23:29:33] [34] [products] extras -> extras [OK]
[23:29:33] [35] [brands] SHAWE.png -> SHAWE.png [OK]
[23:29:33] [35] [products] extras -> extras [OK]
[23:29:33] [36] [brands] Lenovo.png -> Lenovo.png [OK]
[23:29:33] [36] [customers] a18c9920c249d9bb6d3a1efb120bd8cc.png -> a18c9920c249d9bb6d3a1efb120bd8cc.png [OK]
[23:29:33] [36] [products] extras -> extras [OK]
[23:29:33] [37] [brands] Acer.png -> Acer.png [OK]
[23:29:33] [37] [products] extras -> extras [OK]
[23:29:33] [38] [brands] Dell.png -> Dell.png [OK]
[23:29:33] [39] [brands] Intel.png -> Intel.png [OK]
[23:29:33] [39] [products] extras -> extras [OK]
[23:29:33] [4] [brands] 1 -> 1 [OK]
[23:29:33] [4] [brands] 10 -> 10 [OK]
[23:29:33] [4] [brands] 11 -> 11 [OK]
[23:29:33] [4] [brands] 12 -> 12 [OK]
[23:29:33] [4] [brands] 13 -> 13 [OK]
[23:29:33] [4] [brands] 14 -> 14 [OK]
[23:29:33] [4] [brands] 15 -> 15 [OK]
[23:29:33] [4] [brands] 16 -> 16 [OK]
[23:29:33] [4] [brands] 17 -> 17 [OK]
[23:29:33] [4] [brands] 18 -> 18 [OK]
[23:29:33] [4] [brands] 19 -> 19 [OK]
[23:29:33] [4] [brands] 2 -> 2 [OK]
[23:29:33] [4] [brands] 20 -> 20 [OK]
[23:29:33] [4] [brands] 21 -> 21 [OK]
[23:29:33] [4] [brands] 22 -> 22 [OK]
[23:29:33] [4] [brands] 23 -> 23 [OK]
[23:29:33] [4] [brands] 24 -> 24 [OK]
[23:29:33] [4] [brands] 25 -> 25 [OK]
[23:29:33] [4] [brands] 26 -> 26 [OK]
[23:29:33] [4] [brands] 27 -> 27 [OK]
[23:29:33] [4] [brands] 28 -> 28 [OK]
[23:29:33] [4] [brands] 29 -> 29 [OK]
[23:29:33] [4] [brands] 3 -> 3 [OK]
[23:29:33] [4] [brands] 30 -> 30 [OK]
[23:29:33] [4] [brands] 31 -> 31 [OK]
[23:29:33] [4] [brands] 32 -> 32 [OK]
[23:29:33] [4] [brands] 33 -> 33 [OK]
[23:29:33] [4] [brands] 34 -> 34 [OK]
[23:29:33] [4] [brands] 35 -> 35 [OK]
[23:29:33] [4] [brands] 36 -> 36 [OK]
[23:29:33] [4] [brands] 37 -> 37 [OK]
[23:29:33] [4] [brands] 38 -> 38 [OK]
[23:29:33] [4] [brands] 39 -> 39 [OK]
[23:29:33] [4] [brands] 4 -> 4 [OK]
[23:29:33] [4] [brands] 40 -> 40 [OK]
[23:29:33] [4] [brands] 41 -> 41 [OK]
[23:29:33] [4] [brands] 42 -> 42 [OK]
[23:29:33] [4] [brands] 43 -> 43 [OK]
[23:29:33] [4] [brands] 44 -> 44 [OK]
[23:29:33] [4] [brands] 45 -> 45 [OK]
[23:29:33] [4] [brands] 46 -> 46 [OK]
[23:29:33] [4] [brands] 47 -> 47 [OK]
[23:29:33] [4] [brands] 48 -> 48 [OK]
[23:29:33] [4] [brands] 49 -> 49 [OK]
[23:29:33] [4] [brands] 5 -> 5 [OK]
[23:29:33] [4] [brands] 50 -> 50 [OK]
[23:29:33] [4] [brands] 51 -> 51 [OK]
[23:29:33] [4] [brands] 52 -> 52 [OK]
[23:29:33] [4] [brands] 53 -> 53 [OK]
[23:29:33] [4] [brands] 54 -> 54 [OK]
[23:29:33] [4] [brands] 6 -> 6 [OK]
[23:29:33] [4] [brands] 7 -> 7 [OK]
[23:29:33] [4] [brands] 8 -> 8 [OK]
[23:29:33] [4] [brands] 9 -> 9 [OK]
[23:29:33] [4] [brands] 98 -> 98 [OK]
[23:29:33] [4] [brands] 98_1768669988460 -> 98_1768669988460 [OK]
[23:29:33] [4] [brands] Pelican.png -> Pelican.png [OK]
[23:29:33] [4] [categories] 1 -> 1 [OK]
[23:29:33] [4] [categories] 10 -> 10 [OK]
[23:29:33] [4] [categories] 10_1768669988493 -> 10_1768669988493 [OK]
[23:29:33] [4] [categories] 11 -> 11 [OK]
[23:29:33] [4] [categories] 11_1768669988496 -> 11_1768669988496 [OK]
[23:29:33] [4] [categories] 12 -> 12 [OK]
[23:29:33] [4] [categories] 12_1768669988499 -> 12_1768669988499 [OK]
[23:29:33] [4] [categories] 13 -> 13 [OK]
[23:29:33] [4] [categories] 13_1768669988502 -> 13_1768669988502 [OK]
[23:29:33] [4] [categories] 14 -> 14 [OK]
[23:29:33] [4] [categories] 14_1768669988505 -> 14_1768669988505 [OK]
[23:29:33] [4] [categories] 15 -> 15 [OK]
[23:29:33] [4] [categories] 15_1768669988509 -> 15_1768669988509 [OK]
[23:29:33] [4] [categories] 16 -> 16 [OK]
[23:29:33] [4] [categories] 16_1768669988513 -> 16_1768669988513 [OK]
[23:29:33] [4] [categories] 17 -> 17 [OK]
[23:29:33] [4] [categories] 17_1768669988516 -> 17_1768669988516 [OK]
[23:29:33] [4] [categories] 18 -> 18 [OK]
[23:29:33] [4] [categories] 18_1768669988521 -> 18_1768669988521 [OK]
[23:29:33] [4] [categories] 19 -> 19 [OK]
[23:29:33] [4] [categories] 19_1768669988527 -> 19_1768669988527 [OK]
[23:29:33] [4] [categories] 1_1768669988489 -> 1_1768669988489 [OK]
[23:29:33] [4] [categories] 2 -> 2 [OK]
[23:29:33] [4] [categories] 20 -> 20 [OK]
[23:29:33] [4] [categories] 20_1768669988533 -> 20_1768669988533 [OK]
[23:29:33] [4] [categories] 21 -> 21 [OK]
[23:29:33] [4] [categories] 21_1768669988536 -> 21_1768669988536 [OK]
[23:29:33] [4] [categories] 22 -> 22 [OK]
[23:29:33] [4] [categories] 22_1768669988541 -> 22_1768669988541 [OK]
[23:29:33] [4] [categories] 23 -> 23 [OK]
[23:29:33] [4] [categories] 23_1768669988547 -> 23_1768669988547 [OK]
[23:29:33] [4] [categories] 24 -> 24 [OK]
[23:29:33] [4] [categories] 24_1768669988550 -> 24_1768669988550 [OK]
[23:29:33] [4] [categories] 25 -> 25 [OK]
[23:29:33] [4] [categories] 25_1768669988554 -> 25_1768669988554 [OK]
[23:29:33] [4] [categories] 26 -> 26 [OK]
[23:29:33] [4] [categories] 26_1768669988559 -> 26_1768669988559 [OK]
[23:29:33] [4] [categories] 27 -> 27 [OK]
[23:29:33] [4] [categories] 27_1768669988563 -> 27_1768669988563 [OK]
[23:29:33] [4] [categories] 28 -> 28 [OK]
[23:29:33] [4] [categories] 28_1768669988565 -> 28_1768669988565 [OK]
[23:29:33] [4] [categories] 29 -> 29 [OK]
[23:29:33] [4] [categories] 29_1768669988569 -> 29_1768669988569 [OK]
[23:29:33] [4] [categories] 2_1768669988530 -> 2_1768669988530 [OK]
[23:29:33] [4] [categories] 3 -> 3 [OK]
[23:29:33] [4] [categories] 30 -> 30 [OK]
[23:29:33] [4] [categories] 30_1768669988575 -> 30_1768669988575 [OK]
[23:29:33] [4] [categories] 31 -> 31 [OK]
[23:29:33] [4] [categories] 31_1768669988578 -> 31_1768669988578 [OK]
[23:29:33] [4] [categories] 3_1768669988572 -> 3_1768669988572 [OK]
[23:29:33] [4] [categories] 5 -> 5 [OK]
[23:29:33] [4] [categories] 5_1768669988580 -> 5_1768669988580 [OK]
[23:29:33] [4] [categories] 6 -> 6 [OK]
[23:29:33] [4] [categories] 6_1768669988584 -> 6_1768669988584 [OK]
[23:29:34] [4] [categories] 8 -> 8 [OK]
[23:29:34] [4] [categories] 8_1768669988586 -> 8_1768669988586 [OK]
[23:29:34] [4] [categories] 9 -> 9 [OK]
[23:29:34] [4] [categories] 9_1768669988589 -> 9_1768669988589 [OK]
[23:29:34] [4] [customers] 10 -> 10 [OK]
[23:29:34] [4] [customers] 10_1768669988593 -> 10_1768669988593 [OK]
[23:29:34] [4] [customers] 18 -> 18 [OK]
[23:29:34] [4] [customers] 18_1768669988595 -> 18_1768669988595 [OK]
[23:29:34] [4] [customers] 7 -> 7 [OK]
[23:29:34] [4] [customers] 7_1768669988598 -> 7_1768669988598 [OK]
[23:29:34] [4] [customers] 87 -> 87 [OK]
[23:29:34] [4] [customers] 87_1768669988600 -> 87_1768669988600 [OK]
[23:29:34] [4] [customers] 88 -> 88 [OK]
[23:29:34] [4] [customers] 88_1768669988604 -> 88_1768669988604 [OK]
[23:29:34] [4] [products] 1 -> 1 [OK]
[23:29:34] [4] [products] 10 -> 10 [OK]
[23:29:34] [4] [products] 100 -> 100 [OK]
[23:29:34] [4] [products] 100_1768669988615 -> 100_1768669988615 [OK]
[23:29:34] [4] [products] 101 -> 101 [OK]
[23:29:34] [4] [products] 101_1768669988619 -> 101_1768669988619 [OK]
[23:29:34] [4] [products] 102 -> 102 [OK]
[23:29:34] [4] [products] 102_1768669988622 -> 102_1768669988622 [OK]
[23:29:34] [4] [products] 103 -> 103 [OK]
[23:29:34] [4] [products] 103_1768669988625 -> 103_1768669988625 [OK]
[23:29:34] [4] [products] 104 -> 104 [OK]
[23:29:34] [4] [products] 104_1768669988636 -> 104_1768669988636 [OK]
[23:29:34] [4] [products] 105 -> 105 [OK]
[23:29:34] [4] [products] 105_1768669988640 -> 105_1768669988640 [OK]
[23:29:34] [4] [products] 106 -> 106 [OK]
[23:29:34] [4] [products] 106_1768669988643 -> 106_1768669988643 [OK]
[23:29:34] [4] [products] 10_1768669988612 -> 10_1768669988612 [OK]
[23:29:34] [4] [products] 11 -> 11 [OK]
[23:29:34] [4] [products] 11_1768669988645 -> 11_1768669988645 [OK]
[23:29:34] [4] [products] 12 -> 12 [OK]
[23:29:34] [4] [products] 12_1768669988650 -> 12_1768669988650 [OK]
[23:29:34] [4] [products] 14 -> 14 [OK]
[23:29:34] [4] [products] 14_1768669988654 -> 14_1768669988654 [OK]
[23:29:34] [4] [products] 15 -> 15 [OK]
[23:29:34] [4] [products] 15_1768669988656 -> 15_1768669988656 [OK]
[23:29:34] [4] [products] 16 -> 16 [OK]
[23:29:34] [4] [products] 16_1768669988659 -> 16_1768669988659 [OK]
[23:29:34] [4] [products] 17 -> 17 [OK]
[23:29:34] [4] [products] 17_1768669988663 -> 17_1768669988663 [OK]
[23:29:34] [4] [products] 18 -> 18 [OK]
[23:29:34] [4] [products] 18_1768669988667 -> 18_1768669988667 [OK]
[23:29:34] [4] [products] 19 -> 19 [OK]
[23:29:34] [4] [products] 19_1768669988671 -> 19_1768669988671 [OK]
[23:29:34] [4] [products] 1_1768669988608 -> 1_1768669988608 [OK]
[23:29:34] [4] [products] 2 -> 2 [OK]
[23:29:34] [4] [products] 20 -> 20 [OK]
[23:29:34] [4] [products] 20_1768669988679 -> 20_1768669988679 [OK]
[23:29:34] [4] [products] 21 -> 21 [OK]
[23:29:34] [4] [products] 21_1768669988682 -> 21_1768669988682 [OK]
[23:29:34] [4] [products] 22 -> 22 [OK]
[23:29:34] [4] [products] 22_1768669988685 -> 22_1768669988685 [OK]
[23:29:34] [4] [products] 23 -> 23 [OK]
[23:29:34] [4] [products] 23_1768669988689 -> 23_1768669988689 [OK]
[23:29:34] [4] [products] 24 -> 24 [OK]
[23:29:34] [4] [products] 24_1768669988693 -> 24_1768669988693 [OK]
[23:29:34] [4] [products] 25 -> 25 [OK]
[23:29:34] [4] [products] 25_1768669988697 -> 25_1768669988697 [OK]
[23:29:34] [4] [products] 26 -> 26 [OK]
[23:29:34] [4] [products] 26_1768669988701 -> 26_1768669988701 [OK]
[23:29:34] [4] [products] 27 -> 27 [OK]
[23:29:34] [4] [products] 27_1768669988704 -> 27_1768669988704 [OK]
[23:29:34] [4] [products] 28 -> 28 [OK]
[23:29:34] [4] [products] 28_1768669988708 -> 28_1768669988708 [OK]
[23:29:34] [4] [products] 29 -> 29 [OK]
[23:29:34] [4] [products] 29_1768669988711 -> 29_1768669988711 [OK]
[23:29:34] [4] [products] 2_1768669988674 -> 2_1768669988674 [OK]
[23:29:34] [4] [products] 3 -> 3 [OK]
[23:29:34] [4] [products] 30 -> 30 [OK]
[23:29:34] [4] [products] 30_1768669988716 -> 30_1768669988716 [OK]
[23:29:34] [4] [products] 31 -> 31 [OK]
[23:29:34] [4] [products] 31_1768669988719 -> 31_1768669988719 [OK]
[23:29:34] [4] [products] 32 -> 32 [OK]
[23:29:34] [4] [products] 32_1768669988724 -> 32_1768669988724 [OK]
[23:29:34] [4] [products] 33 -> 33 [OK]
[23:29:34] [4] [products] 33_1768669988727 -> 33_1768669988727 [OK]
[23:29:34] [4] [products] 34 -> 34 [OK]
[23:29:34] [4] [products] 34_1768669988730 -> 34_1768669988730 [OK]
[23:29:34] [4] [products] 35 -> 35 [OK]
[23:29:34] [4] [products] 35_1768669988733 -> 35_1768669988733 [OK]
[23:29:34] [4] [products] 36 -> 36 [OK]
[23:29:34] [4] [products] 36_1768669988736 -> 36_1768669988736 [OK]
[23:29:34] [4] [products] 37 -> 37 [OK]
[23:29:34] [4] [products] 37_1768669988743 -> 37_1768669988743 [OK]
[23:29:34] [4] [products] 38 -> 38 [OK]
[23:29:34] [4] [products] 38_1768669988748 -> 38_1768669988748 [OK]
[23:29:34] [4] [products] 39 -> 39 [OK]
[23:29:34] [4] [products] 39_1768669988751 -> 39_1768669988751 [OK]
[23:29:34] [4] [products] 3_1768669988715 -> 3_1768669988715 [OK]
[23:29:34] [4] [products] 40 -> 40 [OK]
[23:29:34] [4] [products] 40_1768669988754 -> 40_1768669988754 [OK]
[23:29:34] [4] [products] 41 -> 41 [OK]
[23:29:34] [4] [products] 41_1768669988758 -> 41_1768669988758 [OK]
[23:29:34] [4] [products] 42 -> 42 [OK]
[23:29:34] [4] [products] 42_1768669988762 -> 42_1768669988762 [OK]
[23:29:34] [4] [products] 43 -> 43 [OK]
[23:29:34] [4] [products] 43_1768669988766 -> 43_1768669988766 [OK]
[23:29:34] [4] [products] 44 -> 44 [OK]
[23:29:34] [4] [products] 44_1768669988770 -> 44_1768669988770 [OK]
[23:29:34] [4] [products] 45 -> 45 [OK]
[23:29:34] [4] [products] 45_1768669988772 -> 45_1768669988772 [OK]
[23:29:34] [4] [products] 46 -> 46 [OK]
[23:29:34] [4] [products] 46_1768669988776 -> 46_1768669988776 [OK]
[23:29:34] [4] [products] 47 -> 47 [OK]
[23:29:34] [4] [products] 47_1768669988779 -> 47_1768669988779 [OK]
[23:29:34] [4] [products] WARNING: Collision. Renaming 48 -> 48_1768685374204
[23:29:34] [4] [products] 48 -> 48_1768685374204 [OK]
[23:29:34] [4] [profile] 1 -> 1 [OK]
[23:29:34] [4] [profile] 1_1768669989360 -> 1_1768669989360 [OK]
[23:29:34] [4] [profile] 3c5f02a6_75b2d7c2.png -> 3c5f02a6_75b2d7c2.png [OK]
[23:29:34] [4] [profile] 3c5f02a6_75b2d7c2.png_1768669989365 -> 3c5f02a6_75b2d7c2.png_1768669989365 [OK]
[23:29:34] [4] [profile] Apigee-512-color.png -> Apigee-512-color.png [OK]
[23:29:34] [4] [profile] Apigee-512-color.png_1768669989368 -> Apigee-512-color.png_1768669989368 [OK]
[23:29:34] [4] [users] 1 -> 1 [OK]
[23:29:34] [4] [users] 18 -> 18 [OK]
[23:29:34] [4] [users] 18_1768669989374 -> 18_1768669989374 [OK]
[23:29:34] [4] [users] 1_1768669989371 -> 1_1768669989371 [OK]
[23:29:34] [4] [users] 2 -> 2 [OK]
[23:29:34] [4] [users] 2_1768669989584 -> 2_1768669989584 [OK]
[23:29:34] [4] [users] 36 -> 36 [OK]
[23:29:34] [4] [users] 36_1768669989808 -> 36_1768669989808 [OK]
[23:29:34] [4] [users] 6 -> 6 [OK]
[23:29:34] [4] [users] 6_1768669989812 -> 6_1768669989812 [OK]
[23:29:34] [40] [brands] ASUS.png -> ASUS.png [OK]
[23:29:34] [40] [customers] 1.png -> 1.png [OK]
[23:29:34] [40] [products] extras -> extras [OK]
[23:29:34] [41] [brands] Microsoft.png -> Microsoft.png [OK]
[23:29:34] [41] [products] extras -> extras [OK]
[23:29:34] [42] [brands] DragonTouch.png -> DragonTouch.png [OK]
[23:29:34] [42] [products] extras -> extras [OK]
[23:29:34] [43] [brands] AMD.png -> AMD.png [OK]
[23:29:34] [43] [products] extras -> extras [OK]
[23:29:34] [44] [brands] XFX.png -> XFX.png [OK]
[23:29:34] [44] [products] extras -> extras [OK]
[23:29:34] [45] [brands] MSI.png -> MSI.png [OK]
[23:29:34] [45] [products] extras -> extras [OK]
[23:29:34] [46] [brands] Seagate.png -> Seagate.png [OK]
[23:29:34] [46] [products] extras -> extras [OK]
[23:29:34] [47] [brands] Corsair.png -> Corsair.png [OK]
[23:29:34] [47] [products] extras -> extras [OK]
[23:29:34] [48] [brands] Thermaltake.png -> Thermaltake.png [OK]
[23:29:34] [48] [products] extras -> extras [OK]
[23:29:34] [49] [brands] Kingston.png -> Kingston.png [OK]
[23:29:34] [49] [products] extras -> extras [OK]
[23:29:34] [5] [brands] 123 -> 123 [OK]
[23:29:34] [5] [brands] 92 -> 92 [OK]
[23:29:34] [5] [brands] 96 -> 96 [OK]
[23:29:34] [5] [brands] 97 -> 97 [OK]
[23:29:34] [5] [categories] 36 -> 36 [OK]
[23:29:34] [5] [categories] 37 -> 37 [OK]
[23:29:34] [5] [categories] 66 -> 66 [OK]
[23:29:34] [5] [customers] 84 -> 84 [OK]
[23:29:34] [5] [customers] 85 -> 85 [OK]
[23:29:34] [5] [customers] 86 -> 86 [OK]
[23:29:34] [5] [customers] 96 -> 96 [OK]
[23:29:34] [5] [customers] 97 -> 97 [OK]
[23:29:34] [5] [products] 152 -> 152 [OK]
[23:29:34] [5] [profile] 8c02662811277bacd09ea2389c572119.png -> 8c02662811277bacd09ea2389c572119.png [OK]
[23:29:34] [5] [profile] icon.png -> icon.png [OK]
[23:29:34] [5] [services] 9 -> 9 [OK]
[23:29:34] [5] [users] 259 -> 259 [OK]
[23:29:34] [5] [users] 260 -> 260 [OK]
[23:29:34] [5] [users] 261 -> 261 [OK]
[23:29:34] [5] [users] 262 -> 262 [OK]
[23:29:34] [5] [users] 34 -> 34 [OK]
[23:29:34] [50] [brands] Creative.png -> Creative.png [OK]
[23:29:34] [50] [products] extras -> extras [OK]
[23:29:34] [51] [brands] Crucial.png -> Crucial.png [OK]
[23:29:34] [51] [products] extras -> extras [OK]
[23:29:34] [52] [brands] HyperX.png -> HyperX.png [OK]
[23:29:34] [52] [products] extras -> extras [OK]
[23:29:34] [53] [brands] Gigabyte.png -> Gigabyte.png [OK]
[23:29:34] [53] [products] extras -> extras [OK]
[23:29:34] [54] [brands] TP-Link.png -> TP-Link.png [OK]
[23:29:34] [54] [products] extras -> extras [OK]
[23:29:34] [55] [products] extras -> extras [OK]
[23:29:34] [56] [products] extras -> extras [OK]
[23:29:34] [57] [brands] 8c02662811277bacd09ea2389c572119.png -> 8c02662811277bacd09ea2389c572119.png [OK]
[23:29:34] [57] [products] extras -> extras [OK]
[23:29:34] [58] [products] extras -> extras [OK]
[23:29:34] [59] [products] extras -> extras [OK]
[23:29:34] [6] [brands] Western Digital.png -> Western Digital.png [OK]
[23:29:34] [6] [products] extras -> extras [OK]
[23:29:34] [6] [users] Alfred.png -> Alfred.png [OK]
[23:29:34] [60] [products] extras -> extras [OK]
[23:29:34] [61] [products] extras -> extras [OK]
[23:29:34] [62] [products] extras -> extras [OK]
[23:29:34] [63] [products] extras -> extras [OK]
[23:29:34] [64] [products] extras -> extras [OK]
[23:29:34] [65] [products] extras -> extras [OK]
[23:29:34] [66] [products] extras -> extras [OK]
[23:29:34] [67] [customers] AREmoji_20230816_122312_1221.png -> AREmoji_20230816_122312_1221.png [OK]
[23:29:34] [67] [products] extras -> extras [OK]
[23:29:34] [68] [customers] AREmoji_20230816_122312_1221.png -> AREmoji_20230816_122312_1221.png [OK]
[23:29:34] [68] [products] extras -> extras [OK]
[23:29:34] [69] [products] Acer Swift 3 main.png -> Acer Swift 3 main.png [OK]
[23:29:34] [69] [products] extras -> extras [OK]
[23:29:34] [7] [customers] 63 -> 63 [OK]
[23:29:34] [7] [customers] 66 -> 66 [OK]
[23:29:34] [7] [customers] 70 -> 70 [OK]
[23:29:34] [7] [customers] 71 -> 71 [OK]
[23:29:34] [7] [customers] 72 -> 72 [OK]
[23:29:34] [7] [customers] 73 -> 73 [OK]
[23:29:34] [7] [customers] 74 -> 74 [OK]
[23:29:34] [7] [customers] 75 -> 75 [OK]
[23:29:34] [7] [customers] 77 -> 77 [OK]
[23:29:34] [7] [products] 139 -> 139 [OK]
[23:29:34] [7] [profile] Alienware-Logo-head-while.png -> Alienware-Logo-head-while.png [OK]
[23:29:34] [70] [customers] 14f38f8cfd0b5389a211054b20083b8c.png -> 14f38f8cfd0b5389a211054b20083b8c.png [OK]
[23:29:34] [70] [products] extras -> extras [OK]
[23:29:34] [71] [products] extras -> extras [OK]
[23:29:34] [72] [customers] 72 -> 72 [OK]
[23:29:34] [73] [customers] 8efe822f44e536affa464ac16a603483.png -> 8efe822f44e536affa464ac16a603483.png [OK]
[23:29:34] [73] [products] Dell Inspiron 3000 main.png -> Dell Inspiron 3000 main.png [OK]
[23:29:34] [73] [products] extras -> extras [OK]
[23:29:34] [74] [products] extras -> extras [OK]
[23:29:34] [75] [customers] 9b5b8b8f9ab1c264a71e36b63785f661.png -> 9b5b8b8f9ab1c264a71e36b63785f661.png [OK]
[23:29:34] [75] [products] extras -> extras [OK]
[23:29:34] [76] [products] extras -> extras [OK]
[23:29:34] [77] [customers] 9b5b8b8f9ab1c264a71e36b63785f661.png -> 9b5b8b8f9ab1c264a71e36b63785f661.png [OK]
[23:29:34] [77] [products] extras -> extras [OK]
[23:29:34] [78] [products] extras -> extras [OK]
[23:29:34] [79] [products] extras -> extras [OK]
[23:29:34] [8] [brands] 1 -> 1 [OK]
[23:29:34] [8] [brands] 10 -> 10 [OK]
[23:29:34] [8] [brands] 11 -> 11 [OK]
[23:29:34] [8] [brands] 12 -> 12 [OK]
[23:29:34] [8] [brands] 13 -> 13 [OK]
[23:29:34] [8] [brands] 14 -> 14 [OK]
[23:29:34] [8] [brands] 15 -> 15 [OK]
[23:29:34] [8] [brands] 16 -> 16 [OK]
[23:29:34] [8] [brands] 17 -> 17 [OK]
[23:29:34] [8] [brands] 18 -> 18 [OK]
[23:29:34] [8] [brands] 19 -> 19 [OK]
[23:29:34] [8] [brands] 2 -> 2 [OK]
[23:29:34] [8] [brands] 20 -> 20 [OK]
[23:29:34] [8] [brands] 21 -> 21 [OK]
[23:29:34] [8] [brands] 22 -> 22 [OK]
[23:29:34] [8] [brands] 23 -> 23 [OK]
[23:29:34] [8] [brands] 24 -> 24 [OK]
[23:29:34] [8] [brands] 25 -> 25 [OK]
[23:29:34] [8] [brands] 26 -> 26 [OK]
[23:29:34] [8] [brands] 27 -> 27 [OK]
[23:29:34] [8] [brands] 28 -> 28 [OK]
[23:29:34] [8] [brands] 29 -> 29 [OK]
[23:29:34] [8] [brands] 3 -> 3 [OK]
[23:29:34] [8] [brands] 30 -> 30 [OK]
[23:29:34] [8] [brands] 31 -> 31 [OK]
[23:29:34] [8] [brands] 32 -> 32 [OK]
[23:29:34] [8] [brands] 33 -> 33 [OK]
[23:29:34] [8] [brands] 34 -> 34 [OK]
[23:29:34] [8] [brands] 35 -> 35 [OK]
[23:29:34] [8] [brands] 36 -> 36 [OK]
[23:29:34] [8] [brands] 37 -> 37 [OK]
[23:29:34] [8] [brands] 38 -> 38 [OK]
[23:29:34] [8] [brands] 39 -> 39 [OK]
[23:29:34] [8] [brands] 4 -> 4 [OK]
[23:29:34] [8] [brands] 40 -> 40 [OK]
[23:29:34] [8] [brands] 41 -> 41 [OK]
[23:29:34] [8] [brands] 42 -> 42 [OK]
[23:29:34] [8] [brands] 43 -> 43 [OK]
[23:29:34] [8] [brands] 44 -> 44 [OK]
[23:29:34] [8] [brands] 45 -> 45 [OK]
[23:29:34] [8] [brands] 46 -> 46 [OK]
[23:29:34] [8] [brands] 47 -> 47 [OK]
[23:29:34] [8] [brands] 48 -> 48 [OK]
[23:29:34] [8] [brands] 49 -> 49 [OK]
[23:29:34] [8] [brands] 5 -> 5 [OK]
[23:29:34] [8] [brands] 50 -> 50 [OK]
[23:29:34] [8] [brands] 51 -> 51 [OK]
[23:29:34] [8] [brands] 52 -> 52 [OK]
[23:29:34] [8] [brands] 53 -> 53 [OK]
[23:29:34] [8] [brands] 54 -> 54 [OK]
[23:29:34] [8] [brands] 6 -> 6 [OK]
[23:29:34] [8] [brands] 7 -> 7 [OK]
[23:29:34] [8] [brands] 8 -> 8 [OK]
[23:29:34] [8] [brands] 9 -> 9 [OK]
[23:29:34] [8] [brands] Pelican.png -> Pelican.png [OK]
[23:29:34] [8] [products] extras -> extras [OK]
[23:29:34] [8] [products] Samsung 500GB SSD main 2.png -> Samsung 500GB SSD main 2.png [OK]
[23:29:34] [8] [users] Ammanolla.png -> Ammanolla.png [OK]
[23:29:34] [80] [products] extras -> extras [OK]
[23:29:34] [81] [products] extras -> extras [OK]
[23:29:34] [82] [products] extras -> extras [OK]
[23:29:34] [83] [products] extras -> extras [OK]
[23:29:34] [84] [customers] 360_F_256947386_VJGb69dBUeVGRBJEV56nnan2N1hMA8CW.jpg -> 360_F_256947386_VJGb69dBUeVGRBJEV56nnan2N1hMA8CW.jpg [OK]
[23:29:34] [84] [customers] 9b5b8b8f9ab1c264a71e36b63785f661.png -> 9b5b8b8f9ab1c264a71e36b63785f661.png [OK]
[23:29:34] [84] [customers] Jellyfish.jpg -> Jellyfish.jpg [OK]
[23:29:34] [84] [customers] Tulips.jpg -> Tulips.jpg [OK]
[23:29:34] [84] [products] extras -> extras [OK]
[23:29:34] [85] [customers] 3fc349d6beaed0138151295960278aeb.png -> 3fc349d6beaed0138151295960278aeb.png [OK]
[23:29:34] [85] [products] extras -> extras [OK]
[23:29:34] [86] [customers] 9b5b8b8f9ab1c264a71e36b63785f661.png -> 9b5b8b8f9ab1c264a71e36b63785f661.png [OK]
[23:29:34] [86] [products] extras -> extras [OK]
[23:29:34] [87] [customers] 3fc349d6beaed0138151295960278aeb.png -> 3fc349d6beaed0138151295960278aeb.png [OK]
[23:29:34] [87] [products] extras -> extras [OK]
[23:29:34] [88] [customers] 14f38f8cfd0b5389a211054b20083b8c.png -> 14f38f8cfd0b5389a211054b20083b8c.png [OK]
[23:29:34] [88] [products] extras -> extras [OK]
[23:29:34] [89] [products] extras -> extras [OK]
[23:29:34] [9] [products] extras -> extras [OK]
[23:29:34] [9] [users] Bill Feeny.png -> Bill Feeny.png [OK]
[23:29:34] [90] [products] extras -> extras [OK]
[23:29:34] [92] [products] extras -> extras [OK]
[23:29:34] [93] [products] extras -> extras [OK]
[23:29:34] [94] [customers] Tulips.jpg -> Tulips.jpg [OK]
[23:29:34] [94] [products] extras -> extras [OK]
[23:29:34] [95] [products] extras -> extras [OK]
[23:29:34] [96] [products] extras -> extras [OK]
[23:29:34] [97] [products] extras -> extras [OK]
[23:29:34] [98] [products] extras -> extras [OK]
[23:29:34] [99] [customers] Welcome Scan.jpg -> Welcome Scan.jpg [OK]
[23:29:34] [99] [products] extras -> extras [OK]
=========================================
MIGRATION SUMMARY
Total Tenants Processed: 124
Total Files Moved: 528
Errors: 0
=========================================
