=== Tenant Migration Log Started: 2026-01-22T01:20:45.080701900 ===
[01:20:45] [1] [brands] 57 -> 57 [OK]
[01:20:45] [1] [products] extras -> extras [OK]
[01:20:45] [10] [brands] Samsung.png -> Samsung.png [OK]
[01:20:45] [10] [products] extras -> extras [OK]
[01:20:45] [10] [users] Frederick Santos.png -> Frederick Santos.png [OK]
[01:20:45] [100] [products] extras -> extras [OK]
[01:20:45] [101] [products] extras -> extras [OK]
[01:20:45] [102] [products] extras -> extras [OK]
[01:20:45] [103] [products] extras -> extras [OK]
[01:20:45] [104] [products] extras -> extras [OK]
[01:20:45] [105] [products] extras -> extras [OK]
[01:20:45] [106] [products] extras -> extras [OK]
[01:20:45] [107] [products] batch-files-automate-670x335.jpg -> batch-files-automate-670x335.jpg [OK]
[01:20:45] [11] [brands] Olympus.png -> Olympus.png [OK]
[01:20:45] [11] [profile] node-debug-icon.png -> node-debug-icon.png [OK]
[01:20:45] [11] [users] 33 -> 33 [OK]
[01:20:45] [11] [users] Anna Maria.jpg -> Anna Maria.jpg [OK]
[01:20:45] [117] [customers] Tulips.jpg -> Tulips.jpg [OK]
[01:20:45] [12] [brands] Caden.png -> Caden.png [OK]
[01:20:45] [12] [products] extras -> extras [OK]
[01:20:45] [12] [users] 9229155e95b85d9466a466621062a9fe.png -> 9229155e95b85d9466a466621062a9fe.png [OK]
[01:20:45] [12] [users] Satya Narayana.png -> Satya Narayana.png [OK]
[01:20:45] [124] [products] 0afbcdc2d1724cbb3322f4f57b62fb67.png -> 0afbcdc2d1724cbb3322f4f57b62fb67.png [OK]
[01:20:45] [13] [brands] amazonbasics.png -> amazonbasics.png [OK]
[01:20:45] [13] [users] Matthew.png -> Matthew.png [OK]
[01:20:45] [139] [customers] Penguins.jpg -> Penguins.jpg [OK]
[01:20:45] [14] [brands] Nikon.png -> Nikon.png [OK]
[01:20:45] [14] [products] extras -> extras [OK]
[01:20:45] [14] [users] Dave Kumar.png -> Dave Kumar.png [OK]
[01:20:45] [144] [customers] Penguins.jpg -> Penguins.jpg [OK]
[01:20:45] [144] [customers] Tulips.jpg -> Tulips.jpg [OK]
[01:20:45] [15] [brands] Neewer.png -> Neewer.png [OK]
[01:20:45] [15] [products] extras -> extras [OK]
[01:20:45] [15] [users] Jack Bruce.png -> Jack Bruce.png [OK]
[01:20:45] [16] [brands] Sigma.png -> Sigma.png [OK]
[01:20:45] [16] [products] extras -> extras [OK]
[01:20:45] [16] [users] Mohamed Zirri.jpg -> Mohamed Zirri.jpg [OK]
[01:20:45] [163] [customers] orange.png -> orange.png [OK]
[01:20:45] [164] [customers] 45f5eba5_a6843230.png -> 45f5eba5_a6843230.png [OK]
[01:20:45] [164] [customers] df1d2e95_f0f6c304.png -> df1d2e95_f0f6c304.png [OK]
[01:20:45] [17] [brands] Bosch.png -> Bosch.png [OK]
[01:20:45] [17] [products] extras -> extras [OK]
[01:20:45] [17] [users] Mithun Kumar Majumdar.png -> Mithun Kumar Majumdar.png [OK]
[01:20:45] [18] [brands] Joby.png -> Joby.png [OK]
[01:20:45] [18] [products] extras -> extras [OK]
[01:20:45] [18] [users] Ali Raza.png -> Ali Raza.png [OK]
[01:20:45] [19] [brands] GoPro.png -> GoPro.png [OK]
[01:20:45] [19] [products] extras -> extras [OK]
[01:20:45] [19] [users] Isaac Henry.jpg -> Isaac Henry.jpg [OK]
[01:20:45] [2] [brands] Fujifilm.png -> Fujifilm.png [OK]
[01:20:45] [2] [products] extras -> extras [OK]
[01:20:45] [2] [users] Allada Pavan.png -> Allada Pavan.png [OK]
[01:20:45] [20] [brands] Manfrotto.png -> Manfrotto.png [OK]
[01:20:45] [20] [users] Svetlana Stasovska.png -> Svetlana Stasovska.png [OK]
[01:20:45] [21] [brands] Google.png -> Google.png [OK]
[01:20:45] [21] [products] extras -> extras [OK]
[01:20:45] [21] [users] Mike Gates.png -> Mike Gates.png [OK]
[01:20:45] [22] [brands] LG.png -> LG.png [OK]
[01:20:45] [22] [products] extras -> extras [OK]
[01:20:45] [22] [users] Pedro Quintero.png -> Pedro Quintero.png [OK]
[01:20:45] [23] [brands] Motorola.png -> Motorola.png [OK]
[01:20:45] [23] [products] extras -> extras [OK]
[01:20:45] [23] [users] Amina Elshal.png -> Amina Elshal.png [OK]
[01:20:45] [24] [brands] Pantech.png -> Pantech.png [OK]
[01:20:45] [24] [products] extras -> extras [OK]
[01:20:45] [25] [brands] Huawei.png -> Huawei.png [OK]
[01:20:45] [25] [products] extras -> extras [OK]
[01:20:45] [26] [brands] Xiaomi.png -> Xiaomi.png [OK]
[01:20:45] [27] [brands] Hovamp.png -> Hovamp.png [OK]
[01:20:45] [27] [products] extras -> extras [OK]
[01:20:45] [27] [users] 0afbcdc2d1724cbb3322f4f57b62fb67.png -> 0afbcdc2d1724cbb3322f4f57b62fb67.png [OK]
[01:20:45] [28] [brands] Aioneus.png -> Aioneus.png [OK]
[01:20:45] [28] [products] extras -> extras [OK]
[01:20:45] [29] [brands] XIAE.png -> XIAE.png [OK]
[01:20:45] [29] [customers] AREmoji_20230816_122317_1544.png -> AREmoji_20230816_122317_1544.png [OK]
[01:20:45] [29] [products] extras -> extras [OK]
[01:20:45] [3] [brands] Sony.png -> Sony.png [OK]
[01:20:45] [3] [categories] 34 -> 34 [OK]
[01:20:45] [3] [categories] 35 -> 35 [OK]
[01:20:45] [3] [products] extras -> extras [OK]
[01:20:45] [30] [brands] Everyworth.png -> Everyworth.png [OK]
[01:20:45] [30] [products] extras -> extras [OK]
[01:20:45] [31] [brands] Lexar.png -> Lexar.png [OK]
[01:20:45] [31] [products] extras -> extras [OK]
[01:20:45] [32] [brands] Nulaxy.png -> Nulaxy.png [OK]
[01:20:45] [32] [categories] 0afbcdc2d1724cbb3322f4f57b62fb67.png -> 0afbcdc2d1724cbb3322f4f57b62fb67.png [OK]
[01:20:45] [32] [customers] AREmoji_20230816_122312_122.png -> AREmoji_20230816_122312_122.png [OK]
[01:20:45] [32] [customers] Tulips.jpg -> Tulips.jpg [OK]
[01:20:46] [32] [products] extras -> extras [OK]
[01:20:46] [33] [brands] Fitfort.png -> Fitfort.png [OK]
[01:20:46] [33] [products] extras -> extras [OK]
[01:20:46] [34] [brands] PopSocket.png -> PopSocket.png [OK]
[01:20:46] [34] [products] extras -> extras [OK]
[01:20:46] [35] [brands] SHAWE.png -> SHAWE.png [OK]
[01:20:46] [35] [products] extras -> extras [OK]
[01:20:46] [36] [brands] Lenovo.png -> Lenovo.png [OK]
[01:20:46] [36] [customers] a18c9920c249d9bb6d3a1efb120bd8cc.png -> a18c9920c249d9bb6d3a1efb120bd8cc.png [OK]
[01:20:46] [36] [products] extras -> extras [OK]
[01:20:46] [37] [brands] Acer.png -> Acer.png [OK]
[01:20:46] [37] [products] extras -> extras [OK]
[01:20:46] [38] [brands] Dell.png -> Dell.png [OK]
[01:20:46] [39] [brands] Intel.png -> Intel.png [OK]
[01:20:46] [39] [products] extras -> extras [OK]
[01:20:46] [4] [brands] 1 -> 1 [OK]
[01:20:46] [4] [brands] 10 -> 10 [OK]
[01:20:46] [4] [brands] 11 -> 11 [OK]
[01:20:46] [4] [brands] 12 -> 12 [OK]
[01:20:46] [4] [brands] 13 -> 13 [OK]
[01:20:46] [4] [brands] 14 -> 14 [OK]
[01:20:46] [4] [brands] 15 -> 15 [OK]
[01:20:46] [4] [brands] 16 -> 16 [OK]
[01:20:46] [4] [brands] 17 -> 17 [OK]
[01:20:46] [4] [brands] 18 -> 18 [OK]
[01:20:46] [4] [brands] 19 -> 19 [OK]
[01:20:46] [4] [brands] 2 -> 2 [OK]
[01:20:46] [4] [brands] 20 -> 20 [OK]
[01:20:46] [4] [brands] 21 -> 21 [OK]
[01:20:46] [4] [brands] 22 -> 22 [OK]
[01:20:46] [4] [brands] 23 -> 23 [OK]
[01:20:46] [4] [brands] 24 -> 24 [OK]
[01:20:46] [4] [brands] 25 -> 25 [OK]
[01:20:46] [4] [brands] 26 -> 26 [OK]
[01:20:46] [4] [brands] 27 -> 27 [OK]
[01:20:46] [4] [brands] 28 -> 28 [OK]
[01:20:46] [4] [brands] 29 -> 29 [OK]
[01:20:46] [4] [brands] 3 -> 3 [OK]
[01:20:46] [4] [brands] 30 -> 30 [OK]
[01:20:46] [4] [brands] 31 -> 31 [OK]
[01:20:46] [4] [brands] 32 -> 32 [OK]
[01:20:46] [4] [brands] 33 -> 33 [OK]
[01:20:46] [4] [brands] 34 -> 34 [OK]
[01:20:46] [4] [brands] 35 -> 35 [OK]
[01:20:46] [4] [brands] 36 -> 36 [OK]
[01:20:46] [4] [brands] 37 -> 37 [OK]
[01:20:46] [4] [brands] 38 -> 38 [OK]
[01:20:46] [4] [brands] 39 -> 39 [OK]
[01:20:46] [4] [brands] 4 -> 4 [OK]
[01:20:46] [4] [brands] 40 -> 40 [OK]
[01:20:46] [4] [brands] 41 -> 41 [OK]
[01:20:46] [4] [brands] 42 -> 42 [OK]
[01:20:46] [4] [brands] 43 -> 43 [OK]
[01:20:46] [4] [brands] 44 -> 44 [OK]
[01:20:46] [4] [brands] 45 -> 45 [OK]
[01:20:46] [4] [brands] 46 -> 46 [OK]
[01:20:46] [4] [brands] 47 -> 47 [OK]
[01:20:46] [4] [brands] 48 -> 48 [OK]
[01:20:46] [4] [brands] 49 -> 49 [OK]
[01:20:46] [4] [brands] 5 -> 5 [OK]
[01:20:46] [4] [brands] 50 -> 50 [OK]
[01:20:46] [4] [brands] 51 -> 51 [OK]
[01:20:46] [4] [brands] 52 -> 52 [OK]
[01:20:46] [4] [brands] 53 -> 53 [OK]
[01:20:46] [4] [brands] 54 -> 54 [OK]
[01:20:46] [4] [brands] 6 -> 6 [OK]
[01:20:46] [4] [brands] 7 -> 7 [OK]
[01:20:46] [4] [brands] 7_1768700318089 -> 7_1768700318089 [OK]
[01:20:46] [4] [brands] 8 -> 8 [OK]
[01:20:46] [4] [brands] 9 -> 9 [OK]
[01:20:46] [4] [brands] 98 -> 98 [OK]
[01:20:46] [4] [brands] 98_1768669988460 -> 98_1768669988460 [OK]
[01:20:46] [4] [brands] Pelican.png -> Pelican.png [OK]
[01:20:46] [4] [categories] 1 -> 1 [OK]
[01:20:46] [4] [categories] 10 -> 10 [OK]
[01:20:46] [4] [categories] 10_1768669988493 -> 10_1768669988493 [OK]
[01:20:46] [4] [categories] 11 -> 11 [OK]
[01:20:46] [4] [categories] 11_1768669988496 -> 11_1768669988496 [OK]
[01:20:46] [4] [categories] 12 -> 12 [OK]
[01:20:46] [4] [categories] 12_1768669988499 -> 12_1768669988499 [OK]
[01:20:46] [4] [categories] 13 -> 13 [OK]
[01:20:46] [4] [categories] 13_1768669988502 -> 13_1768669988502 [OK]
[01:20:46] [4] [categories] 14 -> 14 [OK]
[01:20:46] [4] [categories] 14_1768669988505 -> 14_1768669988505 [OK]
[01:20:46] [4] [categories] 15 -> 15 [OK]
[01:20:46] [4] [categories] 15_1768669988509 -> 15_1768669988509 [OK]
[01:20:46] [4] [categories] 16 -> 16 [OK]
[01:20:46] [4] [categories] 16_1768669988513 -> 16_1768669988513 [OK]
[01:20:46] [4] [categories] 17 -> 17 [OK]
[01:20:46] [4] [categories] 17_1768669988516 -> 17_1768669988516 [OK]
[01:20:46] [4] [categories] 18 -> 18 [OK]
[01:20:46] [4] [categories] 18_1768669988521 -> 18_1768669988521 [OK]
[01:20:46] [4] [categories] 19 -> 19 [OK]
[01:20:46] [4] [categories] 19_1768669988527 -> 19_1768669988527 [OK]
[01:20:46] [4] [categories] 1_1768669988489 -> 1_1768669988489 [OK]
[01:20:46] [4] [categories] 2 -> 2 [OK]
[01:20:46] [4] [categories] 20 -> 20 [OK]
[01:20:46] [4] [categories] 20_1768669988533 -> 20_1768669988533 [OK]
[01:20:46] [4] [categories] 21 -> 21 [OK]
[01:20:46] [4] [categories] 21_1768669988536 -> 21_1768669988536 [OK]
[01:20:46] [4] [categories] 22 -> 22 [OK]
[01:20:46] [4] [categories] 22_1768669988541 -> 22_1768669988541 [OK]
[01:20:46] [4] [categories] 23 -> 23 [OK]
[01:20:46] [4] [categories] 23_1768669988547 -> 23_1768669988547 [OK]
[01:20:46] [4] [categories] 24 -> 24 [OK]
[01:20:46] [4] [categories] 24_1768669988550 -> 24_1768669988550 [OK]
[01:20:46] [4] [categories] 25 -> 25 [OK]
[01:20:46] [4] [categories] 25_1768669988554 -> 25_1768669988554 [OK]
[01:20:46] [4] [categories] 26 -> 26 [OK]
[01:20:46] [4] [categories] 26_1768669988559 -> 26_1768669988559 [OK]
[01:20:46] [4] [categories] 27 -> 27 [OK]
[01:20:46] [4] [categories] 27_1768669988563 -> 27_1768669988563 [OK]
[01:20:46] [4] [categories] 28 -> 28 [OK]
[01:20:46] [4] [categories] 28_1768669988565 -> 28_1768669988565 [OK]
[01:20:46] [4] [categories] 29 -> 29 [OK]
[01:20:46] [4] [categories] 29_1768669988569 -> 29_1768669988569 [OK]
[01:20:46] [4] [categories] 2_1768669988530 -> 2_1768669988530 [OK]
[01:20:46] [4] [categories] 3 -> 3 [OK]
[01:20:46] [4] [categories] 30 -> 30 [OK]
[01:20:46] [4] [categories] 30_1768669988575 -> 30_1768669988575 [OK]
[01:20:46] [4] [categories] 31 -> 31 [OK]
[01:20:46] [4] [categories] 31_1768669988578 -> 31_1768669988578 [OK]
[01:20:46] [4] [categories] 3_1768669988572 -> 3_1768669988572 [OK]
[01:20:46] [4] [categories] 5 -> 5 [OK]
[01:20:46] [4] [categories] 5_1768669988580 -> 5_1768669988580 [OK]
[01:20:46] [4] [categories] 6 -> 6 [OK]
[01:20:46] [4] [categories] 6_1768669988584 -> 6_1768669988584 [OK]
[01:20:46] [4] [categories] 8 -> 8 [OK]
[01:20:46] [4] [categories] 8_1768669988586 -> 8_1768669988586 [OK]
[01:20:46] [4] [categories] 9 -> 9 [OK]
[01:20:46] [4] [categories] 9_1768669988589 -> 9_1768669988589 [OK]
[01:20:46] [4] [customers] 10 -> 10 [OK]
[01:20:46] [4] [customers] 10_1768669988593 -> 10_1768669988593 [OK]
[01:20:46] [4] [customers] 18 -> 18 [OK]
[01:20:46] [4] [customers] 18_1768669988595 -> 18_1768669988595 [OK]
[01:20:46] [4] [customers] 7 -> 7 [OK]
[01:20:46] [4] [customers] 7_1768669988598 -> 7_1768669988598 [OK]
[01:20:46] [4] [customers] 87 -> 87 [OK]
[01:20:46] [4] [customers] 87_1768669988600 -> 87_1768669988600 [OK]
[01:20:46] [4] [customers] 88 -> 88 [OK]
[01:20:46] [4] [customers] 88_1768669988604 -> 88_1768669988604 [OK]
[01:20:46] [4] [products] 1 -> 1 [OK]
[01:20:46] [4] [products] 10 -> 10 [OK]
[01:20:46] [4] [products] 100 -> 100 [OK]
[01:20:46] [4] [products] 100_1768669988615 -> 100_1768669988615 [OK]
[01:20:46] [4] [products] 101 -> 101 [OK]
[01:20:46] [4] [products] 101_1768669988619 -> 101_1768669988619 [OK]
[01:20:46] [4] [products] 102 -> 102 [OK]
[01:20:46] [4] [products] 102_1768669988622 -> 102_1768669988622 [OK]
[01:20:46] [4] [products] 103 -> 103 [OK]
[01:20:46] [4] [products] 103_1768669988625 -> 103_1768669988625 [OK]
[01:20:46] [4] [products] 104 -> 104 [OK]
[01:20:46] [4] [products] 104_1768669988636 -> 104_1768669988636 [OK]
[01:20:46] [4] [products] 105 -> 105 [OK]
[01:20:46] [4] [products] 105_1768669988640 -> 105_1768669988640 [OK]
[01:20:46] [4] [products] 106 -> 106 [OK]
[01:20:46] [4] [products] 106_1768669988643 -> 106_1768669988643 [OK]
[01:20:46] [4] [products] 10_1768669988612 -> 10_1768669988612 [OK]
[01:20:46] [4] [products] 11 -> 11 [OK]
[01:20:46] [4] [products] 11_1768669988645 -> 11_1768669988645 [OK]
[01:20:46] [4] [products] 12 -> 12 [OK]
[01:20:46] [4] [products] 12_1768669988650 -> 12_1768669988650 [OK]
[01:20:46] [4] [products] 14 -> 14 [OK]
[01:20:46] [4] [products] 14_1768669988654 -> 14_1768669988654 [OK]
[01:20:46] [4] [products] 15 -> 15 [OK]
[01:20:46] [4] [products] 15_1768669988656 -> 15_1768669988656 [OK]
[01:20:46] [4] [products] 16 -> 16 [OK]
[01:20:46] [4] [products] 16_1768669988659 -> 16_1768669988659 [OK]
[01:20:46] [4] [products] 17 -> 17 [OK]
[01:20:46] [4] [products] 17_1768669988663 -> 17_1768669988663 [OK]
[01:20:46] [4] [products] 18 -> 18 [OK]
[01:20:46] [4] [products] 18_1768669988667 -> 18_1768669988667 [OK]
[01:20:46] [4] [products] 19 -> 19 [OK]
[01:20:46] [4] [products] 19_1768669988671 -> 19_1768669988671 [OK]
[01:20:46] [4] [products] 1_1768669988608 -> 1_1768669988608 [OK]
[01:20:46] [4] [products] 2 -> 2 [OK]
[01:20:46] [4] [products] 20 -> 20 [OK]
[01:20:46] [4] [products] 20_1768669988679 -> 20_1768669988679 [OK]
[01:20:46] [4] [products] 21 -> 21 [OK]
[01:20:46] [4] [products] 21_1768669988682 -> 21_1768669988682 [OK]
[01:20:46] [4] [products] 22 -> 22 [OK]
[01:20:46] [4] [products] 22_1768669988685 -> 22_1768669988685 [OK]
[01:20:46] [4] [products] 23 -> 23 [OK]
[01:20:46] [4] [products] 23_1768669988689 -> 23_1768669988689 [OK]
[01:20:46] [4] [products] 24 -> 24 [OK]
[01:20:46] [4] [products] 24_1768669988693 -> 24_1768669988693 [OK]
[01:20:46] [4] [products] 25 -> 25 [OK]
[01:20:46] [4] [products] 25_1768669988697 -> 25_1768669988697 [OK]
[01:20:46] [4] [products] 26 -> 26 [OK]
[01:20:46] [4] [products] 26_1768669988701 -> 26_1768669988701 [OK]
[01:20:46] [4] [products] 27 -> 27 [OK]
[01:20:46] [4] [products] 27_1768669988704 -> 27_1768669988704 [OK]
[01:20:46] [4] [products] 28 -> 28 [OK]
[01:20:46] [4] [products] 28_1768669988708 -> 28_1768669988708 [OK]
[01:20:46] [4] [products] 29 -> 29 [OK]
[01:20:46] [4] [products] 29_1768669988711 -> 29_1768669988711 [OK]
[01:20:46] [4] [products] 2_1768669988674 -> 2_1768669988674 [OK]
[01:20:46] [4] [products] 3 -> 3 [OK]
[01:20:46] [4] [products] 30 -> 30 [OK]
[01:20:46] [4] [products] 30_1768669988716 -> 30_1768669988716 [OK]
[01:20:46] [4] [products] 31 -> 31 [OK]
[01:20:47] [4] [products] 31_1768669988719 -> 31_1768669988719 [OK]
[01:20:47] [4] [products] 32 -> 32 [OK]
[01:20:47] [4] [products] 32_1768669988724 -> 32_1768669988724 [OK]
[01:20:47] [4] [products] 33 -> 33 [OK]
[01:20:47] [4] [products] 33_1768669988727 -> 33_1768669988727 [OK]
[01:20:47] [4] [products] 34 -> 34 [OK]
[01:20:47] [4] [products] 34_1768669988730 -> 34_1768669988730 [OK]
[01:20:47] [4] [products] 35 -> 35 [OK]
[01:20:47] [4] [products] 35_1768669988733 -> 35_1768669988733 [OK]
[01:20:47] [4] [products] 36 -> 36 [OK]
[01:20:47] [4] [products] 36_1768669988736 -> 36_1768669988736 [OK]
[01:20:47] [4] [products] 37 -> 37 [OK]
[01:20:47] [4] [products] 37_1768669988743 -> 37_1768669988743 [OK]
[01:20:47] [4] [products] 38 -> 38 [OK]
[01:20:47] [4] [products] 38_1768669988748 -> 38_1768669988748 [OK]
[01:20:47] [4] [products] 39 -> 39 [OK]
[01:20:47] [4] [products] 39_1768669988751 -> 39_1768669988751 [OK]
[01:20:47] [4] [products] 3_1768669988715 -> 3_1768669988715 [OK]
[01:20:47] [4] [products] 40 -> 40 [OK]
[01:20:47] [4] [products] 40_1768669988754 -> 40_1768669988754 [OK]
[01:20:47] [4] [products] 41 -> 41 [OK]
[01:20:47] [4] [products] 41_1768669988758 -> 41_1768669988758 [OK]
[01:20:47] [4] [products] 42 -> 42 [OK]
[01:20:47] [4] [products] 42_1768669988762 -> 42_1768669988762 [OK]
[01:20:47] [4] [products] 43 -> 43 [OK]
[01:20:47] [4] [products] 43_1768669988766 -> 43_1768669988766 [OK]
[01:20:47] [4] [products] 44 -> 44 [OK]
[01:20:47] [4] [products] 44_1768669988770 -> 44_1768669988770 [OK]
[01:20:47] [4] [products] 45 -> 45 [OK]
[01:20:47] [4] [products] 45_1768669988772 -> 45_1768669988772 [OK]
[01:20:47] [4] [products] 46 -> 46 [OK]
[01:20:47] [4] [products] 46_1768669988776 -> 46_1768669988776 [OK]
[01:20:47] [4] [products] 47 -> 47 [OK]
[01:20:47] [4] [products] 47_1768669988779 -> 47_1768669988779 [OK]
[01:20:47] [4] [products] 48 -> 48 [OK]
[01:20:47] [4] [products] 48_1768669988782 -> 48_1768669988782 [OK]
[01:20:47] [4] [products] 48_1768685374204 -> 48_1768685374204 [OK]
[01:20:47] [4] [products] 49 -> 49 [OK]
[01:20:47] [4] [products] 49_1768669988788 -> 49_1768669988788 [OK]
[01:20:47] [4] [products] 50 -> 50 [OK]
[01:20:47] [4] [products] 50_1768669988792 -> 50_1768669988792 [OK]
[01:20:47] [4] [products] 51 -> 51 [OK]
[01:20:47] [4] [products] 51_1768669988795 -> 51_1768669988795 [OK]
[01:20:47] [4] [products] 52 -> 52 [OK]
[01:20:47] [4] [products] 52_1768669988800 -> 52_1768669988800 [OK]
[01:20:47] [4] [products] 53 -> 53 [OK]
[01:20:47] [4] [products] 53_1768669988803 -> 53_1768669988803 [OK]
[01:20:47] [4] [products] 54 -> 54 [OK]
[01:20:47] [4] [products] 54_1768669988806 -> 54_1768669988806 [OK]
[01:20:47] [4] [products] 55 -> 55 [OK]
[01:20:47] [4] [products] 55_1768669988809 -> 55_1768669988809 [OK]
[01:20:47] [4] [products] 56 -> 56 [OK]
[01:20:47] [4] [products] 56_1768669988813 -> 56_1768669988813 [OK]
[01:20:47] [4] [products] 57 -> 57 [OK]
[01:20:47] [4] [products] 57_1768669988817 -> 57_1768669988817 [OK]
[01:20:47] [4] [products] 58 -> 58 [OK]
[01:20:47] [4] [products] 58_1768669988818 -> 58_1768669988818 [OK]
[01:20:47] [4] [products] 59 -> 59 [OK]
[01:20:47] [4] [products] 59_1768669988822 -> 59_1768669988822 [OK]
[01:20:47] [4] [products] 6 -> 6 [OK]
[01:20:47] [4] [products] 60 -> 60 [OK]
[01:20:47] [4] [products] 60_1768669988830 -> 60_1768669988830 [OK]
[01:20:47] [4] [products] 61 -> 61 [OK]
[01:20:47] [4] [products] 61_1768669988834 -> 61_1768669988834 [OK]
[01:20:47] [4] [products] 62 -> 62 [OK]
[01:20:47] [4] [products] 62_1768669988837 -> 62_1768669988837 [OK]
[01:20:47] [4] [products] 63 -> 63 [OK]
[01:20:47] [4] [products] 63_1768669988841 -> 63_1768669988841 [OK]
[01:20:47] [4] [products] 64 -> 64 [OK]
[01:20:47] [4] [products] 64_1768669988897 -> 64_1768669988897 [OK]
[01:20:47] [4] [products] 65 -> 65 [OK]
[01:20:47] [4] [products] 65_1768669988902 -> 65_1768669988902 [OK]
[01:20:47] [4] [products] 66 -> 66 [OK]
[01:20:47] [4] [products] 66_1768669988905 -> 66_1768669988905 [OK]
[01:20:47] [4] [products] 67 -> 67 [OK]
[01:20:47] [4] [products] 67_1768669988910 -> 67_1768669988910 [OK]
[01:20:47] [4] [products] 68 -> 68 [OK]
[01:20:47] [4] [products] 68_1768669988913 -> 68_1768669988913 [OK]
[01:20:47] [4] [products] 69 -> 69 [OK]
[01:20:47] [4] [products] 69_1768669988924 -> 69_1768669988924 [OK]
[01:20:47] [4] [products] 6_1768669988826 -> 6_1768669988826 [OK]
[01:20:47] [4] [products] 70 -> 70 [OK]
[01:20:47] [4] [products] 70_1768669988932 -> 70_1768669988932 [OK]
[01:20:47] [4] [products] 71 -> 71 [OK]
[01:20:47] [4] [products] 71_1768669988940 -> 71_1768669988940 [OK]
[01:20:47] [4] [products] 73 -> 73 [OK]
[01:20:47] [4] [products] 73_1768669988943 -> 73_1768669988943 [OK]
[01:20:47] [4] [products] 74 -> 74 [OK]
[01:20:47] [4] [products] 74_1768669989024 -> 74_1768669989024 [OK]
[01:20:47] [4] [products] 75 -> 75 [OK]
[01:20:47] [4] [products] 75_1768669989041 -> 75_1768669989041 [OK]
[01:20:47] [4] [products] 76 -> 76 [OK]
[01:20:47] [4] [products] 76_1768669989135 -> 76_1768669989135 [OK]
[01:20:47] [4] [products] 77 -> 77 [OK]
[01:20:47] [4] [products] 77_1768669989143 -> 77_1768669989143 [OK]
[01:20:47] [4] [products] 78 -> 78 [OK]
[01:20:47] [4] [products] 78_1768669989146 -> 78_1768669989146 [OK]
[01:20:47] [4] [products] 79 -> 79 [OK]
[01:20:47] [4] [products] 79_1768669989153 -> 79_1768669989153 [OK]
[01:20:47] [4] [products] 8 -> 8 [OK]
[01:20:47] [4] [products] 80 -> 80 [OK]
[01:20:47] [4] [products] 80_1768669989181 -> 80_1768669989181 [OK]
[01:20:47] [4] [products] 81 -> 81 [OK]
[01:20:47] [4] [products] 81_1768669989185 -> 81_1768669989185 [OK]
[01:20:47] [4] [products] 82 -> 82 [OK]
[01:20:47] [4] [products] 82_1768669989188 -> 82_1768669989188 [OK]
[01:20:47] [4] [products] 83 -> 83 [OK]
[01:20:47] [4] [products] 83_1768669989192 -> 83_1768669989192 [OK]
[01:20:47] [4] [products] 84 -> 84 [OK]
[01:20:48] [4] [products] 84_1768669989210 -> 84_1768669989210 [OK]
[01:20:48] [4] [products] 85 -> 85 [OK]
[01:20:48] [4] [products] 85_1768669989217 -> 85_1768669989217 [OK]
[01:20:48] [4] [products] 86 -> 86 [OK]
[01:20:48] [4] [products] 86_1768669989226 -> 86_1768669989226 [OK]
[01:20:48] [4] [products] 87 -> 87 [OK]
[01:20:48] [4] [products] 87_1768669989228 -> 87_1768669989228 [OK]
[01:20:48] [4] [products] 88 -> 88 [OK]
[01:20:48] [4] [products] 88_1768669989231 -> 88_1768669989231 [OK]
[01:20:48] [4] [products] 89 -> 89 [OK]
[01:20:48] [4] [products] 89_1768669989236 -> 89_1768669989236 [OK]
[01:20:48] [4] [products] 8_1768669989177 -> 8_1768669989177 [OK]
[01:20:48] [4] [products] 9 -> 9 [OK]
[01:20:48] [4] [products] 90 -> 90 [OK]
[01:20:48] [4] [products] 90_1768669989243 -> 90_1768669989243 [OK]
[01:20:48] [4] [products] 91 -> 91 [OK]
[01:20:48] [4] [products] 91_1768669989245 -> 91_1768669989245 [OK]
[01:20:48] [4] [products] 92 -> 92 [OK]
[01:20:48] [4] [products] 92_1768669989248 -> 92_1768669989248 [OK]
[01:20:48] [4] [products] 93 -> 93 [OK]
[01:20:48] [4] [products] 93_1768669989250 -> 93_1768669989250 [OK]
[01:20:48] [4] [products] 94 -> 94 [OK]
[01:20:48] [4] [products] 94_1768669989277 -> 94_1768669989277 [OK]
[01:20:48] [4] [products] 95 -> 95 [OK]
[01:20:48] [4] [products] 95_1768669989281 -> 95_1768669989281 [OK]
[01:20:48] [4] [products] 96 -> 96 [OK]
[01:20:48] [4] [products] 96_1768669989285 -> 96_1768669989285 [OK]
[01:20:48] [4] [products] 97 -> 97 [OK]
[01:20:48] [4] [products] 97_1768669989290 -> 97_1768669989290 [OK]
[01:20:48] [4] [products] 98 -> 98 [OK]
[01:20:48] [4] [products] 98_1768669989297 -> 98_1768669989297 [OK]
[01:20:48] [4] [products] 99 -> 99 [OK]
[01:20:48] [4] [products] 99_1768669989356 -> 99_1768669989356 [OK]
[01:20:48] [4] [products] 9_1768669989239 -> 9_1768669989239 [OK]
[01:20:48] [4] [profile] 1 -> 1 [OK]
[01:20:48] [4] [profile] 1_1768669989360 -> 1_1768669989360 [OK]
[01:20:48] [4] [profile] 3c5f02a6_75b2d7c2.png -> 3c5f02a6_75b2d7c2.png [OK]
[01:20:48] [4] [profile] 3c5f02a6_75b2d7c2.png_1768669989365 -> 3c5f02a6_75b2d7c2.png_1768669989365 [OK]
[01:20:48] [4] [profile] Apigee-512-color.png -> Apigee-512-color.png [OK]
[01:20:48] [4] [profile] Apigee-512-color.png_1768669989368 -> Apigee-512-color.png_1768669989368 [OK]
[01:20:48] [4] [users] 1 -> 1 [OK]
[01:20:48] [4] [users] 18 -> 18 [OK]
[01:20:48] [4] [users] 18_1768669989374 -> 18_1768669989374 [OK]
[01:20:48] [4] [users] 1_1768669989371 -> 1_1768669989371 [OK]
[01:20:48] [4] [users] 2 -> 2 [OK]
[01:20:48] [4] [users] 2_1768669989584 -> 2_1768669989584 [OK]
[01:20:48] [4] [users] 36 -> 36 [OK]
[01:20:48] [4] [users] 36_1768669989808 -> 36_1768669989808 [OK]
[01:20:48] [4] [users] 36_1768709890462 -> 36_1768709890462 [OK]
[01:20:48] [4] [users] 6 -> 6 [OK]
[01:20:48] [4] [users] 6_1768669989812 -> 6_1768669989812 [OK]
[01:20:48] [40] [brands] ASUS.png -> ASUS.png [OK]
[01:20:48] [40] [customers] 1.png -> 1.png [OK]
[01:20:48] [40] [products] extras -> extras [OK]
[01:20:48] [41] [brands] Microsoft.png -> Microsoft.png [OK]
[01:20:48] [41] [products] extras -> extras [OK]
[01:20:48] [42] [brands] DragonTouch.png -> DragonTouch.png [OK]
[01:20:48] [42] [products] extras -> extras [OK]
[01:20:48] [43] [brands] AMD.png -> AMD.png [OK]
[01:20:48] [43] [products] extras -> extras [OK]
[01:20:48] [44] [brands] XFX.png -> XFX.png [OK]
[01:20:48] [44] [products] extras -> extras [OK]
[01:20:48] [45] [brands] MSI.png -> MSI.png [OK]
[01:20:48] [45] [products] extras -> extras [OK]
[01:20:48] [46] [brands] Seagate.png -> Seagate.png [OK]
[01:20:48] [46] [products] extras -> extras [OK]
[01:20:48] [47] [brands] Corsair.png -> Corsair.png [OK]
[01:20:49] [47] [products] extras -> extras [OK]
[01:20:49] [48] [brands] Thermaltake.png -> Thermaltake.png [OK]
[01:20:49] [48] [products] extras -> extras [OK]
[01:20:49] [49] [brands] Kingston.png -> Kingston.png [OK]
[01:20:49] [49] [products] extras -> extras [OK]
[01:20:49] [5] [brands] 123 -> 123 [OK]
[01:20:49] [5] [brands] 92 -> 92 [OK]
[01:20:49] [5] [brands] 96 -> 96 [OK]
[01:20:49] [5] [brands] 97 -> 97 [OK]
[01:20:49] [5] [categories] 36 -> 36 [OK]
[01:20:49] [5] [categories] 37 -> 37 [OK]
[01:20:49] [5] [categories] 66 -> 66 [OK]
[01:20:49] [5] [customers] 84 -> 84 [OK]
[01:20:49] [5] [customers] 85 -> 85 [OK]
[01:20:49] [5] [customers] 86 -> 86 [OK]
[01:20:49] [5] [customers] 96 -> 96 [OK]
[01:20:49] [5] [customers] 97 -> 97 [OK]
[01:20:49] [5] [products] 152 -> 152 [OK]
[01:20:49] [5] [profile] 8c02662811277bacd09ea2389c572119.png -> 8c02662811277bacd09ea2389c572119.png [OK]
[01:20:49] [5] [profile] icon.png -> icon.png [OK]
[01:20:49] [5] [services] 9 -> 9 [OK]
[01:20:49] [5] [users] 259 -> 259 [OK]
[01:20:49] [5] [users] 260 -> 260 [OK]
[01:20:49] [5] [users] 261 -> 261 [OK]
[01:20:49] [5] [users] 262 -> 262 [OK]
[01:20:49] [5] [users] 34 -> 34 [OK]
[01:20:49] [50] [brands] Creative.png -> Creative.png [OK]
[01:20:49] [50] [products] extras -> extras [OK]
[01:20:49] [51] [brands] Crucial.png -> Crucial.png [OK]
[01:20:49] [51] [products] extras -> extras [OK]
[01:20:49] [52] [brands] HyperX.png -> HyperX.png [OK]
[01:20:49] [52] [products] extras -> extras [OK]
[01:20:49] [53] [brands] Gigabyte.png -> Gigabyte.png [OK]
[01:20:49] [53] [products] extras -> extras [OK]
[01:20:49] [54] [brands] TP-Link.png -> TP-Link.png [OK]
[01:20:49] [54] [products] extras -> extras [OK]
[01:20:49] [55] [products] extras -> extras [OK]
[01:20:49] [56] [products] extras -> extras [OK]
[01:20:49] [57] [brands] 8c02662811277bacd09ea2389c572119.png -> 8c02662811277bacd09ea2389c572119.png [OK]
[01:20:49] [57] [products] extras -> extras [OK]
[01:20:49] [58] [products] extras -> extras [OK]
[01:20:49] [59] [products] extras -> extras [OK]
[01:20:49] [6] [brands] Western Digital.png -> Western Digital.png [OK]
[01:20:49] [6] [products] extras -> extras [OK]
[01:20:49] [6] [users] Alfred.png -> Alfred.png [OK]
[01:20:49] [60] [products] extras -> extras [OK]
[01:20:49] [61] [products] extras -> extras [OK]
[01:20:49] [62] [products] extras -> extras [OK]
[01:20:49] [63] [products] extras -> extras [OK]
[01:20:49] [64] [products] extras -> extras [OK]
[01:20:49] [65] [products] extras -> extras [OK]
[01:20:49] [66] [products] extras -> extras [OK]
[01:20:49] [67] [customers] AREmoji_20230816_122312_1221.png -> AREmoji_20230816_122312_1221.png [OK]
[01:20:49] [67] [products] extras -> extras [OK]
[01:20:49] [68] [customers] AREmoji_20230816_122312_1221.png -> AREmoji_20230816_122312_1221.png [OK]
[01:20:49] [68] [products] extras -> extras [OK]
[01:20:49] [69] [products] Acer Swift 3 main.png -> Acer Swift 3 main.png [OK]
[01:20:49] [69] [products] extras -> extras [OK]
[01:20:49] [7] [customers] 63 -> 63 [OK]
[01:20:49] [7] [customers] 66 -> 66 [OK]
[01:20:49] [7] [customers] 70 -> 70 [OK]
[01:20:49] [7] [customers] 71 -> 71 [OK]
[01:20:49] [7] [customers] 72 -> 72 [OK]
[01:20:49] [7] [customers] 73 -> 73 [OK]
[01:20:49] [7] [customers] 74 -> 74 [OK]
[01:20:49] [7] [customers] 75 -> 75 [OK]
[01:20:49] [7] [customers] 77 -> 77 [OK]
[01:20:49] [7] [products] 139 -> 139 [OK]
[01:20:49] [7] [profile] Alienware-Logo-head-while.png -> Alienware-Logo-head-while.png [OK]
[01:20:49] [70] [customers] 14f38f8cfd0b5389a211054b20083b8c.png -> 14f38f8cfd0b5389a211054b20083b8c.png [OK]
[01:20:49] [70] [products] extras -> extras [OK]
[01:20:49] [71] [products] extras -> extras [OK]
[01:20:49] [72] [customers] 72 -> 72 [OK]
[01:20:49] [73] [customers] 8efe822f44e536affa464ac16a603483.png -> 8efe822f44e536affa464ac16a603483.png [OK]
[01:20:49] [73] [products] Dell Inspiron 3000 main.png -> Dell Inspiron 3000 main.png [OK]
[01:20:49] [73] [products] extras -> extras [OK]
[01:20:49] [74] [products] extras -> extras [OK]
[01:20:49] [75] [customers] 9b5b8b8f9ab1c264a71e36b63785f661.png -> 9b5b8b8f9ab1c264a71e36b63785f661.png [OK]
[01:20:49] [75] [products] extras -> extras [OK]
[01:20:49] [76] [products] extras -> extras [OK]
[01:20:49] [77] [customers] 9b5b8b8f9ab1c264a71e36b63785f661.png -> 9b5b8b8f9ab1c264a71e36b63785f661.png [OK]
[01:20:49] [77] [products] extras -> extras [OK]
[01:20:49] [78] [products] extras -> extras [OK]
[01:20:50] [79] [products] extras -> extras [OK]
[01:20:50] [8] [brands] 1 -> 1 [OK]
[01:20:50] [8] [brands] 10 -> 10 [OK]
[01:20:50] [8] [brands] 11 -> 11 [OK]
[01:20:50] [8] [brands] 12 -> 12 [OK]
[01:20:50] [8] [brands] 13 -> 13 [OK]
[01:20:50] [8] [brands] 14 -> 14 [OK]
[01:20:50] [8] [brands] 15 -> 15 [OK]
[01:20:50] [8] [brands] 16 -> 16 [OK]
[01:20:50] [8] [brands] 17 -> 17 [OK]
[01:20:50] [8] [brands] 18 -> 18 [OK]
[01:20:50] [8] [brands] 19 -> 19 [OK]
[01:20:50] [8] [brands] 2 -> 2 [OK]
[01:20:50] [8] [brands] 20 -> 20 [OK]
[01:20:50] [8] [brands] 21 -> 21 [OK]
[01:20:50] [8] [brands] 22 -> 22 [OK]
[01:20:50] [8] [brands] 23 -> 23 [OK]
[01:20:50] [8] [brands] 24 -> 24 [OK]
[01:20:50] [8] [brands] 25 -> 25 [OK]
[01:20:50] [8] [brands] 26 -> 26 [OK]
[01:20:50] [8] [brands] 27 -> 27 [OK]
[01:20:50] [8] [brands] 28 -> 28 [OK]
[01:20:50] [8] [brands] 29 -> 29 [OK]
[01:20:50] [8] [brands] 3 -> 3 [OK]
[01:20:50] [8] [brands] 30 -> 30 [OK]
[01:20:50] [8] [brands] 31 -> 31 [OK]
[01:20:50] [8] [brands] 32 -> 32 [OK]
[01:20:50] [8] [brands] 33 -> 33 [OK]
[01:20:50] [8] [brands] 34 -> 34 [OK]
[01:20:50] [8] [brands] 35 -> 35 [OK]
[01:20:50] [8] [brands] 36 -> 36 [OK]
[01:20:50] [8] [brands] 37 -> 37 [OK]
[01:20:50] [8] [brands] 38 -> 38 [OK]
[01:20:50] [8] [brands] 39 -> 39 [OK]
[01:20:50] [8] [brands] 4 -> 4 [OK]
[01:20:50] [8] [brands] 40 -> 40 [OK]
[01:20:50] [8] [brands] 41 -> 41 [OK]
[01:20:50] [8] [brands] 42 -> 42 [OK]
[01:20:50] [8] [brands] 43 -> 43 [OK]
[01:20:50] [8] [brands] 44 -> 44 [OK]
[01:20:50] [8] [brands] 45 -> 45 [OK]
[01:20:50] [8] [brands] 46 -> 46 [OK]
[01:20:50] [8] [brands] 47 -> 47 [OK]
[01:20:50] [8] [brands] 48 -> 48 [OK]
[01:20:50] [8] [brands] 49 -> 49 [OK]
[01:20:50] [8] [brands] 5 -> 5 [OK]
[01:20:50] [8] [brands] 50 -> 50 [OK]
[01:20:50] [8] [brands] 51 -> 51 [OK]
[01:20:50] [8] [brands] 52 -> 52 [OK]
[01:20:50] [8] [brands] 53 -> 53 [OK]
[01:20:50] [8] [brands] 54 -> 54 [OK]
[01:20:50] [8] [brands] 6 -> 6 [OK]
[01:20:50] [8] [brands] 7 -> 7 [OK]
[01:20:50] [8] [brands] 8 -> 8 [OK]
[01:20:50] [8] [brands] 9 -> 9 [OK]
[01:20:50] [8] [brands] Pelican.png -> Pelican.png [OK]
[01:20:50] [8] [products] extras -> extras [OK]
[01:20:50] [8] [products] Samsung 500GB SSD main 2.png -> Samsung 500GB SSD main 2.png [OK]
[01:20:50] [8] [users] Ammanolla.png -> Ammanolla.png [OK]
[01:20:50] [80] [products] extras -> extras [OK]
[01:20:50] [81] [products] extras -> extras [OK]
[01:20:50] [82] [products] extras -> extras [OK]
[01:20:50] [83] [products] extras -> extras [OK]
[01:20:50] [84] [customers] 360_F_256947386_VJGb69dBUeVGRBJEV56nnan2N1hMA8CW.jpg -> 360_F_256947386_VJGb69dBUeVGRBJEV56nnan2N1hMA8CW.jpg [OK]
[01:20:50] [84] [customers] 9b5b8b8f9ab1c264a71e36b63785f661.png -> 9b5b8b8f9ab1c264a71e36b63785f661.png [OK]
[01:20:50] [84] [customers] Jellyfish.jpg -> Jellyfish.jpg [OK]
[01:20:50] [84] [customers] Tulips.jpg -> Tulips.jpg [OK]
[01:20:50] [84] [products] extras -> extras [OK]
[01:20:50] [85] [customers] 3fc349d6beaed0138151295960278aeb.png -> 3fc349d6beaed0138151295960278aeb.png [OK]
[01:20:50] [85] [products] extras -> extras [OK]
[01:20:50] [86] [customers] 9b5b8b8f9ab1c264a71e36b63785f661.png -> 9b5b8b8f9ab1c264a71e36b63785f661.png [OK]
[01:20:50] [86] [products] extras -> extras [OK]
[01:20:50] [87] [customers] 3fc349d6beaed0138151295960278aeb.png -> 3fc349d6beaed0138151295960278aeb.png [OK]
[01:20:50] [87] [products] extras -> extras [OK]
[01:20:50] [88] [customers] 14f38f8cfd0b5389a211054b20083b8c.png -> 14f38f8cfd0b5389a211054b20083b8c.png [OK]
[01:20:50] [88] [products] extras -> extras [OK]
[01:20:50] [89] [products] extras -> extras [OK]
[01:20:50] [9] [products] extras -> extras [OK]
[01:20:50] [9] [users] Bill Feeny.png -> Bill Feeny.png [OK]
[01:20:50] [90] [products] extras -> extras [OK]
[01:20:50] [92] [products] extras -> extras [OK]
[01:20:50] [93] [products] extras -> extras [OK]
[01:20:50] [94] [customers] Tulips.jpg -> Tulips.jpg [OK]
[01:20:50] [94] [products] extras -> extras [OK]
[01:20:50] [95] [products] extras -> extras [OK]
[01:20:50] [96] [products] extras -> extras [OK]
[01:20:50] [97] [products] extras -> extras [OK]
[01:20:50] [98] [products] extras -> extras [OK]
[01:20:50] [99] [customers] Welcome Scan.jpg -> Welcome Scan.jpg [OK]
[01:20:50] [99] [products] extras -> extras [OK]
[01:20:50] [assets] [brands] 1 -> 1 [OK]
[01:20:50] [assets] [brands] 10 -> 10 [OK]
[01:20:50] [assets] [brands] 11 -> 11 [OK]
[01:20:50] [assets] [brands] 12 -> 12 [OK]
[01:20:50] [assets] [brands] 13 -> 13 [OK]
[01:20:50] [assets] [brands] 14 -> 14 [OK]
[01:20:50] [assets] [brands] 15 -> 15 [OK]
[01:20:50] [assets] [brands] 16 -> 16 [OK]
[01:20:50] [assets] [brands] 17 -> 17 [OK]
[01:20:50] [assets] [brands] 18 -> 18 [OK]
[01:20:50] [assets] [brands] 19 -> 19 [OK]
[01:20:50] [assets] [brands] 2 -> 2 [OK]
[01:20:50] [assets] [brands] 20 -> 20 [OK]
[01:20:50] [assets] [brands] 21 -> 21 [OK]
[01:20:50] [assets] [brands] 22 -> 22 [OK]
[01:20:51] [assets] [brands] 23 -> 23 [OK]
[01:20:51] [assets] [brands] 24 -> 24 [OK]
[01:20:51] [assets] [brands] 25 -> 25 [OK]
[01:20:51] [assets] [brands] 26 -> 26 [OK]
[01:20:51] [assets] [brands] 27 -> 27 [OK]
[01:20:51] [assets] [brands] 28 -> 28 [OK]
[01:20:51] [assets] [brands] 29 -> 29 [OK]
[01:20:51] [assets] [brands] 3 -> 3 [OK]
[01:20:51] [assets] [brands] 30 -> 30 [OK]
[01:20:51] [assets] [brands] 31 -> 31 [OK]
[01:20:51] [assets] [brands] 32 -> 32 [OK]
[01:20:51] [assets] [brands] 33 -> 33 [OK]
[01:20:51] [assets] [brands] 34 -> 34 [OK]
[01:20:51] [assets] [brands] 35 -> 35 [OK]
[01:20:51] [assets] [brands] 36 -> 36 [OK]
[01:20:51] [assets] [brands] 37 -> 37 [OK]
[01:20:51] [assets] [brands] 38 -> 38 [OK]
[01:20:51] [assets] [brands] 39 -> 39 [OK]
[01:20:51] [assets] [brands] 4 -> 4 [OK]
[01:20:51] [assets] [brands] 40 -> 40 [OK]
[01:20:51] [assets] [brands] 41 -> 41 [OK]
[01:20:51] [assets] [brands] 42 -> 42 [OK]
[01:20:51] [assets] [brands] 43 -> 43 [OK]
[01:20:51] [assets] [brands] 44 -> 44 [OK]
[01:20:51] [assets] [brands] 45 -> 45 [OK]
[01:20:51] [assets] [brands] 46 -> 46 [OK]
[01:20:51] [assets] [brands] 47 -> 47 [OK]
[01:20:51] [assets] [brands] 48 -> 48 [OK]
[01:20:51] [assets] [brands] 49 -> 49 [OK]
[01:20:51] [assets] [brands] 5 -> 5 [OK]
[01:20:51] [assets] [brands] 50 -> 50 [OK]
[01:20:51] [assets] [brands] 51 -> 51 [OK]
[01:20:51] [assets] [brands] 52 -> 52 [OK]
[01:20:51] [assets] [brands] 53 -> 53 [OK]
[01:20:51] [assets] [brands] 54 -> 54 [OK]
[01:20:51] [assets] [brands] 6 -> 6 [OK]
[01:20:51] [assets] [brands] 7_1768700318089 -> 7_1768700318089 [OK]
[01:20:51] [assets] [brands] 8 -> 8 [OK]
[01:20:51] [assets] [brands] 9 -> 9 [OK]
[01:20:51] [assets] [brands] Pelican.png -> Pelican.png [OK]
[01:20:51] [assets] [categories] 1 -> 1 [OK]
[01:20:51] [assets] [categories] 10 -> 10 [OK]
[01:20:51] [assets] [categories] 10_1768669988493 -> 10_1768669988493 [OK]
[01:20:51] [assets] [categories] 11 -> 11 [OK]
[01:20:51] [assets] [categories] 11_1768669988496 -> 11_1768669988496 [OK]
[01:20:51] [assets] [categories] 12 -> 12 [OK]
[01:20:51] [assets] [categories] 12_1768669988499 -> 12_1768669988499 [OK]
[01:20:51] [assets] [categories] 13 -> 13 [OK]
[01:20:51] [assets] [categories] 13_1768669988502 -> 13_1768669988502 [OK]
[01:20:51] [assets] [categories] 14 -> 14 [OK]
[01:20:51] [assets] [categories] 14_1768669988505 -> 14_1768669988505 [OK]
[01:20:51] [assets] [categories] 15 -> 15 [OK]
[01:20:51] [assets] [categories] 15_1768669988509 -> 15_1768669988509 [OK]
[01:20:51] [assets] [categories] 16 -> 16 [OK]
[01:20:51] [assets] [categories] 16_1768669988513 -> 16_1768669988513 [OK]
[01:20:51] [assets] [categories] 17 -> 17 [OK]
[01:20:51] [assets] [categories] 17_1768669988516 -> 17_1768669988516 [OK]
[01:20:51] [assets] [categories] 18 -> 18 [OK]
[01:20:51] [assets] [categories] 18_1768669988521 -> 18_1768669988521 [OK]
[01:20:51] [assets] [categories] 19 -> 19 [OK]
[01:20:51] [assets] [categories] 19_1768669988527 -> 19_1768669988527 [OK]
[01:20:51] [assets] [categories] 1_1768669988489 -> 1_1768669988489 [OK]
[01:20:51] [assets] [categories] 2 -> 2 [OK]
[01:20:51] [assets] [categories] 20 -> 20 [OK]
[01:20:51] [assets] [categories] 20_1768669988533 -> 20_1768669988533 [OK]
[01:20:51] [assets] [categories] 21 -> 21 [OK]
[01:20:51] [assets] [categories] 21_1768669988536 -> 21_1768669988536 [OK]
[01:20:51] [assets] [categories] 22 -> 22 [OK]
[01:20:51] [assets] [categories] 22_1768669988541 -> 22_1768669988541 [OK]
[01:20:51] [assets] [categories] 23 -> 23 [OK]
[01:20:51] [assets] [categories] 23_1768669988547 -> 23_1768669988547 [OK]
[01:20:51] [assets] [categories] 24 -> 24 [OK]
[01:20:51] [assets] [categories] 24_1768669988550 -> 24_1768669988550 [OK]
[01:20:51] [assets] [categories] 25 -> 25 [OK]
[01:20:51] [assets] [categories] 25_1768669988554 -> 25_1768669988554 [OK]
[01:20:51] [assets] [categories] 26 -> 26 [OK]
[01:20:51] [assets] [categories] 26_1768669988559 -> 26_1768669988559 [OK]
[01:20:51] [assets] [categories] 27 -> 27 [OK]
[01:20:51] [assets] [categories] 27_1768669988563 -> 27_1768669988563 [OK]
[01:20:51] [assets] [categories] 28 -> 28 [OK]
[01:20:51] [assets] [categories] 28_1768669988565 -> 28_1768669988565 [OK]
[01:20:51] [assets] [categories] 29 -> 29 [OK]
[01:20:51] [assets] [categories] 29_1768669988569 -> 29_1768669988569 [OK]
[01:20:51] [assets] [categories] 2_1768669988530 -> 2_1768669988530 [OK]
[01:20:51] [assets] [categories] 3 -> 3 [OK]
[01:20:51] [assets] [categories] 30 -> 30 [OK]
[01:20:51] [assets] [categories] 30_1768669988575 -> 30_1768669988575 [OK]
[01:20:51] [assets] [categories] 31 -> 31 [OK]
[01:20:51] [assets] [categories] 31_1768669988578 -> 31_1768669988578 [OK]
[01:20:51] [assets] [categories] 3_1768669988572 -> 3_1768669988572 [OK]
[01:20:51] [assets] [categories] 5 -> 5 [OK]
[01:20:51] [assets] [categories] 5_1768669988580 -> 5_1768669988580 [OK]
[01:20:51] [assets] [categories] 6 -> 6 [OK]
[01:20:51] [assets] [categories] 6_1768669988584 -> 6_1768669988584 [OK]
[01:20:51] [assets] [categories] 8 -> 8 [OK]
[01:20:51] [assets] [categories] 8_1768669988586 -> 8_1768669988586 [OK]
[01:20:51] [assets] [categories] 9 -> 9 [OK]
[01:20:51] [assets] [categories] 9_1768669988589 -> 9_1768669988589 [OK]
[01:20:51] [assets] [customers] 10 -> 10 [OK]
[01:20:51] [assets] [customers] 10_1768669988593 -> 10_1768669988593 [OK]
[01:20:51] [assets] [customers] 18 -> 18 [OK]
[01:20:51] [assets] [customers] 18_1768669988595 -> 18_1768669988595 [OK]
[01:20:51] [assets] [customers] 7 -> 7 [OK]
[01:20:51] [assets] [customers] 7_1768669988598 -> 7_1768669988598 [OK]
[01:20:51] [assets] [customers] 87 -> 87 [OK]
[01:20:51] [assets] [customers] 87_1768669988600 -> 87_1768669988600 [OK]
[01:20:51] [assets] [customers] 88 -> 88 [OK]
[01:20:51] [assets] [customers] 88_1768669988604 -> 88_1768669988604 [OK]
[01:20:51] [assets] [products] 1 -> 1 [OK]
[01:20:51] [assets] [products] 10 -> 10 [OK]
[01:20:51] [assets] [products] 100 -> 100 [OK]
[01:20:51] [assets] [products] 100_1768669988615 -> 100_1768669988615 [OK]
[01:20:51] [assets] [products] 101 -> 101 [OK]
[01:20:51] [assets] [products] 101_1768669988619 -> 101_1768669988619 [OK]
[01:20:51] [assets] [products] 102 -> 102 [OK]
[01:20:51] [assets] [products] 102_1768669988622 -> 102_1768669988622 [OK]
[01:20:51] [assets] [products] 103 -> 103 [OK]
[01:20:51] [assets] [products] 103_1768669988625 -> 103_1768669988625 [OK]
[01:20:51] [assets] [products] 104 -> 104 [OK]
[01:20:51] [assets] [products] 104_1768669988636 -> 104_1768669988636 [OK]
[01:20:51] [assets] [products] 105 -> 105 [OK]
[01:20:51] [assets] [products] 105_1768669988640 -> 105_1768669988640 [OK]
[01:20:51] [assets] [products] 106 -> 106 [OK]
[01:20:51] [assets] [products] 106_1768669988643 -> 106_1768669988643 [OK]
[01:20:51] [assets] [products] 10_1768669988612 -> 10_1768669988612 [OK]
[01:20:51] [assets] [products] 11 -> 11 [OK]
[01:20:51] [assets] [products] 11_1768669988645 -> 11_1768669988645 [OK]
[01:20:51] [assets] [products] 12 -> 12 [OK]
[01:20:51] [assets] [products] 12_1768669988650 -> 12_1768669988650 [OK]
[01:20:51] [assets] [products] 14 -> 14 [OK]
[01:20:51] [assets] [products] 14_1768669988654 -> 14_1768669988654 [OK]
[01:20:51] [assets] [products] 15 -> 15 [OK]
[01:20:51] [assets] [products] 15_1768669988656 -> 15_1768669988656 [OK]
[01:20:51] [assets] [products] 16 -> 16 [OK]
[01:20:51] [assets] [products] 16_1768669988659 -> 16_1768669988659 [OK]
[01:20:51] [assets] [products] 17 -> 17 [OK]
[01:20:51] [assets] [products] 17_1768669988663 -> 17_1768669988663 [OK]
[01:20:51] [assets] [products] 18 -> 18 [OK]
[01:20:51] [assets] [products] 18_1768669988667 -> 18_1768669988667 [OK]
[01:20:51] [assets] [products] 19 -> 19 [OK]
[01:20:51] [assets] [products] 19_1768669988671 -> 19_1768669988671 [OK]
[01:20:51] [assets] [products] 1_1768669988608 -> 1_1768669988608 [OK]
[01:20:51] [assets] [products] 2 -> 2 [OK]
[01:20:51] [assets] [products] 20 -> 20 [OK]
[01:20:51] [assets] [products] 20_1768669988679 -> 20_1768669988679 [OK]
[01:20:51] [assets] [products] 21 -> 21 [OK]
[01:20:51] [assets] [products] 21_1768669988682 -> 21_1768669988682 [OK]
[01:20:51] [assets] [products] 22 -> 22 [OK]
[01:20:51] [assets] [products] 22_1768669988685 -> 22_1768669988685 [OK]
[01:20:51] [assets] [products] 23 -> 23 [OK]
[01:20:51] [assets] [products] 23_1768669988689 -> 23_1768669988689 [OK]
[01:20:51] [assets] [products] 24 -> 24 [OK]
[01:20:51] [assets] [products] 24_1768669988693 -> 24_1768669988693 [OK]
[01:20:51] [assets] [products] 25 -> 25 [OK]
[01:20:51] [assets] [products] 25_1768669988697 -> 25_1768669988697 [OK]
[01:20:51] [assets] [products] 26 -> 26 [OK]
[01:20:51] [assets] [products] 26_1768669988701 -> 26_1768669988701 [OK]
[01:20:51] [assets] [products] 27 -> 27 [OK]
[01:20:51] [assets] [products] 27_1768669988704 -> 27_1768669988704 [OK]
[01:20:51] [assets] [products] 28 -> 28 [OK]
[01:20:51] [assets] [products] 28_1768669988708 -> 28_1768669988708 [OK]
[01:20:51] [assets] [products] 29 -> 29 [OK]
[01:20:51] [assets] [products] 29_1768669988711 -> 29_1768669988711 [OK]
[01:20:51] [assets] [products] 2_1768669988674 -> 2_1768669988674 [OK]
[01:20:51] [assets] [products] 3 -> 3 [OK]
[01:20:51] [assets] [products] 30 -> 30 [OK]
[01:20:51] [assets] [products] 30_1768669988716 -> 30_1768669988716 [OK]
[01:20:52] [assets] [products] 31 -> 31 [OK]
[01:20:52] [assets] [products] 31_1768669988719 -> 31_1768669988719 [OK]
[01:20:52] [assets] [products] 32 -> 32 [OK]
[01:20:52] [assets] [products] 32_1768669988724 -> 32_1768669988724 [OK]
[01:20:52] [assets] [products] 33 -> 33 [OK]
[01:20:52] [assets] [products] 33_1768669988727 -> 33_1768669988727 [OK]
[01:20:52] [assets] [products] 34 -> 34 [OK]
[01:20:52] [assets] [products] 34_1768669988730 -> 34_1768669988730 [OK]
[01:20:52] [assets] [products] 35 -> 35 [OK]
[01:20:52] [assets] [products] 35_1768669988733 -> 35_1768669988733 [OK]
[01:20:52] [assets] [products] 36 -> 36 [OK]
[01:20:52] [assets] [products] 36_1768669988736 -> 36_1768669988736 [OK]
[01:20:52] [assets] [products] 37 -> 37 [OK]
[01:20:52] [assets] [products] 37_1768669988743 -> 37_1768669988743 [OK]
[01:20:52] [assets] [products] 38 -> 38 [OK]
[01:20:52] [assets] [products] 38_1768669988748 -> 38_1768669988748 [OK]
[01:20:52] [assets] [products] 39 -> 39 [OK]
[01:20:52] [assets] [products] 39_1768669988751 -> 39_1768669988751 [OK]
[01:20:52] [assets] [products] 3_1768669988715 -> 3_1768669988715 [OK]
[01:20:52] [assets] [products] 40 -> 40 [OK]
[01:20:52] [assets] [products] 40_1768669988754 -> 40_1768669988754 [OK]
[01:20:52] [assets] [products] 41 -> 41 [OK]
[01:20:52] [assets] [products] 41_1768669988758 -> 41_1768669988758 [OK]
[01:20:52] [assets] [products] 42 -> 42 [OK]
[01:20:52] [assets] [products] 42_1768669988762 -> 42_1768669988762 [OK]
[01:20:52] [assets] [products] 43 -> 43 [OK]
[01:20:52] [assets] [products] 43_1768669988766 -> 43_1768669988766 [OK]
[01:20:52] [assets] [products] 44 -> 44 [OK]
[01:20:52] [assets] [products] 44_1768669988770 -> 44_1768669988770 [OK]
[01:20:52] [assets] [products] 45 -> 45 [OK]
[01:20:52] [assets] [products] 45_1768669988772 -> 45_1768669988772 [OK]
[01:20:52] [assets] [products] 46 -> 46 [OK]
[01:20:52] [assets] [products] 46_1768669988776 -> 46_1768669988776 [OK]
[01:20:52] [assets] [products] 47 -> 47 [OK]
[01:20:52] [assets] [products] 47_1768669988779 -> 47_1768669988779 [OK]
[01:20:52] [assets] [products] 48_1768669988782 -> 48_1768669988782 [OK]
[01:20:52] [assets] [products] 48_1768685374204 -> 48_1768685374204 [OK]
[01:20:52] [assets] [products] 49 -> 49 [OK]
[01:20:52] [assets] [products] 49_1768669988788 -> 49_1768669988788 [OK]
[01:20:52] [assets] [products] 50 -> 50 [OK]
[01:20:52] [assets] [products] 50_1768669988792 -> 50_1768669988792 [OK]
[01:20:52] [assets] [products] 51 -> 51 [OK]
[01:20:52] [assets] [products] 51_1768669988795 -> 51_1768669988795 [OK]
[01:20:52] [assets] [products] 52 -> 52 [OK]
[01:20:52] [assets] [products] 52_1768669988800 -> 52_1768669988800 [OK]
[01:20:52] [assets] [products] 53 -> 53 [OK]
[01:20:52] [assets] [products] 53_1768669988803 -> 53_1768669988803 [OK]
[01:20:52] [assets] [products] 54 -> 54 [OK]
[01:20:52] [assets] [products] 54_1768669988806 -> 54_1768669988806 [OK]
[01:20:52] [assets] [products] 55 -> 55 [OK]
[01:20:52] [assets] [products] 55_1768669988809 -> 55_1768669988809 [OK]
[01:20:52] [assets] [products] 56 -> 56 [OK]
[01:20:52] [assets] [products] 56_1768669988813 -> 56_1768669988813 [OK]
[01:20:52] [assets] [products] 57 -> 57 [OK]
[01:20:52] [assets] [products] 57_1768669988817 -> 57_1768669988817 [OK]
[01:20:52] [assets] [products] 58 -> 58 [OK]
[01:20:52] [assets] [products] 58_1768669988818 -> 58_1768669988818 [OK]
[01:20:52] [assets] [products] 59 -> 59 [OK]
[01:20:52] [assets] [products] 59_1768669988822 -> 59_1768669988822 [OK]
[01:20:52] [assets] [products] 6 -> 6 [OK]
[01:20:52] [assets] [products] 60 -> 60 [OK]
[01:20:52] [assets] [products] 60_1768669988830 -> 60_1768669988830 [OK]
[01:20:52] [assets] [products] 61 -> 61 [OK]
[01:20:52] [assets] [products] 61_1768669988834 -> 61_1768669988834 [OK]
[01:20:52] [assets] [products] 62 -> 62 [OK]
[01:20:52] [assets] [products] 62_1768669988837 -> 62_1768669988837 [OK]
[01:20:52] [assets] [products] 63 -> 63 [OK]
[01:20:52] [assets] [products] 63_1768669988841 -> 63_1768669988841 [OK]
[01:20:52] [assets] [products] 64 -> 64 [OK]
[01:20:52] [assets] [products] 64_1768669988897 -> 64_1768669988897 [OK]
[01:20:52] [assets] [products] 65 -> 65 [OK]
[01:20:52] [assets] [products] 65_1768669988902 -> 65_1768669988902 [OK]
[01:20:52] [assets] [products] 66 -> 66 [OK]
[01:20:52] [assets] [products] 66_1768669988905 -> 66_1768669988905 [OK]
[01:20:52] [assets] [products] 67 -> 67 [OK]
[01:20:52] [assets] [products] 67_1768669988910 -> 67_1768669988910 [OK]
[01:20:52] [assets] [products] 68 -> 68 [OK]
[01:20:52] [assets] [products] 68_1768669988913 -> 68_1768669988913 [OK]
[01:20:52] [assets] [products] 69 -> 69 [OK]
[01:20:52] [assets] [products] 69_1768669988924 -> 69_1768669988924 [OK]
[01:20:52] [assets] [products] 6_1768669988826 -> 6_1768669988826 [OK]
[01:20:52] [assets] [products] 70 -> 70 [OK]
[01:20:52] [assets] [products] 70_1768669988932 -> 70_1768669988932 [OK]
[01:20:52] [assets] [products] 71 -> 71 [OK]
[01:20:52] [assets] [products] 71_1768669988940 -> 71_1768669988940 [OK]
[01:20:52] [assets] [products] 73 -> 73 [OK]
[01:20:52] [assets] [products] 73_1768669988943 -> 73_1768669988943 [OK]
[01:20:52] [assets] [products] 74 -> 74 [OK]
[01:20:52] [assets] [products] 74_1768669989024 -> 74_1768669989024 [OK]
[01:20:52] [assets] [products] 75 -> 75 [OK]
[01:20:52] [assets] [products] 75_1768669989041 -> 75_1768669989041 [OK]
[01:20:52] [assets] [products] 76 -> 76 [OK]
[01:20:52] [assets] [products] 76_1768669989135 -> 76_1768669989135 [OK]
[01:20:52] [assets] [products] 77 -> 77 [OK]
[01:20:52] [assets] [products] 77_1768669989143 -> 77_1768669989143 [OK]
[01:20:52] [assets] [products] 78 -> 78 [OK]
[01:20:52] [assets] [products] 78_1768669989146 -> 78_1768669989146 [OK]
[01:20:52] [assets] [products] 79 -> 79 [OK]
[01:20:52] [assets] [products] 79_1768669989153 -> 79_1768669989153 [OK]
[01:20:52] [assets] [products] 8 -> 8 [OK]
[01:20:52] [assets] [products] 80 -> 80 [OK]
[01:20:52] [assets] [products] 80_1768669989181 -> 80_1768669989181 [OK]
[01:20:52] [assets] [products] 81 -> 81 [OK]
[01:20:52] [assets] [products] 81_1768669989185 -> 81_1768669989185 [OK]
[01:20:52] [assets] [products] 82 -> 82 [OK]
[01:20:52] [assets] [products] 82_1768669989188 -> 82_1768669989188 [OK]
[01:20:52] [assets] [products] 83 -> 83 [OK]
[01:20:52] [assets] [products] 83_1768669989192 -> 83_1768669989192 [OK]
[01:20:52] [assets] [products] 84 -> 84 [OK]
[01:20:52] [assets] [products] 84_1768669989210 -> 84_1768669989210 [OK]
[01:20:52] [assets] [products] 85 -> 85 [OK]
[01:20:52] [assets] [products] 85_1768669989217 -> 85_1768669989217 [OK]
[01:20:52] [assets] [products] 86 -> 86 [OK]
[01:20:52] [assets] [products] 86_1768669989226 -> 86_1768669989226 [OK]
[01:20:52] [assets] [products] 87 -> 87 [OK]
[01:20:52] [assets] [products] 87_1768669989228 -> 87_1768669989228 [OK]
[01:20:52] [assets] [products] 87_1769033356749 -> 87_1769033356749 [OK]
[01:20:52] [assets] [products] 88 -> 88 [OK]
[01:20:52] [assets] [products] 88_1768669989231 -> 88_1768669989231 [OK]
[01:20:52] [assets] [products] 89 -> 89 [OK]
[01:20:52] [assets] [products] 89_1768669989236 -> 89_1768669989236 [OK]
[01:20:52] [assets] [products] 8_1768669989177 -> 8_1768669989177 [OK]
[01:20:52] [assets] [products] 9 -> 9 [OK]
[01:20:52] [assets] [products] 90 -> 90 [OK]
[01:20:52] [assets] [products] 90_1768669989243 -> 90_1768669989243 [OK]
[01:20:52] [assets] [products] 91 -> 91 [OK]
[01:20:52] [assets] [products] 91_1768669989245 -> 91_1768669989245 [OK]
[01:20:52] [assets] [products] 92 -> 92 [OK]
[01:20:52] [assets] [products] 92_1768669989248 -> 92_1768669989248 [OK]
[01:20:52] [assets] [products] 93 -> 93 [OK]
[01:20:52] [assets] [products] 93_1768669989250 -> 93_1768669989250 [OK]
[01:20:52] [assets] [products] 94 -> 94 [OK]
[01:20:52] [assets] [products] 94_1768669989277 -> 94_1768669989277 [OK]
[01:20:52] [assets] [products] 95 -> 95 [OK]
[01:20:52] [assets] [products] 95_1768669989281 -> 95_1768669989281 [OK]
[01:20:52] [assets] [products] 96 -> 96 [OK]
[01:20:52] [assets] [products] 96_1768669989285 -> 96_1768669989285 [OK]
[01:20:52] [assets] [products] 97 -> 97 [OK]
[01:20:52] [assets] [products] 97_1768669989290 -> 97_1768669989290 [OK]
[01:20:52] [assets] [products] 98 -> 98 [OK]
[01:20:52] [assets] [products] 98_1768669989297 -> 98_1768669989297 [OK]
[01:20:52] [assets] [products] 99 -> 99 [OK]
[01:20:52] [assets] [products] 99_1768669989356 -> 99_1768669989356 [OK]
[01:20:52] [assets] [products] 9_1768669989239 -> 9_1768669989239 [OK]
[01:20:52] [assets] [profile] 3c5f02a6_75b2d7c2.png -> 3c5f02a6_75b2d7c2.png [OK]
[01:20:52] [assets] [profile] 3c5f02a6_75b2d7c2.png_1768669989365 -> 3c5f02a6_75b2d7c2.png_1768669989365 [OK]
[01:20:52] [assets] [profile] Apigee-512-color.png -> Apigee-512-color.png [OK]
[01:20:52] [assets] [profile] Apigee-512-color.png_1768669989368 -> Apigee-512-color.png_1768669989368 [OK]
[01:20:52] [assets] [users] 1 -> 1 [OK]
[01:20:52] [assets] [users] 18 -> 18 [OK]
[01:20:52] [assets] [users] 18_1768669989374 -> 18_1768669989374 [OK]
[01:20:52] [assets] [users] 1_1768669989371 -> 1_1768669989371 [OK]
[01:20:52] [assets] [users] 36 -> 36 [OK]
[01:20:52] [assets] [users] 36_1768669989808 -> 36_1768669989808 [OK]
[01:20:52] [assets] [users] 36_1768709890462 -> 36_1768709890462 [OK]
[01:20:52] [assets] [users] 6 -> 6 [OK]
[01:20:52] [assets] [users] 6_1768669989812 -> 6_1768669989812 [OK]
=========================================
MIGRATION SUMMARY
Total Tenants Processed: 125
Total Files Moved: 977
Errors: 0
=========================================
